21:22:27.757 [main                     ] DEBUG Logger               - Configured Logger
21:22:27.764 [main                     ] DEBUG GameApplication      - Logging settings
Title: Space Invaders
Version: 0.0
Width: 2400
Height: 1440
Fullscreen: false
Intro: false
Profiling: false
Single step:false
App Mode: DEVELOPER
Menu Key: ESCAPE
Stage Style: DECORATED
Scene Factory: class com.almasb.fxgl.app.scene.SceneFactory

21:22:28.185 [JavaFX Application Thread] DEBUG FXGLApplication      - Initializing FXGL
21:22:28.190 [JavaFX Application Thread] INFO  Engine               - FXGL-25 (05.02.2026 22.57) on LINUX (J:25.0.2 FX:25.0.1)
21:22:28.191 [JavaFX Application Thread] DEBUG Engine               - JRE Vendor Name: Eclipse Adoptium
21:22:28.191 [JavaFX Application Thread] DEBUG Engine               - Running on OS: Linux version 6.19.9-1-default
21:22:28.191 [JavaFX Application Thread] DEBUG Engine               - Architecture: amd64
21:22:28.191 [JavaFX Application Thread] INFO  Engine               - Source code and latest versions at: https://github.com/AlmasB/FXGL
21:22:28.191 [JavaFX Application Thread] INFO  Engine               -       Ask questions and discuss at: https://github.com/AlmasB/FXGL/discussions
21:22:28.294 [JavaFX Application Thread] DEBUG PrimaryStageWindow   - Creating a JavaFX scene
21:22:28.431 [JavaFX Application Thread] DEBUG PrimaryStageWindow   - Target settings size: 2400.0 x 1440.0
21:22:28.431 [JavaFX Application Thread] DEBUG PrimaryStageWindow   - Scaled scene size:    2400.0 x 1440.0
21:22:28.432 [JavaFX Application Thread] DEBUG PrimaryStageWindow   - Scaled ratio: (1.0, 1.0)
21:22:28.434 [JavaFX Application Thread] DEBUG PrimaryStageWindow   - Set initial scene to FXGLStartupScene
21:22:28.442 [JavaFX Application Thread] DEBUG PrimaryStageWindow   - Opening main window
21:22:28.482 [JavaFX Application Thread] DEBUG PrimaryStageWindow   - Window border size: (0.0, 35.0)
21:22:28.482 [JavaFX Application Thread] DEBUG PrimaryStageWindow   - Scaled size: 2400.0 x 1405.0
21:22:28.482 [JavaFX Application Thread] DEBUG PrimaryStageWindow   - Scaled ratio: (1.0, 0.9756944444444444)
21:22:28.483 [JavaFX Application Thread] DEBUG PrimaryStageWindow   - Scene size: 2400.0 x 1440.0
21:22:28.483 [JavaFX Application Thread] DEBUG PrimaryStageWindow   - Stage size: 2400.0 x 1440.0
21:22:28.490 [FXGL Background Thread 1 ] DEBUG Engine               - Initializing environment variables
21:22:28.598 [FXGL Background Thread 1 ] DEBUG FXGLAssetLoaderServi - User app class for loading assets: class org.example.SpaceInvadersApp
21:22:28.601 [FXGL Background Thread 1 ] DEBUG GameApplicationServi - Applying CSS: fxgl_dark.css
21:22:28.607 [FXGL Background Thread 1 ] DEBUG FXGLAssetLoaderServi - Loading from file system: jar:file:/home/max/.m2/repository/com/github/almasb/fxgl/25/fxgl-25.jar!/fxglassets/ui/css/fxgl_dark.css
21:22:28.744 [FXGL Background Thread 1 ] DEBUG GameApplicationServi - Initializing application scenes
21:22:28.885 [FXGL Background Thread 1 ] DEBUG GameWorld            - Game world initialized
21:22:28.926 [FXGL Background Thread 1 ] DEBUG PhysicsWorld         - Physics world initialized: appHeight=1440, physics.ppm=50,0
21:22:28.926 [FXGL Background Thread 1 ] DEBUG PhysicsWorld         - Using strategy: BRUTE_FORCE
21:22:28.930 [FXGL Background Thread 1 ] DEBUG GameScene            - Game scene initialized: 2400x1440
21:22:28.941 [FXGL Background Thread 1 ] DEBUG FXGL.DefaultMenu     - createMenuBodyGameMenu()
21:22:28.956 [FXGL Background Thread 1 ] DEBUG FXGL.DefaultMenu     - createOptionsMenu()
21:22:28.964 [FXGL Background Thread 1 ] DEBUG FXGLAssetLoaderServi - Loading from file system: jar:file:/home/max/.m2/repository/com/github/almasb/fxgl/25/fxgl-25.jar!/fxglassets/textures/particles/smoke.png
21:22:29.052 [FXGL Background Thread 1 ] DEBUG FXGLAssetLoaderServi - Loading from file system: jar:file:/home/max/.m2/repository/com/github/almasb/fxgl/25/fxgl-25.jar!/fxglassets/textures/particles/trace_horizontal.png
21:22:29.078 [FXGL Background Thread 1 ] DEBUG GameApplicationServi - Application scenes initialized
21:22:29.096 [FXGL Background Thread 1 ] DEBUG SystemBundleService  - Loading FXGL system data
21:22:29.100 [FXGL Background Thread 1 ] DEBUG FileSystemAccess     - Reading from: /home/max/Dokumente/referendariat/SJ2022_2023/informatik/tgi_12/projekte/spaceInvaders/system/fxgl.bundle
21:22:29.104 [FXGL Background Thread 1 ] DEBUG SystemBundleService  - Bundle FXGL: {}
21:22:29.104 [FXGL Background Thread 1 ] DEBUG UpdaterService       - Checking for updates
21:22:29.113 [FXGL Background Thread 4 ] DEBUG FXGLApplication      - Loading fonts
21:22:29.114 [FXGL Background Thread 4 ] DEBUG FXGLAssetLoaderServi - Loading from file system: jar:file:/home/max/.m2/repository/com/github/almasb/fxgl/25/fxgl-25.jar!/fxglassets/ui/fonts/VarelaRound-Regular.ttf
21:22:29.114 [FXGL Background Thread 1 ] DEBUG FXGLApplication      - Loading default localization
21:22:29.114 [FXGL Background Thread 1 ] DEBUG FXGLAssetLoaderServi - Loading from file system: jar:file:/home/max/.m2/repository/com/github/almasb/fxgl/25/fxgl-25.jar!/fxglassets/languages/english.lang
21:22:29.121 [FXGL Background Thread 4 ] DEBUG FXGLAssetLoaderServi - Loading from file system: jar:file:/home/max/.m2/repository/com/github/almasb/fxgl/25/fxgl-25.jar!/fxglassets/ui/fonts/Abel-Regular.ttf
21:22:29.122 [FXGL Background Thread 4 ] DEBUG FXGLAssetLoaderServi - Loading from file system: jar:file:/home/max/.m2/repository/com/github/almasb/fxgl/25/fxgl-25.jar!/fxglassets/ui/fonts/TerminalLandMono-Regular.otf
21:22:29.124 [FXGL Background Thread 4 ] DEBUG FXGLAssetLoaderServi - Loading from file system: jar:file:/home/max/.m2/repository/com/github/almasb/fxgl/25/fxgl-25.jar!/fxglassets/ui/fonts/Courier-Prime.ttf
21:22:29.131 [JavaFX Application Thread] DEBUG FXGLApplication      - Registering font factories with UI factory
21:22:29.134 [FXGL Background Thread 1 ] INFO  FXGLApplication      - FXGL initialization took: 0,644 sec
21:22:29.142 [JavaFX Application Thread] DEBUG Input                - Registered new binding: action0 - A
21:22:29.143 [JavaFX Application Thread] DEBUG Input                - Registered new binding: action1 - D
21:22:29.143 [JavaFX Application Thread] DEBUG Input                - Registered new binding: action2 - L
21:22:29.143 [JavaFX Application Thread] DEBUG Input                - Registered new binding: action3 - K
21:22:29.144 [JavaFX Application Thread] DEBUG Input                - Registered new binding: action4 - Space
21:22:29.145 [JavaFX Application Thread] DEBUG Input                - Registered new binding: action5 - Q
21:22:29.145 [JavaFX Application Thread] DEBUG FXGLAssetLoaderServi - Loading from file system: jar:file:/home/max/.m2/repository/com/github/almasb/fxgl/25/fxgl-25.jar!/fxglassets/textures/fxgl_icon.png
21:22:29.185 [JavaFX Application Thread] DEBUG FXGLAssetLoaderServi - Loading from file system: jar:file:/home/max/.m2/repository/com/github/almasb/fxgl/25/fxgl-25.jar!/fxglassets/textures/fxgl_default_cursor.png
21:22:29.188 [JavaFX Application Thread] DEBUG Input                - Registered new binding: Screenshot - CTRL+8
21:22:29.188 [JavaFX Application Thread] DEBUG Input                - Registered new binding: System info dump - CTRL+9
21:22:29.188 [JavaFX Application Thread] DEBUG Input                - Registered new binding: Restart - CTRL+R
21:22:29.190 [JavaFX Application Thread] DEBUG Input                - Registered new binding: Toggle Debug Camera - CTRL+7
21:22:29.193 [JavaFX Application Thread] DEBUG LoopRunner           - Starting loop
21:22:29.193 [JavaFX Application Thread] DEBUG LoopRunner           - Initializing JavaFX AnimationTimerLoop
21:22:29.195 [JavaFX Application Thread] DEBUG GameApplicationServi - Starting new game
21:22:29.196 [JavaFX Application Thread] DEBUG Input                - Clearing active input actions
21:22:29.210 [JavaFX Application Thread] DEBUG GameApplicationServi - Removing overlay from FXGLStartupScene and adding to FXGLLoadingScene
21:22:29.210 [JavaFX Application Thread] DEBUG PrimaryStageWindow   - FXGLStartupScene -> FXGLLoadingScene
21:22:29.210 [JavaFX Application Thread] DEBUG GameApplicationServi - Clearing previous game
21:22:29.210 [JavaFX Application Thread] DEBUG GameScene            - Clearing game scene
21:22:29.210 [JavaFX Application Thread] DEBUG GameWorld            - Clearing game world
21:22:29.211 [JavaFX Application Thread] DEBUG PhysicsWorld         - Clearing physics world
21:22:29.212 [FXGL Background Thread 1 ] DEBUG FXGLApplication      - Initializing game
21:22:29.223 [FXGL Background Thread 1 ] INFO  FXGLApplication      - Game initialization took: 0,011 sec
21:22:29.342 [JavaFX Application Thread] DEBUG Input                - Clearing active input actions
21:22:29.363 [JavaFX Application Thread] DEBUG GameApplicationServi - Removing overlay from FXGLLoadingScene and adding to GameScene
21:22:29.364 [JavaFX Application Thread] DEBUG PrimaryStageWindow   - FXGLLoadingScene -> GameScene
21:22:32.111 [FXGL Background Thread 3 ] DEBUG Engine               - Logging environment variables
21:22:32.112 [FXGL Background Thread 3 ] DEBUG Engine               - achievements: []
21:22:32.112 [FXGL Background Thread 3 ] DEBUG Engine               - actualHeight: 1405.0
21:22:32.112 [FXGL Background Thread 3 ] DEBUG Engine               - actualHeightProperty: ReadOnlyDoubleProperty [value: 1442.0]
21:22:32.112 [FXGL Background Thread 3 ] DEBUG Engine               - actualWidth: 2400.0
21:22:32.112 [FXGL Background Thread 3 ] DEBUG Engine               - actualWidthProperty: ReadOnlyDoubleProperty [value: 2400.0]
21:22:32.112 [FXGL Background Thread 3 ] DEBUG Engine               - appIcon: fxgl_icon.png
21:22:32.112 [FXGL Background Thread 3 ] DEBUG Engine               - applicationMode: DEVELOPER
21:22:32.112 [FXGL Background Thread 3 ] DEBUG Engine               - cSSList: [fxgl_dark.css]
21:22:32.113 [FXGL Background Thread 3 ] DEBUG Engine               - collisionDetectionStrategy: BRUTE_FORCE
21:22:32.113 [FXGL Background Thread 3 ] DEBUG Engine               - configClass: Optional.empty
21:22:32.113 [FXGL Background Thread 3 ] DEBUG Engine               - credits: []
21:22:32.113 [FXGL Background Thread 3 ] DEBUG Engine               - defaultCursor: CursorInfo(imageName=fxgl_default_cursor.png, hotspotX=7.0, hotspotY=6.0)
21:22:32.114 [FXGL Background Thread 3 ] DEBUG Engine               - devBBoxColorProperty: ObjectProperty [value: 0xff0000ff]
21:22:32.114 [FXGL Background Thread 3 ] DEBUG Engine               - devEnableDebugCameraProperty: BooleanProperty [value: false]
21:22:32.115 [FXGL Background Thread 3 ] DEBUG Engine               - devSensorColorProperty: ObjectProperty [value: 0xffff00ff]
21:22:32.115 [FXGL Background Thread 3 ] DEBUG Engine               - devShowBBoxProperty: BooleanProperty [value: false]
21:22:32.115 [FXGL Background Thread 3 ] DEBUG Engine               - devShowPositionProperty: BooleanProperty [value: false]
21:22:32.115 [FXGL Background Thread 3 ] DEBUG Engine               - enabledMenuItems: []
21:22:32.115 [FXGL Background Thread 3 ] DEBUG Engine               - engineServices: [class com.almasb.fxgl.app.services.FXGLAssetLoaderService, class com.almasb.fxgl.app.FXGLApplication$GameApplicationService, class com.almasb.fxgl.app.services.FXGLDialogService, class com.almasb.fxgl.app.services.IOTaskExecutorService, class com.almasb.fxgl.io.FileSystemService, class com.almasb.fxgl.localization.LocalizationService, class com.almasb.fxgl.app.services.SystemBundleService, class com.almasb.fxgl.profile.SaveLoadService, class com.almasb.fxgl.ui.FXGLUIFactoryServiceProvider, class com.almasb.fxgl.ui.FXGLDialogFactoryServiceProvider, class com.almasb.fxgl.audio.AudioPlayer, class com.almasb.fxgl.notification.impl.NotificationServiceProvider, class com.almasb.fxgl.achievement.AchievementService, class com.almasb.fxgl.cutscene.CutsceneService, class com.almasb.fxgl.minigames.MiniGameService, class com.almasb.fxgl.net.NetService, class com.almasb.fxgl.app.services.UpdaterService, class com.almasb.fxgl.dev.DevService]
21:22:32.115 [FXGL Background Thread 3 ] DEBUG Engine               - fontGame: Abel-Regular.ttf
21:22:32.115 [FXGL Background Thread 3 ] DEBUG Engine               - fontMono: TerminalLandMono-Regular.otf
21:22:32.115 [FXGL Background Thread 3 ] DEBUG Engine               - fontSizeScaleUI: 1.0
21:22:32.116 [FXGL Background Thread 3 ] DEBUG Engine               - fontText: Courier-Prime.ttf
21:22:32.116 [FXGL Background Thread 3 ] DEBUG Engine               - fontUI: VarelaRound-Regular.ttf
21:22:32.116 [FXGL Background Thread 3 ] DEBUG Engine               - fpsRefreshRate: 500.0 ms
21:22:32.116 [FXGL Background Thread 3 ] DEBUG Engine               - fullScreen: BooleanProperty [value: false]
21:22:32.116 [FXGL Background Thread 3 ] DEBUG Engine               - gameDifficulty: MEDIUM
21:22:32.116 [FXGL Background Thread 3 ] DEBUG Engine               - gameDifficultyProperty: ObjectProperty [value: MEDIUM]
21:22:32.116 [FXGL Background Thread 3 ] DEBUG Engine               - globalMusicVolume: 0.5
21:22:32.116 [FXGL Background Thread 3 ] DEBUG Engine               - globalMusicVolumeProperty: DoubleProperty [value: 0.5]
21:22:32.116 [FXGL Background Thread 3 ] DEBUG Engine               - globalSoundVolume: 0.5
21:22:32.116 [FXGL Background Thread 3 ] DEBUG Engine               - globalSoundVolumeProperty: DoubleProperty [value: 0.5]
21:22:32.116 [FXGL Background Thread 3 ] DEBUG Engine               - height: 1440
21:22:32.117 [FXGL Background Thread 3 ] DEBUG Engine               - is3D: false
21:22:32.117 [FXGL Background Thread 3 ] DEBUG Engine               - isAndroid: false
21:22:32.117 [FXGL Background Thread 3 ] DEBUG Engine               - isBrowser: false
21:22:32.117 [FXGL Background Thread 3 ] DEBUG Engine               - isClickFeedbackEnabled: false
21:22:32.117 [FXGL Background Thread 3 ] DEBUG Engine               - isCloseConfirmation: false
21:22:32.117 [FXGL Background Thread 3 ] DEBUG Engine               - isDesktop: true
21:22:32.117 [FXGL Background Thread 3 ] DEBUG Engine               - isDeveloperMenuEnabled: false
21:22:32.117 [FXGL Background Thread 3 ] DEBUG Engine               - isEmbedded: false
21:22:32.117 [FXGL Background Thread 3 ] DEBUG Engine               - isEntityPreloadEnabled: true
21:22:32.117 [FXGL Background Thread 3 ] DEBUG Engine               - isExperimentalTiledLargeMap: false
21:22:32.117 [FXGL Background Thread 3 ] DEBUG Engine               - isFileSystemWriteAllowed: true
21:22:32.117 [FXGL Background Thread 3 ] DEBUG Engine               - isFullScreenAllowed: false
21:22:32.118 [FXGL Background Thread 3 ] DEBUG Engine               - isFullScreenFromStart: false
21:22:32.118 [FXGL Background Thread 3 ] DEBUG Engine               - isGameMenuEnabled: true
21:22:32.118 [FXGL Background Thread 3 ] DEBUG Engine               - isIOS: false
21:22:32.118 [FXGL Background Thread 3 ] DEBUG Engine               - isIntroEnabled: false
21:22:32.118 [FXGL Background Thread 3 ] DEBUG Engine               - isLinux: true
21:22:32.118 [FXGL Background Thread 3 ] DEBUG Engine               - isMac: false
21:22:32.118 [FXGL Background Thread 3 ] DEBUG Engine               - isMainMenuEnabled: false
21:22:32.119 [FXGL Background Thread 3 ] DEBUG Engine               - isManualResizeEnabled: false
21:22:32.119 [FXGL Background Thread 3 ] DEBUG Engine               - isMobile: false
21:22:32.119 [FXGL Background Thread 3 ] DEBUG Engine               - isNative: false
21:22:32.119 [FXGL Background Thread 3 ] DEBUG Engine               - isPauseMusicWhenMinimized: true
21:22:32.120 [FXGL Background Thread 3 ] DEBUG Engine               - isPreserveResizeRatio: false
21:22:32.120 [FXGL Background Thread 3 ] DEBUG Engine               - isProfilingEnabled: false
21:22:32.120 [FXGL Background Thread 3 ] DEBUG Engine               - isScaleAffectedOnResize: true
21:22:32.120 [FXGL Background Thread 3 ] DEBUG Engine               - isSingleStep: false
21:22:32.120 [FXGL Background Thread 3 ] DEBUG Engine               - isUserProfileEnabled: false
21:22:32.120 [FXGL Background Thread 3 ] DEBUG Engine               - isWindows: false
21:22:32.120 [FXGL Background Thread 3 ] DEBUG Engine               - language: ObjectProperty [value: ENGLISH]
21:22:32.120 [FXGL Background Thread 3 ] DEBUG Engine               - menuKey: ESCAPE
21:22:32.120 [FXGL Background Thread 3 ] DEBUG Engine               - mouseSensitivity: 0.2
21:22:32.120 [FXGL Background Thread 3 ] DEBUG Engine               - notificationViewClass: class com.almasb.fxgl.notification.view.XboxNotificationView
21:22:32.121 [FXGL Background Thread 3 ] DEBUG Engine               - pixelsPerMeter: 50.0
21:22:32.121 [FXGL Background Thread 3 ] DEBUG Engine               - platform: LINUX
21:22:32.121 [FXGL Background Thread 3 ] DEBUG Engine               - prefHeightProperty: ReadOnlyDoubleProperty [value: 1440.0]
21:22:32.121 [FXGL Background Thread 3 ] DEBUG Engine               - prefWidthProperty: ReadOnlyDoubleProperty [value: 2400.0]
21:22:32.121 [FXGL Background Thread 3 ] DEBUG Engine               - profileDir: profiles/
21:22:32.121 [FXGL Background Thread 3 ] DEBUG Engine               - profileName: StringProperty [value: DEFAULT]
21:22:32.121 [FXGL Background Thread 3 ] DEBUG Engine               - randomSeed: -1
21:22:32.121 [FXGL Background Thread 3 ] DEBUG Engine               - runtimeInfo: RuntimeInfo(platform=LINUX, version=25, build=05.02.2026 22.57)
21:22:32.121 [FXGL Background Thread 3 ] DEBUG Engine               - saveFileExt: sav
21:22:32.121 [FXGL Background Thread 3 ] DEBUG Engine               - scaledHeightProp$fxgl: DoubleProperty [bound, value: 1442.0]
21:22:32.122 [FXGL Background Thread 3 ] DEBUG Engine               - scaledWidthProp$fxgl: DoubleProperty [bound, value: 2400.0]
21:22:32.122 [FXGL Background Thread 3 ] DEBUG Engine               - sceneFactory: com.almasb.fxgl.app.scene.SceneFactory@76c783cb
21:22:32.122 [FXGL Background Thread 3 ] DEBUG Engine               - secondsIn24h: 60
21:22:32.122 [FXGL Background Thread 3 ] DEBUG Engine               - soundMenuBack: menu/back.wav
21:22:32.122 [FXGL Background Thread 3 ] DEBUG Engine               - soundMenuPress: menu/press.wav
21:22:32.122 [FXGL Background Thread 3 ] DEBUG Engine               - soundMenuSelect: menu/select.wav
21:22:32.122 [FXGL Background Thread 3 ] DEBUG Engine               - soundNotification: core/notification.wav
21:22:32.122 [FXGL Background Thread 3 ] DEBUG Engine               - stageStyle: DECORATED
21:22:32.122 [FXGL Background Thread 3 ] DEBUG Engine               - supportedLanguages: [ENGLISH, FRENCH, GERMAN, HUNGARIAN, RUSSIAN]
21:22:32.122 [FXGL Background Thread 3 ] DEBUG Engine               - ticksPerSecond: -1
21:22:32.122 [FXGL Background Thread 3 ] DEBUG Engine               - title: Space Invaders
21:22:32.122 [FXGL Background Thread 3 ] DEBUG Engine               - urlGithub: https://github.com/AlmasB/FXGL
21:22:32.122 [FXGL Background Thread 3 ] DEBUG Engine               - urlLeaderboard: http://fxgl-top.herokuapp.com/
21:22:32.122 [FXGL Background Thread 3 ] DEBUG Engine               - urlPOM: https://raw.githubusercontent.com/AlmasB/FXGL/release/README.md
21:22:32.122 [FXGL Background Thread 3 ] DEBUG Engine               - userAppClass: class org.example.SpaceInvadersApp
21:22:32.122 [FXGL Background Thread 3 ] DEBUG Engine               - version: 0.0
21:22:32.123 [FXGL Background Thread 3 ] DEBUG Engine               - versionCheckDays: 7
21:22:32.123 [FXGL Background Thread 3 ] DEBUG Engine               - width: 2400
21:22:32.123 [FXGL Background Thread 3 ] DEBUG Engine               - Logging services
21:22:32.123 [FXGL Background Thread 3 ] DEBUG Engine               - class com.almasb.fxgl.app.services.FXGLAssetLoaderService
21:22:32.123 [FXGL Background Thread 3 ] DEBUG Engine               - class com.almasb.fxgl.app.FXGLApplication$GameApplicationService
21:22:32.123 [FXGL Background Thread 3 ] DEBUG Engine               - class com.almasb.fxgl.app.services.FXGLDialogService
21:22:32.123 [FXGL Background Thread 3 ] DEBUG Engine               - class com.almasb.fxgl.app.services.IOTaskExecutorService
21:22:32.123 [FXGL Background Thread 3 ] DEBUG Engine               - class com.almasb.fxgl.io.FileSystemService
21:22:32.123 [FXGL Background Thread 3 ] DEBUG Engine               - class com.almasb.fxgl.localization.LocalizationService
21:22:32.123 [FXGL Background Thread 3 ] DEBUG Engine               - class com.almasb.fxgl.app.services.SystemBundleService
21:22:32.123 [FXGL Background Thread 3 ] DEBUG Engine               - class com.almasb.fxgl.profile.SaveLoadService
21:22:32.123 [FXGL Background Thread 3 ] DEBUG Engine               - class com.almasb.fxgl.ui.FXGLUIFactoryServiceProvider
21:22:32.123 [FXGL Background Thread 3 ] DEBUG Engine               - class com.almasb.fxgl.ui.FXGLDialogFactoryServiceProvider
21:22:32.123 [FXGL Background Thread 3 ] DEBUG Engine               - class com.almasb.fxgl.audio.AudioPlayer
21:22:32.123 [FXGL Background Thread 3 ] DEBUG Engine               - class com.almasb.fxgl.notification.impl.NotificationServiceProvider
21:22:32.123 [FXGL Background Thread 3 ] DEBUG Engine               - class com.almasb.fxgl.achievement.AchievementService
21:22:32.123 [FXGL Background Thread 3 ] DEBUG Engine               - class com.almasb.fxgl.cutscene.CutsceneService
21:22:32.123 [FXGL Background Thread 3 ] DEBUG Engine               - class com.almasb.fxgl.minigames.MiniGameService
21:22:32.123 [FXGL Background Thread 3 ] DEBUG Engine               - class com.almasb.fxgl.net.NetService
21:22:32.124 [FXGL Background Thread 3 ] DEBUG Engine               - class com.almasb.fxgl.app.services.UpdaterService
21:22:32.124 [FXGL Background Thread 3 ] DEBUG Engine               - class com.almasb.fxgl.dev.DevService
21:22:35.526 [JavaFX Application Thread] DEBUG FXGLApplication      - Exiting FXGL
21:22:35.526 [JavaFX Application Thread] DEBUG LoopRunner           - Stopping loop
21:22:35.526 [JavaFX Application Thread] DEBUG SystemBundleService  - Saving FXGL system data
21:22:35.527 [JavaFX Application Thread] DEBUG FileSystemAccess     - Writing to: /home/max/Dokumente/referendariat/SJ2022_2023/informatik/tgi_12/projekte/spaceInvaders/system/fxgl.bundle
21:22:35.527 [JavaFX Application Thread] DEBUG Async                - Shutting down background threads
21:22:35.528 [JavaFX Application Thread] DEBUG PrimaryStageWindow   - Closing main window
21:22:35.531 [JavaFX Application Thread] DEBUG Logger               - Closing Logger
