15:49:42.857 [main                     ] DEBUG Logger               - Configured Logger
15:49:42.871 [main                     ] DEBUG GameApplication      - Logging settings
Title: Space Invaders
Version: 0.0
Width: 2400
Height: 1440
Fullscreen: false
Intro: false
Profiling: false
Single step:false
App Mode: DEVELOPER
Menu Key: ESCAPE
Stage Style: DECORATED
Scene Factory: class com.almasb.fxgl.app.scene.SceneFactory

15:49:43.427 [JavaFX Application Thread] DEBUG FXGLApplication      - Initializing FXGL
15:49:43.430 [JavaFX Application Thread] INFO  Engine               - FXGL-25 (05.02.2026 22.57) on LINUX (J:25.0.2 FX:25.0.1)
15:49:43.431 [JavaFX Application Thread] DEBUG Engine               - JRE Vendor Name: Eclipse Adoptium
15:49:43.431 [JavaFX Application Thread] DEBUG Engine               - Running on OS: Linux version 6.19.9-1-default
15:49:43.431 [JavaFX Application Thread] DEBUG Engine               - Architecture: amd64
15:49:43.431 [JavaFX Application Thread] INFO  Engine               - Source code and latest versions at: https://github.com/AlmasB/FXGL
15:49:43.431 [JavaFX Application Thread] INFO  Engine               -       Ask questions and discuss at: https://github.com/AlmasB/FXGL/discussions
15:49:43.531 [JavaFX Application Thread] DEBUG PrimaryStageWindow   - Creating a JavaFX scene
15:49:43.659 [JavaFX Application Thread] DEBUG PrimaryStageWindow   - Target settings size: 2400.0 x 1440.0
15:49:43.659 [JavaFX Application Thread] DEBUG PrimaryStageWindow   - Scaled scene size:    2400.0 x 1440.0
15:49:43.659 [JavaFX Application Thread] DEBUG PrimaryStageWindow   - Scaled ratio: (1.0, 1.0)
15:49:43.661 [JavaFX Application Thread] DEBUG PrimaryStageWindow   - Set initial scene to FXGLStartupScene
15:49:43.668 [JavaFX Application Thread] DEBUG PrimaryStageWindow   - Opening main window
15:49:43.695 [JavaFX Application Thread] DEBUG PrimaryStageWindow   - Window border size: (0.0, 35.0)
15:49:43.695 [JavaFX Application Thread] DEBUG PrimaryStageWindow   - Scaled size: 2400.0 x 1405.0
15:49:43.695 [JavaFX Application Thread] DEBUG PrimaryStageWindow   - Scaled ratio: (1.0, 0.9756944444444444)
15:49:43.696 [JavaFX Application Thread] DEBUG PrimaryStageWindow   - Scene size: 2400.0 x 1440.0
15:49:43.696 [JavaFX Application Thread] DEBUG PrimaryStageWindow   - Stage size: 2400.0 x 1440.0
15:49:43.700 [FXGL Background Thread 1 ] DEBUG Engine               - Initializing environment variables
15:49:43.762 [FXGL Background Thread 1 ] DEBUG FXGLAssetLoaderServi - User app class for loading assets: class org.example.SpaceInvadersApp
15:49:43.762 [FXGL Background Thread 1 ] DEBUG GameApplicationServi - Applying CSS: fxgl_dark.css
15:49:43.763 [FXGL Background Thread 1 ] DEBUG FXGLAssetLoaderServi - Loading from file system: jar:file:/home/max/.m2/repository/com/github/almasb/fxgl/25/fxgl-25.jar!/fxglassets/ui/css/fxgl_dark.css
15:49:43.919 [FXGL Background Thread 1 ] DEBUG GameApplicationServi - Initializing application scenes
15:49:44.039 [FXGL Background Thread 1 ] DEBUG GameWorld            - Game world initialized
15:49:44.130 [FXGL Background Thread 1 ] DEBUG PhysicsWorld         - Physics world initialized: appHeight=1440, physics.ppm=50,0
15:49:44.131 [FXGL Background Thread 1 ] DEBUG PhysicsWorld         - Using strategy: BRUTE_FORCE
15:49:44.146 [FXGL Background Thread 1 ] DEBUG GameScene            - Game scene initialized: 2400x1440
15:49:44.173 [FXGL Background Thread 1 ] DEBUG FXGL.DefaultMenu     - createMenuBodyGameMenu()
15:49:44.192 [FXGL Background Thread 1 ] DEBUG FXGL.DefaultMenu     - createOptionsMenu()
15:49:44.205 [FXGL Background Thread 1 ] DEBUG FXGLAssetLoaderServi - Loading from file system: jar:file:/home/max/.m2/repository/com/github/almasb/fxgl/25/fxgl-25.jar!/fxglassets/textures/particles/smoke.png
15:49:44.288 [FXGL Background Thread 1 ] DEBUG FXGLAssetLoaderServi - Loading from file system: jar:file:/home/max/.m2/repository/com/github/almasb/fxgl/25/fxgl-25.jar!/fxglassets/textures/particles/trace_horizontal.png
15:49:44.312 [FXGL Background Thread 1 ] DEBUG GameApplicationServi - Application scenes initialized
15:49:44.325 [FXGL Background Thread 1 ] DEBUG SystemBundleService  - Loading FXGL system data
15:49:44.326 [FXGL Background Thread 1 ] DEBUG FileSystemAccess     - Reading from: /home/max/Dokumente/referendariat/SJ2022_2023/informatik/tgi_12/projekte/spaceInvaders/system/fxgl.bundle
15:49:44.328 [FXGL Background Thread 1 ] DEBUG SystemBundleService  - Bundle FXGL: {}
15:49:44.328 [FXGL Background Thread 1 ] DEBUG UpdaterService       - Checking for updates
15:49:44.332 [FXGL Background Thread 4 ] DEBUG FXGLApplication      - Loading fonts
15:49:44.333 [FXGL Background Thread 4 ] DEBUG FXGLAssetLoaderServi - Loading from file system: jar:file:/home/max/.m2/repository/com/github/almasb/fxgl/25/fxgl-25.jar!/fxglassets/ui/fonts/VarelaRound-Regular.ttf
15:49:44.333 [FXGL Background Thread 1 ] DEBUG FXGLApplication      - Loading default localization
15:49:44.334 [FXGL Background Thread 1 ] DEBUG FXGLAssetLoaderServi - Loading from file system: jar:file:/home/max/.m2/repository/com/github/almasb/fxgl/25/fxgl-25.jar!/fxglassets/languages/english.lang
15:49:44.337 [FXGL Background Thread 4 ] DEBUG FXGLAssetLoaderServi - Loading from file system: jar:file:/home/max/.m2/repository/com/github/almasb/fxgl/25/fxgl-25.jar!/fxglassets/ui/fonts/Abel-Regular.ttf
15:49:44.338 [FXGL Background Thread 4 ] DEBUG FXGLAssetLoaderServi - Loading from file system: jar:file:/home/max/.m2/repository/com/github/almasb/fxgl/25/fxgl-25.jar!/fxglassets/ui/fonts/TerminalLandMono-Regular.otf
15:49:44.340 [FXGL Background Thread 4 ] DEBUG FXGLAssetLoaderServi - Loading from file system: jar:file:/home/max/.m2/repository/com/github/almasb/fxgl/25/fxgl-25.jar!/fxglassets/ui/fonts/Courier-Prime.ttf
15:49:44.344 [JavaFX Application Thread] DEBUG FXGLApplication      - Registering font factories with UI factory
15:49:44.347 [FXGL Background Thread 1 ] INFO  FXGLApplication      - FXGL initialization took: 0,647 sec
15:49:44.367 [JavaFX Application Thread] DEBUG Input                - Registered new binding: action0 - A
15:49:44.368 [JavaFX Application Thread] DEBUG Input                - Registered new binding: action1 - D
15:49:44.368 [JavaFX Application Thread] DEBUG Input                - Registered new binding: action2 - L
15:49:44.372 [JavaFX Application Thread] DEBUG Input                - Registered new binding: action3 - K
15:49:44.373 [JavaFX Application Thread] DEBUG Input                - Registered new binding: action4 - Space
15:49:44.375 [JavaFX Application Thread] DEBUG Input                - Registered new binding: action5 - Q
15:49:44.375 [JavaFX Application Thread] DEBUG FXGLAssetLoaderServi - Loading from file system: jar:file:/home/max/.m2/repository/com/github/almasb/fxgl/25/fxgl-25.jar!/fxglassets/textures/fxgl_icon.png
15:49:44.396 [JavaFX Application Thread] DEBUG FXGLAssetLoaderServi - Loading from file system: jar:file:/home/max/.m2/repository/com/github/almasb/fxgl/25/fxgl-25.jar!/fxglassets/textures/fxgl_default_cursor.png
15:49:44.398 [JavaFX Application Thread] DEBUG Input                - Registered new binding: Screenshot - CTRL+8
15:49:44.398 [JavaFX Application Thread] DEBUG Input                - Registered new binding: System info dump - CTRL+9
15:49:44.399 [JavaFX Application Thread] DEBUG Input                - Registered new binding: Restart - CTRL+R
15:49:44.400 [JavaFX Application Thread] DEBUG Input                - Registered new binding: Toggle Debug Camera - CTRL+7
15:49:44.403 [JavaFX Application Thread] DEBUG LoopRunner           - Starting loop
15:49:44.403 [JavaFX Application Thread] DEBUG LoopRunner           - Initializing JavaFX AnimationTimerLoop
15:49:44.405 [JavaFX Application Thread] DEBUG GameApplicationServi - Starting new game
15:49:44.405 [JavaFX Application Thread] DEBUG Input                - Clearing active input actions
15:49:44.416 [JavaFX Application Thread] DEBUG GameApplicationServi - Removing overlay from FXGLStartupScene and adding to FXGLLoadingScene
15:49:44.417 [JavaFX Application Thread] DEBUG PrimaryStageWindow   - FXGLStartupScene -> FXGLLoadingScene
15:49:44.417 [JavaFX Application Thread] DEBUG GameApplicationServi - Clearing previous game
15:49:44.417 [JavaFX Application Thread] DEBUG GameScene            - Clearing game scene
15:49:44.417 [JavaFX Application Thread] DEBUG GameWorld            - Clearing game world
15:49:44.417 [JavaFX Application Thread] DEBUG PhysicsWorld         - Clearing physics world
15:49:44.419 [FXGL Background Thread 1 ] DEBUG FXGLApplication      - Initializing game
15:49:44.428 [FXGL Background Thread 1 ] INFO  FXGLApplication      - Game initialization took: 0,008 sec
15:49:44.550 [JavaFX Application Thread] DEBUG Input                - Clearing active input actions
15:49:44.564 [JavaFX Application Thread] DEBUG GameApplicationServi - Removing overlay from FXGLLoadingScene and adding to GameScene
15:49:44.564 [JavaFX Application Thread] DEBUG PrimaryStageWindow   - FXGLLoadingScene -> GameScene
15:49:47.331 [FXGL Background Thread 3 ] DEBUG Engine               - Logging environment variables
15:49:47.331 [FXGL Background Thread 3 ] DEBUG Engine               - achievements: []
15:49:47.332 [FXGL Background Thread 3 ] DEBUG Engine               - actualHeight: 1405.0
15:49:47.332 [FXGL Background Thread 3 ] DEBUG Engine               - actualHeightProperty: ReadOnlyDoubleProperty [value: 1442.0]
15:49:47.332 [FXGL Background Thread 3 ] DEBUG Engine               - actualWidth: 2400.0
15:49:47.332 [FXGL Background Thread 3 ] DEBUG Engine               - actualWidthProperty: ReadOnlyDoubleProperty [value: 2400.0]
15:49:47.332 [FXGL Background Thread 3 ] DEBUG Engine               - appIcon: fxgl_icon.png
15:49:47.333 [FXGL Background Thread 3 ] DEBUG Engine               - applicationMode: DEVELOPER
15:49:47.333 [FXGL Background Thread 3 ] DEBUG Engine               - cSSList: [fxgl_dark.css]
15:49:47.333 [FXGL Background Thread 3 ] DEBUG Engine               - collisionDetectionStrategy: BRUTE_FORCE
15:49:47.333 [FXGL Background Thread 3 ] DEBUG Engine               - configClass: Optional.empty
15:49:47.333 [FXGL Background Thread 3 ] DEBUG Engine               - credits: []
15:49:47.334 [FXGL Background Thread 3 ] DEBUG Engine               - defaultCursor: CursorInfo(imageName=fxgl_default_cursor.png, hotspotX=7.0, hotspotY=6.0)
15:49:47.335 [FXGL Background Thread 3 ] DEBUG Engine               - devBBoxColorProperty: ObjectProperty [value: 0xff0000ff]
15:49:47.336 [FXGL Background Thread 3 ] DEBUG Engine               - devEnableDebugCameraProperty: BooleanProperty [value: false]
15:49:47.336 [FXGL Background Thread 3 ] DEBUG Engine               - devSensorColorProperty: ObjectProperty [value: 0xffff00ff]
15:49:47.336 [FXGL Background Thread 3 ] DEBUG Engine               - devShowBBoxProperty: BooleanProperty [value: false]
15:49:47.336 [FXGL Background Thread 3 ] DEBUG Engine               - devShowPositionProperty: BooleanProperty [value: false]
15:49:47.336 [FXGL Background Thread 3 ] DEBUG Engine               - enabledMenuItems: []
15:49:47.336 [FXGL Background Thread 3 ] DEBUG Engine               - engineServices: [class com.almasb.fxgl.app.services.FXGLAssetLoaderService, class com.almasb.fxgl.app.FXGLApplication$GameApplicationService, class com.almasb.fxgl.app.services.FXGLDialogService, class com.almasb.fxgl.app.services.IOTaskExecutorService, class com.almasb.fxgl.io.FileSystemService, class com.almasb.fxgl.localization.LocalizationService, class com.almasb.fxgl.app.services.SystemBundleService, class com.almasb.fxgl.profile.SaveLoadService, class com.almasb.fxgl.ui.FXGLUIFactoryServiceProvider, class com.almasb.fxgl.ui.FXGLDialogFactoryServiceProvider, class com.almasb.fxgl.audio.AudioPlayer, class com.almasb.fxgl.notification.impl.NotificationServiceProvider, class com.almasb.fxgl.achievement.AchievementService, class com.almasb.fxgl.cutscene.CutsceneService, class com.almasb.fxgl.minigames.MiniGameService, class com.almasb.fxgl.net.NetService, class com.almasb.fxgl.app.services.UpdaterService, class com.almasb.fxgl.dev.DevService]
15:49:47.337 [FXGL Background Thread 3 ] DEBUG Engine               - fontGame: Abel-Regular.ttf
15:49:47.337 [FXGL Background Thread 3 ] DEBUG Engine               - fontMono: TerminalLandMono-Regular.otf
15:49:47.337 [FXGL Background Thread 3 ] DEBUG Engine               - fontSizeScaleUI: 1.0
15:49:47.337 [FXGL Background Thread 3 ] DEBUG Engine               - fontText: Courier-Prime.ttf
15:49:47.337 [FXGL Background Thread 3 ] DEBUG Engine               - fontUI: VarelaRound-Regular.ttf
15:49:47.337 [FXGL Background Thread 3 ] DEBUG Engine               - fpsRefreshRate: 500.0 ms
15:49:47.337 [FXGL Background Thread 3 ] DEBUG Engine               - fullScreen: BooleanProperty [value: false]
15:49:47.337 [FXGL Background Thread 3 ] DEBUG Engine               - gameDifficulty: MEDIUM
15:49:47.337 [FXGL Background Thread 3 ] DEBUG Engine               - gameDifficultyProperty: ObjectProperty [value: MEDIUM]
15:49:47.337 [FXGL Background Thread 3 ] DEBUG Engine               - globalMusicVolume: 0.5
15:49:47.337 [FXGL Background Thread 3 ] DEBUG Engine               - globalMusicVolumeProperty: DoubleProperty [value: 0.5]
15:49:47.337 [FXGL Background Thread 3 ] DEBUG Engine               - globalSoundVolume: 0.5
15:49:47.338 [FXGL Background Thread 3 ] DEBUG Engine               - globalSoundVolumeProperty: DoubleProperty [value: 0.5]
15:49:47.338 [FXGL Background Thread 3 ] DEBUG Engine               - height: 1440
15:49:47.338 [FXGL Background Thread 3 ] DEBUG Engine               - is3D: false
15:49:47.338 [FXGL Background Thread 3 ] DEBUG Engine               - isAndroid: false
15:49:47.338 [FXGL Background Thread 3 ] DEBUG Engine               - isBrowser: false
15:49:47.338 [FXGL Background Thread 3 ] DEBUG Engine               - isClickFeedbackEnabled: false
15:49:47.338 [FXGL Background Thread 3 ] DEBUG Engine               - isCloseConfirmation: false
15:49:47.338 [FXGL Background Thread 3 ] DEBUG Engine               - isDesktop: true
15:49:47.338 [FXGL Background Thread 3 ] DEBUG Engine               - isDeveloperMenuEnabled: false
15:49:47.338 [FXGL Background Thread 3 ] DEBUG Engine               - isEmbedded: false
15:49:47.338 [FXGL Background Thread 3 ] DEBUG Engine               - isEntityPreloadEnabled: true
15:49:47.338 [FXGL Background Thread 3 ] DEBUG Engine               - isExperimentalTiledLargeMap: false
15:49:47.338 [FXGL Background Thread 3 ] DEBUG Engine               - isFileSystemWriteAllowed: true
15:49:47.338 [FXGL Background Thread 3 ] DEBUG Engine               - isFullScreenAllowed: false
15:49:47.338 [FXGL Background Thread 3 ] DEBUG Engine               - isFullScreenFromStart: false
15:49:47.338 [FXGL Background Thread 3 ] DEBUG Engine               - isGameMenuEnabled: true
15:49:47.339 [FXGL Background Thread 3 ] DEBUG Engine               - isIOS: false
15:49:47.339 [FXGL Background Thread 3 ] DEBUG Engine               - isIntroEnabled: false
15:49:47.339 [FXGL Background Thread 3 ] DEBUG Engine               - isLinux: true
15:49:47.339 [FXGL Background Thread 3 ] DEBUG Engine               - isMac: false
15:49:47.339 [FXGL Background Thread 3 ] DEBUG Engine               - isMainMenuEnabled: false
15:49:47.339 [FXGL Background Thread 3 ] DEBUG Engine               - isManualResizeEnabled: false
15:49:47.339 [FXGL Background Thread 3 ] DEBUG Engine               - isMobile: false
15:49:47.339 [FXGL Background Thread 3 ] DEBUG Engine               - isNative: false
15:49:47.339 [FXGL Background Thread 3 ] DEBUG Engine               - isPauseMusicWhenMinimized: true
15:49:47.339 [FXGL Background Thread 3 ] DEBUG Engine               - isPreserveResizeRatio: false
15:49:47.339 [FXGL Background Thread 3 ] DEBUG Engine               - isProfilingEnabled: false
15:49:47.339 [FXGL Background Thread 3 ] DEBUG Engine               - isScaleAffectedOnResize: true
15:49:47.339 [FXGL Background Thread 3 ] DEBUG Engine               - isSingleStep: false
15:49:47.339 [FXGL Background Thread 3 ] DEBUG Engine               - isUserProfileEnabled: false
15:49:47.339 [FXGL Background Thread 3 ] DEBUG Engine               - isWindows: false
15:49:47.339 [FXGL Background Thread 3 ] DEBUG Engine               - language: ObjectProperty [value: ENGLISH]
15:49:47.340 [FXGL Background Thread 3 ] DEBUG Engine               - menuKey: ESCAPE
15:49:47.340 [FXGL Background Thread 3 ] DEBUG Engine               - mouseSensitivity: 0.2
15:49:47.340 [FXGL Background Thread 3 ] DEBUG Engine               - notificationViewClass: class com.almasb.fxgl.notification.view.XboxNotificationView
15:49:47.340 [FXGL Background Thread 3 ] DEBUG Engine               - pixelsPerMeter: 50.0
15:49:47.340 [FXGL Background Thread 3 ] DEBUG Engine               - platform: LINUX
15:49:47.340 [FXGL Background Thread 3 ] DEBUG Engine               - prefHeightProperty: ReadOnlyDoubleProperty [value: 1440.0]
15:49:47.340 [FXGL Background Thread 3 ] DEBUG Engine               - prefWidthProperty: ReadOnlyDoubleProperty [value: 2400.0]
15:49:47.340 [FXGL Background Thread 3 ] DEBUG Engine               - profileDir: profiles/
15:49:47.340 [FXGL Background Thread 3 ] DEBUG Engine               - profileName: StringProperty [value: DEFAULT]
15:49:47.340 [FXGL Background Thread 3 ] DEBUG Engine               - randomSeed: -1
15:49:47.340 [FXGL Background Thread 3 ] DEBUG Engine               - runtimeInfo: RuntimeInfo(platform=LINUX, version=25, build=05.02.2026 22.57)
15:49:47.340 [FXGL Background Thread 3 ] DEBUG Engine               - saveFileExt: sav
15:49:47.340 [FXGL Background Thread 3 ] DEBUG Engine               - scaledHeightProp$fxgl: DoubleProperty [bound, value: 1442.0]
15:49:47.340 [FXGL Background Thread 3 ] DEBUG Engine               - scaledWidthProp$fxgl: DoubleProperty [bound, value: 2400.0]
15:49:47.341 [FXGL Background Thread 3 ] DEBUG Engine               - sceneFactory: com.almasb.fxgl.app.scene.SceneFactory@2c0b2070
15:49:47.341 [FXGL Background Thread 3 ] DEBUG Engine               - secondsIn24h: 60
15:49:47.341 [FXGL Background Thread 3 ] DEBUG Engine               - soundMenuBack: menu/back.wav
15:49:47.341 [FXGL Background Thread 3 ] DEBUG Engine               - soundMenuPress: menu/press.wav
15:49:47.341 [FXGL Background Thread 3 ] DEBUG Engine               - soundMenuSelect: menu/select.wav
15:49:47.341 [FXGL Background Thread 3 ] DEBUG Engine               - soundNotification: core/notification.wav
15:49:47.341 [FXGL Background Thread 3 ] DEBUG Engine               - stageStyle: DECORATED
15:49:47.341 [FXGL Background Thread 3 ] DEBUG Engine               - supportedLanguages: [ENGLISH, FRENCH, GERMAN, HUNGARIAN, RUSSIAN]
15:49:47.341 [FXGL Background Thread 3 ] DEBUG Engine               - ticksPerSecond: -1
15:49:47.341 [FXGL Background Thread 3 ] DEBUG Engine               - title: Space Invaders
15:49:47.341 [FXGL Background Thread 3 ] DEBUG Engine               - urlGithub: https://github.com/AlmasB/FXGL
15:49:47.341 [FXGL Background Thread 3 ] DEBUG Engine               - urlLeaderboard: http://fxgl-top.herokuapp.com/
15:49:47.341 [FXGL Background Thread 3 ] DEBUG Engine               - urlPOM: https://raw.githubusercontent.com/AlmasB/FXGL/release/README.md
15:49:47.341 [FXGL Background Thread 3 ] DEBUG Engine               - userAppClass: class org.example.SpaceInvadersApp
15:49:47.341 [FXGL Background Thread 3 ] DEBUG Engine               - version: 0.0
15:49:47.341 [FXGL Background Thread 3 ] DEBUG Engine               - versionCheckDays: 7
15:49:47.342 [FXGL Background Thread 3 ] DEBUG Engine               - width: 2400
15:49:47.342 [FXGL Background Thread 3 ] DEBUG Engine               - Logging services
15:49:47.342 [FXGL Background Thread 3 ] DEBUG Engine               - class com.almasb.fxgl.app.services.FXGLAssetLoaderService
15:49:47.342 [FXGL Background Thread 3 ] DEBUG Engine               - class com.almasb.fxgl.app.FXGLApplication$GameApplicationService
15:49:47.342 [FXGL Background Thread 3 ] DEBUG Engine               - class com.almasb.fxgl.app.services.FXGLDialogService
15:49:47.342 [FXGL Background Thread 3 ] DEBUG Engine               - class com.almasb.fxgl.app.services.IOTaskExecutorService
15:49:47.342 [FXGL Background Thread 3 ] DEBUG Engine               - class com.almasb.fxgl.io.FileSystemService
15:49:47.342 [FXGL Background Thread 3 ] DEBUG Engine               - class com.almasb.fxgl.localization.LocalizationService
15:49:47.342 [FXGL Background Thread 3 ] DEBUG Engine               - class com.almasb.fxgl.app.services.SystemBundleService
15:49:47.342 [FXGL Background Thread 3 ] DEBUG Engine               - class com.almasb.fxgl.profile.SaveLoadService
15:49:47.342 [FXGL Background Thread 3 ] DEBUG Engine               - class com.almasb.fxgl.ui.FXGLUIFactoryServiceProvider
15:49:47.342 [FXGL Background Thread 3 ] DEBUG Engine               - class com.almasb.fxgl.ui.FXGLDialogFactoryServiceProvider
15:49:47.342 [FXGL Background Thread 3 ] DEBUG Engine               - class com.almasb.fxgl.audio.AudioPlayer
15:49:47.342 [FXGL Background Thread 3 ] DEBUG Engine               - class com.almasb.fxgl.notification.impl.NotificationServiceProvider
15:49:47.342 [FXGL Background Thread 3 ] DEBUG Engine               - class com.almasb.fxgl.achievement.AchievementService
15:49:47.342 [FXGL Background Thread 3 ] DEBUG Engine               - class com.almasb.fxgl.cutscene.CutsceneService
15:49:47.342 [FXGL Background Thread 3 ] DEBUG Engine               - class com.almasb.fxgl.minigames.MiniGameService
15:49:47.342 [FXGL Background Thread 3 ] DEBUG Engine               - class com.almasb.fxgl.net.NetService
15:49:47.342 [FXGL Background Thread 3 ] DEBUG Engine               - class com.almasb.fxgl.app.services.UpdaterService
15:49:47.343 [FXGL Background Thread 3 ] DEBUG Engine               - class com.almasb.fxgl.dev.DevService
15:49:50.331 [JavaFX Application Thread] DEBUG FXGLApplication      - Exiting FXGL
15:49:50.331 [JavaFX Application Thread] DEBUG LoopRunner           - Stopping loop
15:49:50.332 [JavaFX Application Thread] DEBUG SystemBundleService  - Saving FXGL system data
15:49:50.333 [JavaFX Application Thread] DEBUG FileSystemAccess     - Writing to: /home/max/Dokumente/referendariat/SJ2022_2023/informatik/tgi_12/projekte/spaceInvaders/system/fxgl.bundle
15:49:50.334 [JavaFX Application Thread] DEBUG Async                - Shutting down background threads
15:49:50.334 [JavaFX Application Thread] DEBUG PrimaryStageWindow   - Closing main window
15:49:50.335 [JavaFX Application Thread] DEBUG Logger               - Closing Logger
