07:55:14.501 [main                     ] DEBUG Logger               - Configured Logger
07:55:14.506 [main                     ] DEBUG GameApplication      - Logging settings
Title: Space Invaders
Version: 0.0
Width: 2400
Height: 1440
Fullscreen: false
Intro: false
Profiling: false
Single step:false
App Mode: DEVELOPER
Menu Key: ESCAPE
Stage Style: DECORATED
Scene Factory: class com.almasb.fxgl.app.scene.SceneFactory

07:55:14.846 [JavaFX Application Thread] DEBUG FXGLApplication      - Initializing FXGL
07:55:14.852 [JavaFX Application Thread] INFO  Engine               - FXGL-25 (05.02.2026 22.57) on LINUX (J:25.0.2 FX:25.0.1)
07:55:14.852 [JavaFX Application Thread] DEBUG Engine               - JRE Vendor Name: Eclipse Adoptium
07:55:14.852 [JavaFX Application Thread] DEBUG Engine               - Running on OS: Linux version 6.19.10-1-default
07:55:14.852 [JavaFX Application Thread] DEBUG Engine               - Architecture: amd64
07:55:14.852 [JavaFX Application Thread] INFO  Engine               - Source code and latest versions at: https://github.com/AlmasB/FXGL
07:55:14.854 [JavaFX Application Thread] INFO  Engine               -       Ask questions and discuss at: https://github.com/AlmasB/FXGL/discussions
07:55:14.951 [JavaFX Application Thread] DEBUG PrimaryStageWindow   - Creating a JavaFX scene
07:55:15.060 [JavaFX Application Thread] DEBUG PrimaryStageWindow   - Target settings size: 2400.0 x 1440.0
07:55:15.061 [JavaFX Application Thread] DEBUG PrimaryStageWindow   - Scaled scene size:    2400.0 x 1440.0
07:55:15.061 [JavaFX Application Thread] DEBUG PrimaryStageWindow   - Scaled ratio: (1.0, 1.0)
07:55:15.062 [JavaFX Application Thread] DEBUG PrimaryStageWindow   - Set initial scene to FXGLStartupScene
07:55:15.066 [JavaFX Application Thread] DEBUG PrimaryStageWindow   - Opening main window
07:55:15.096 [JavaFX Application Thread] DEBUG PrimaryStageWindow   - Window border size: (0.0, 35.0)
07:55:15.096 [JavaFX Application Thread] DEBUG PrimaryStageWindow   - Scaled size: 2400.0 x 1405.0
07:55:15.096 [JavaFX Application Thread] DEBUG PrimaryStageWindow   - Scaled ratio: (1.0, 0.9756944444444444)
07:55:15.096 [JavaFX Application Thread] DEBUG PrimaryStageWindow   - Scene size: 2400.0 x 1440.0
07:55:15.097 [JavaFX Application Thread] DEBUG PrimaryStageWindow   - Stage size: 2400.0 x 1440.0
07:55:15.102 [FXGL Background Thread 1 ] DEBUG Engine               - Initializing environment variables
07:55:15.171 [FXGL Background Thread 1 ] DEBUG FXGLAssetLoaderServi - User app class for loading assets: class org.example.SpaceInvadersApp
07:55:15.172 [FXGL Background Thread 1 ] DEBUG GameApplicationServi - Applying CSS: fxgl_dark.css
07:55:15.173 [FXGL Background Thread 1 ] DEBUG FXGLAssetLoaderServi - Loading from file system: jar:file:/home/max/.m2/repository/com/github/almasb/fxgl/25/fxgl-25.jar!/fxglassets/ui/css/fxgl_dark.css
07:55:15.271 [FXGL Background Thread 1 ] DEBUG GameApplicationServi - Initializing application scenes
07:55:15.374 [FXGL Background Thread 1 ] DEBUG GameWorld            - Game world initialized
07:55:15.437 [FXGL Background Thread 1 ] DEBUG PhysicsWorld         - Physics world initialized: appHeight=1440, physics.ppm=50,0
07:55:15.437 [FXGL Background Thread 1 ] DEBUG PhysicsWorld         - Using strategy: BRUTE_FORCE
07:55:15.443 [FXGL Background Thread 1 ] DEBUG GameScene            - Game scene initialized: 2400x1440
07:55:15.454 [FXGL Background Thread 1 ] DEBUG FXGL.DefaultMenu     - createMenuBodyGameMenu()
07:55:15.468 [FXGL Background Thread 1 ] DEBUG FXGL.DefaultMenu     - createOptionsMenu()
07:55:15.477 [FXGL Background Thread 1 ] DEBUG FXGLAssetLoaderServi - Loading from file system: jar:file:/home/max/.m2/repository/com/github/almasb/fxgl/25/fxgl-25.jar!/fxglassets/textures/particles/smoke.png
07:55:15.541 [FXGL Background Thread 1 ] DEBUG FXGLAssetLoaderServi - Loading from file system: jar:file:/home/max/.m2/repository/com/github/almasb/fxgl/25/fxgl-25.jar!/fxglassets/textures/particles/trace_horizontal.png
07:55:15.560 [FXGL Background Thread 1 ] DEBUG GameApplicationServi - Application scenes initialized
07:55:15.573 [FXGL Background Thread 1 ] DEBUG SystemBundleService  - Loading FXGL system data
07:55:15.574 [FXGL Background Thread 1 ] DEBUG FileSystemAccess     - Reading from: /home/max/Dokumente/referendariat/SJ2022_2023/informatik/tgi_12/projekte/spaceInvaders/system/fxgl.bundle
07:55:15.576 [FXGL Background Thread 1 ] DEBUG SystemBundleService  - Bundle FXGL: {}
07:55:15.577 [FXGL Background Thread 1 ] DEBUG UpdaterService       - Checking for updates
07:55:15.580 [FXGL Background Thread 4 ] DEBUG FXGLApplication      - Loading fonts
07:55:15.581 [FXGL Background Thread 4 ] DEBUG FXGLAssetLoaderServi - Loading from file system: jar:file:/home/max/.m2/repository/com/github/almasb/fxgl/25/fxgl-25.jar!/fxglassets/ui/fonts/VarelaRound-Regular.ttf
07:55:15.581 [FXGL Background Thread 1 ] DEBUG FXGLApplication      - Loading default localization
07:55:15.582 [FXGL Background Thread 1 ] DEBUG FXGLAssetLoaderServi - Loading from file system: jar:file:/home/max/.m2/repository/com/github/almasb/fxgl/25/fxgl-25.jar!/fxglassets/languages/english.lang
07:55:15.585 [FXGL Background Thread 4 ] DEBUG FXGLAssetLoaderServi - Loading from file system: jar:file:/home/max/.m2/repository/com/github/almasb/fxgl/25/fxgl-25.jar!/fxglassets/ui/fonts/Abel-Regular.ttf
07:55:15.586 [FXGL Background Thread 4 ] DEBUG FXGLAssetLoaderServi - Loading from file system: jar:file:/home/max/.m2/repository/com/github/almasb/fxgl/25/fxgl-25.jar!/fxglassets/ui/fonts/TerminalLandMono-Regular.otf
07:55:15.588 [FXGL Background Thread 4 ] DEBUG FXGLAssetLoaderServi - Loading from file system: jar:file:/home/max/.m2/repository/com/github/almasb/fxgl/25/fxgl-25.jar!/fxglassets/ui/fonts/Courier-Prime.ttf
07:55:15.592 [JavaFX Application Thread] DEBUG FXGLApplication      - Registering font factories with UI factory
07:55:15.595 [FXGL Background Thread 1 ] INFO  FXGLApplication      - FXGL initialization took: 0,493 sec
07:55:15.603 [JavaFX Application Thread] DEBUG Input                - Registered new binding: action0 - A
07:55:15.604 [JavaFX Application Thread] DEBUG Input                - Registered new binding: action1 - D
07:55:15.604 [JavaFX Application Thread] DEBUG Input                - Registered new binding: action2 - L
07:55:15.605 [JavaFX Application Thread] DEBUG Input                - Registered new binding: action3 - K
07:55:15.605 [JavaFX Application Thread] DEBUG Input                - Registered new binding: action4 - Space
07:55:15.606 [JavaFX Application Thread] DEBUG Input                - Registered new binding: action5 - Q
07:55:15.607 [JavaFX Application Thread] DEBUG FXGLAssetLoaderServi - Loading from file system: jar:file:/home/max/.m2/repository/com/github/almasb/fxgl/25/fxgl-25.jar!/fxglassets/textures/fxgl_icon.png
07:55:15.634 [JavaFX Application Thread] DEBUG FXGLAssetLoaderServi - Loading from file system: jar:file:/home/max/.m2/repository/com/github/almasb/fxgl/25/fxgl-25.jar!/fxglassets/textures/fxgl_default_cursor.png
07:55:15.636 [JavaFX Application Thread] DEBUG Input                - Registered new binding: Screenshot - CTRL+8
07:55:15.636 [JavaFX Application Thread] DEBUG Input                - Registered new binding: System info dump - CTRL+9
07:55:15.636 [JavaFX Application Thread] DEBUG Input                - Registered new binding: Restart - CTRL+R
07:55:15.637 [JavaFX Application Thread] DEBUG Input                - Registered new binding: Toggle Debug Camera - CTRL+7
07:55:15.639 [JavaFX Application Thread] DEBUG LoopRunner           - Starting loop
07:55:15.639 [JavaFX Application Thread] DEBUG LoopRunner           - Initializing JavaFX AnimationTimerLoop
07:55:15.641 [JavaFX Application Thread] DEBUG GameApplicationServi - Starting new game
07:55:15.641 [JavaFX Application Thread] DEBUG Input                - Clearing active input actions
07:55:15.653 [JavaFX Application Thread] DEBUG GameApplicationServi - Removing overlay from FXGLStartupScene and adding to FXGLLoadingScene
07:55:15.653 [JavaFX Application Thread] DEBUG PrimaryStageWindow   - FXGLStartupScene -> FXGLLoadingScene
07:55:15.653 [JavaFX Application Thread] DEBUG GameApplicationServi - Clearing previous game
07:55:15.654 [JavaFX Application Thread] DEBUG GameScene            - Clearing game scene
07:55:15.654 [JavaFX Application Thread] DEBUG GameWorld            - Clearing game world
07:55:15.654 [JavaFX Application Thread] DEBUG PhysicsWorld         - Clearing physics world
07:55:15.655 [FXGL Background Thread 1 ] DEBUG FXGLApplication      - Initializing game
07:55:15.662 [FXGL Background Thread 1 ] INFO  FXGLApplication      - Game initialization took: 0,006 sec
07:55:15.769 [JavaFX Application Thread] DEBUG Input                - Clearing active input actions
07:55:15.778 [JavaFX Application Thread] DEBUG GameApplicationServi - Removing overlay from FXGLLoadingScene and adding to GameScene
07:55:15.778 [JavaFX Application Thread] DEBUG PrimaryStageWindow   - FXGLLoadingScene -> GameScene
07:55:18.579 [FXGL Background Thread 3 ] DEBUG Engine               - Logging environment variables
07:55:18.580 [FXGL Background Thread 3 ] DEBUG Engine               - achievements: []
07:55:18.581 [FXGL Background Thread 3 ] DEBUG Engine               - actualHeight: 1405.0
07:55:18.581 [FXGL Background Thread 3 ] DEBUG Engine               - actualHeightProperty: ReadOnlyDoubleProperty [value: 1442.0]
07:55:18.581 [FXGL Background Thread 3 ] DEBUG Engine               - actualWidth: 2400.0
07:55:18.582 [FXGL Background Thread 3 ] DEBUG Engine               - actualWidthProperty: ReadOnlyDoubleProperty [value: 2400.0]
07:55:18.582 [FXGL Background Thread 3 ] DEBUG Engine               - appIcon: fxgl_icon.png
07:55:18.582 [FXGL Background Thread 3 ] DEBUG Engine               - applicationMode: DEVELOPER
07:55:18.582 [FXGL Background Thread 3 ] DEBUG Engine               - cSSList: [fxgl_dark.css]
07:55:18.583 [FXGL Background Thread 3 ] DEBUG Engine               - collisionDetectionStrategy: BRUTE_FORCE
07:55:18.583 [FXGL Background Thread 3 ] DEBUG Engine               - configClass: Optional.empty
07:55:18.583 [FXGL Background Thread 3 ] DEBUG Engine               - credits: []
07:55:18.584 [FXGL Background Thread 3 ] DEBUG Engine               - defaultCursor: CursorInfo(imageName=fxgl_default_cursor.png, hotspotX=7.0, hotspotY=6.0)
07:55:18.584 [FXGL Background Thread 3 ] DEBUG Engine               - devBBoxColorProperty: ObjectProperty [value: 0xff0000ff]
07:55:18.585 [FXGL Background Thread 3 ] DEBUG Engine               - devEnableDebugCameraProperty: BooleanProperty [value: false]
07:55:18.585 [FXGL Background Thread 3 ] DEBUG Engine               - devSensorColorProperty: ObjectProperty [value: 0xffff00ff]
07:55:18.585 [FXGL Background Thread 3 ] DEBUG Engine               - devShowBBoxProperty: BooleanProperty [value: false]
07:55:18.586 [FXGL Background Thread 3 ] DEBUG Engine               - devShowPositionProperty: BooleanProperty [value: false]
07:55:18.586 [FXGL Background Thread 3 ] DEBUG Engine               - enabledMenuItems: []
07:55:18.586 [FXGL Background Thread 3 ] DEBUG Engine               - engineServices: [class com.almasb.fxgl.app.services.FXGLAssetLoaderService, class com.almasb.fxgl.app.FXGLApplication$GameApplicationService, class com.almasb.fxgl.app.services.FXGLDialogService, class com.almasb.fxgl.app.services.IOTaskExecutorService, class com.almasb.fxgl.io.FileSystemService, class com.almasb.fxgl.localization.LocalizationService, class com.almasb.fxgl.app.services.SystemBundleService, class com.almasb.fxgl.profile.SaveLoadService, class com.almasb.fxgl.ui.FXGLUIFactoryServiceProvider, class com.almasb.fxgl.ui.FXGLDialogFactoryServiceProvider, class com.almasb.fxgl.audio.AudioPlayer, class com.almasb.fxgl.notification.impl.NotificationServiceProvider, class com.almasb.fxgl.achievement.AchievementService, class com.almasb.fxgl.cutscene.CutsceneService, class com.almasb.fxgl.minigames.MiniGameService, class com.almasb.fxgl.net.NetService, class com.almasb.fxgl.app.services.UpdaterService, class com.almasb.fxgl.dev.DevService]
07:55:18.587 [FXGL Background Thread 3 ] DEBUG Engine               - fontGame: Abel-Regular.ttf
07:55:18.587 [FXGL Background Thread 3 ] DEBUG Engine               - fontMono: TerminalLandMono-Regular.otf
07:55:18.587 [FXGL Background Thread 3 ] DEBUG Engine               - fontSizeScaleUI: 1.0
07:55:18.588 [FXGL Background Thread 3 ] DEBUG Engine               - fontText: Courier-Prime.ttf
07:55:18.588 [FXGL Background Thread 3 ] DEBUG Engine               - fontUI: VarelaRound-Regular.ttf
07:55:18.589 [FXGL Background Thread 3 ] DEBUG Engine               - fpsRefreshRate: 500.0 ms
07:55:18.589 [FXGL Background Thread 3 ] DEBUG Engine               - fullScreen: BooleanProperty [value: false]
07:55:18.589 [FXGL Background Thread 3 ] DEBUG Engine               - gameDifficulty: MEDIUM
07:55:18.589 [FXGL Background Thread 3 ] DEBUG Engine               - gameDifficultyProperty: ObjectProperty [value: MEDIUM]
07:55:18.590 [FXGL Background Thread 3 ] DEBUG Engine               - globalMusicVolume: 0.5
07:55:18.590 [FXGL Background Thread 3 ] DEBUG Engine               - globalMusicVolumeProperty: DoubleProperty [value: 0.5]
07:55:18.590 [FXGL Background Thread 3 ] DEBUG Engine               - globalSoundVolume: 0.5
07:55:18.590 [FXGL Background Thread 3 ] DEBUG Engine               - globalSoundVolumeProperty: DoubleProperty [value: 0.5]
07:55:18.591 [FXGL Background Thread 3 ] DEBUG Engine               - height: 1440
07:55:18.591 [FXGL Background Thread 3 ] DEBUG Engine               - is3D: false
07:55:18.591 [FXGL Background Thread 3 ] DEBUG Engine               - isAndroid: false
07:55:18.591 [FXGL Background Thread 3 ] DEBUG Engine               - isBrowser: false
07:55:18.592 [FXGL Background Thread 3 ] DEBUG Engine               - isClickFeedbackEnabled: false
07:55:18.592 [FXGL Background Thread 3 ] DEBUG Engine               - isCloseConfirmation: false
07:55:18.592 [FXGL Background Thread 3 ] DEBUG Engine               - isDesktop: true
07:55:18.592 [FXGL Background Thread 3 ] DEBUG Engine               - isDeveloperMenuEnabled: false
07:55:18.593 [FXGL Background Thread 3 ] DEBUG Engine               - isEmbedded: false
07:55:18.593 [FXGL Background Thread 3 ] DEBUG Engine               - isEntityPreloadEnabled: true
07:55:18.593 [FXGL Background Thread 3 ] DEBUG Engine               - isExperimentalTiledLargeMap: false
07:55:18.593 [FXGL Background Thread 3 ] DEBUG Engine               - isFileSystemWriteAllowed: true
07:55:18.594 [FXGL Background Thread 3 ] DEBUG Engine               - isFullScreenAllowed: false
07:55:18.594 [FXGL Background Thread 3 ] DEBUG Engine               - isFullScreenFromStart: false
07:55:18.594 [FXGL Background Thread 3 ] DEBUG Engine               - isGameMenuEnabled: true
07:55:18.594 [FXGL Background Thread 3 ] DEBUG Engine               - isIOS: false
07:55:18.594 [FXGL Background Thread 3 ] DEBUG Engine               - isIntroEnabled: false
07:55:18.595 [FXGL Background Thread 3 ] DEBUG Engine               - isLinux: true
07:55:18.595 [FXGL Background Thread 3 ] DEBUG Engine               - isMac: false
07:55:18.595 [FXGL Background Thread 3 ] DEBUG Engine               - isMainMenuEnabled: false
07:55:18.595 [FXGL Background Thread 3 ] DEBUG Engine               - isManualResizeEnabled: false
07:55:18.596 [FXGL Background Thread 3 ] DEBUG Engine               - isMobile: false
07:55:18.596 [FXGL Background Thread 3 ] DEBUG Engine               - isNative: false
07:55:18.596 [FXGL Background Thread 3 ] DEBUG Engine               - isPauseMusicWhenMinimized: true
07:55:18.596 [FXGL Background Thread 3 ] DEBUG Engine               - isPreserveResizeRatio: false
07:55:18.596 [FXGL Background Thread 3 ] DEBUG Engine               - isProfilingEnabled: false
07:55:18.597 [FXGL Background Thread 3 ] DEBUG Engine               - isScaleAffectedOnResize: true
07:55:18.597 [FXGL Background Thread 3 ] DEBUG Engine               - isSingleStep: false
07:55:18.597 [FXGL Background Thread 3 ] DEBUG Engine               - isUserProfileEnabled: false
07:55:18.597 [FXGL Background Thread 3 ] DEBUG Engine               - isWindows: false
07:55:18.597 [FXGL Background Thread 3 ] DEBUG Engine               - language: ObjectProperty [value: ENGLISH]
07:55:18.598 [FXGL Background Thread 3 ] DEBUG Engine               - menuKey: ESCAPE
07:55:18.598 [FXGL Background Thread 3 ] DEBUG Engine               - mouseSensitivity: 0.2
07:55:18.598 [FXGL Background Thread 3 ] DEBUG Engine               - notificationViewClass: class com.almasb.fxgl.notification.view.XboxNotificationView
07:55:18.598 [FXGL Background Thread 3 ] DEBUG Engine               - pixelsPerMeter: 50.0
07:55:18.598 [FXGL Background Thread 3 ] DEBUG Engine               - platform: LINUX
07:55:18.599 [FXGL Background Thread 3 ] DEBUG Engine               - prefHeightProperty: ReadOnlyDoubleProperty [value: 1440.0]
07:55:18.599 [FXGL Background Thread 3 ] DEBUG Engine               - prefWidthProperty: ReadOnlyDoubleProperty [value: 2400.0]
07:55:18.599 [FXGL Background Thread 3 ] DEBUG Engine               - profileDir: profiles/
07:55:18.599 [FXGL Background Thread 3 ] DEBUG Engine               - profileName: StringProperty [value: DEFAULT]
07:55:18.599 [FXGL Background Thread 3 ] DEBUG Engine               - randomSeed: -1
07:55:18.600 [FXGL Background Thread 3 ] DEBUG Engine               - runtimeInfo: RuntimeInfo(platform=LINUX, version=25, build=05.02.2026 22.57)
07:55:18.600 [FXGL Background Thread 3 ] DEBUG Engine               - saveFileExt: sav
07:55:18.600 [FXGL Background Thread 3 ] DEBUG Engine               - scaledHeightProp$fxgl: DoubleProperty [bound, value: 1442.0]
07:55:18.600 [FXGL Background Thread 3 ] DEBUG Engine               - scaledWidthProp$fxgl: DoubleProperty [bound, value: 2400.0]
07:55:18.601 [FXGL Background Thread 3 ] DEBUG Engine               - sceneFactory: com.almasb.fxgl.app.scene.SceneFactory@75d3e57e
07:55:18.601 [FXGL Background Thread 3 ] DEBUG Engine               - secondsIn24h: 60
07:55:18.601 [FXGL Background Thread 3 ] DEBUG Engine               - soundMenuBack: menu/back.wav
07:55:18.601 [FXGL Background Thread 3 ] DEBUG Engine               - soundMenuPress: menu/press.wav
07:55:18.601 [FXGL Background Thread 3 ] DEBUG Engine               - soundMenuSelect: menu/select.wav
07:55:18.601 [FXGL Background Thread 3 ] DEBUG Engine               - soundNotification: core/notification.wav
07:55:18.601 [FXGL Background Thread 3 ] DEBUG Engine               - stageStyle: DECORATED
07:55:18.601 [FXGL Background Thread 3 ] DEBUG Engine               - supportedLanguages: [ENGLISH, FRENCH, GERMAN, HUNGARIAN, RUSSIAN]
07:55:18.602 [FXGL Background Thread 3 ] DEBUG Engine               - ticksPerSecond: -1
07:55:18.602 [FXGL Background Thread 3 ] DEBUG Engine               - title: Space Invaders
07:55:18.602 [FXGL Background Thread 3 ] DEBUG Engine               - urlGithub: https://github.com/AlmasB/FXGL
07:55:18.602 [FXGL Background Thread 3 ] DEBUG Engine               - urlLeaderboard: http://fxgl-top.herokuapp.com/
07:55:18.602 [FXGL Background Thread 3 ] DEBUG Engine               - urlPOM: https://raw.githubusercontent.com/AlmasB/FXGL/release/README.md
07:55:18.602 [FXGL Background Thread 3 ] DEBUG Engine               - userAppClass: class org.example.SpaceInvadersApp
07:55:18.602 [FXGL Background Thread 3 ] DEBUG Engine               - version: 0.0
07:55:18.602 [FXGL Background Thread 3 ] DEBUG Engine               - versionCheckDays: 7
07:55:18.603 [FXGL Background Thread 3 ] DEBUG Engine               - width: 2400
07:55:18.603 [FXGL Background Thread 3 ] DEBUG Engine               - Logging services
07:55:18.603 [FXGL Background Thread 3 ] DEBUG Engine               - class com.almasb.fxgl.app.services.FXGLAssetLoaderService
07:55:18.603 [FXGL Background Thread 3 ] DEBUG Engine               - class com.almasb.fxgl.app.FXGLApplication$GameApplicationService
07:55:18.603 [FXGL Background Thread 3 ] DEBUG Engine               - class com.almasb.fxgl.app.services.FXGLDialogService
07:55:18.604 [FXGL Background Thread 3 ] DEBUG Engine               - class com.almasb.fxgl.app.services.IOTaskExecutorService
07:55:18.604 [FXGL Background Thread 3 ] DEBUG Engine               - class com.almasb.fxgl.io.FileSystemService
07:55:18.604 [FXGL Background Thread 3 ] DEBUG Engine               - class com.almasb.fxgl.localization.LocalizationService
07:55:18.604 [FXGL Background Thread 3 ] DEBUG Engine               - class com.almasb.fxgl.app.services.SystemBundleService
07:55:18.604 [FXGL Background Thread 3 ] DEBUG Engine               - class com.almasb.fxgl.profile.SaveLoadService
07:55:18.604 [FXGL Background Thread 3 ] DEBUG Engine               - class com.almasb.fxgl.ui.FXGLUIFactoryServiceProvider
07:55:18.604 [FXGL Background Thread 3 ] DEBUG Engine               - class com.almasb.fxgl.ui.FXGLDialogFactoryServiceProvider
07:55:18.604 [FXGL Background Thread 3 ] DEBUG Engine               - class com.almasb.fxgl.audio.AudioPlayer
07:55:18.604 [FXGL Background Thread 3 ] DEBUG Engine               - class com.almasb.fxgl.notification.impl.NotificationServiceProvider
07:55:18.605 [FXGL Background Thread 3 ] DEBUG Engine               - class com.almasb.fxgl.achievement.AchievementService
07:55:18.605 [FXGL Background Thread 3 ] DEBUG Engine               - class com.almasb.fxgl.cutscene.CutsceneService
07:55:18.605 [FXGL Background Thread 3 ] DEBUG Engine               - class com.almasb.fxgl.minigames.MiniGameService
07:55:18.605 [FXGL Background Thread 3 ] DEBUG Engine               - class com.almasb.fxgl.net.NetService
07:55:18.605 [FXGL Background Thread 3 ] DEBUG Engine               - class com.almasb.fxgl.app.services.UpdaterService
07:55:18.605 [FXGL Background Thread 3 ] DEBUG Engine               - class com.almasb.fxgl.dev.DevService
07:56:20.757 [JavaFX Application Thread] DEBUG FXGLApplication      - Exiting FXGL
07:56:20.757 [JavaFX Application Thread] DEBUG LoopRunner           - Stopping loop
07:56:20.758 [JavaFX Application Thread] DEBUG SystemBundleService  - Saving FXGL system data
07:56:20.760 [JavaFX Application Thread] DEBUG FileSystemAccess     - Writing to: /home/max/Dokumente/referendariat/SJ2022_2023/informatik/tgi_12/projekte/spaceInvaders/system/fxgl.bundle
07:56:20.761 [JavaFX Application Thread] DEBUG Async                - Shutting down background threads
07:56:20.762 [JavaFX Application Thread] DEBUG PrimaryStageWindow   - Closing main window
07:56:20.764 [JavaFX Application Thread] DEBUG Logger               - Closing Logger
