16:24:22.173 [main                     ] DEBUG Logger               - Configured Logger
16:24:22.185 [main                     ] DEBUG GameApplication      - Logging settings
Title: Space Invaders
Version: 0.0
Width: 2400
Height: 1440
Fullscreen: false
Intro: false
Profiling: false
Single step:false
App Mode: DEVELOPER
Menu Key: ESCAPE
Stage Style: DECORATED
Scene Factory: class com.almasb.fxgl.app.scene.SceneFactory

16:24:22.811 [JavaFX Application Thread] DEBUG FXGLApplication      - Initializing FXGL
16:24:22.816 [JavaFX Application Thread] INFO  Engine               - FXGL-25 (05.02.2026 22.57) on LINUX (J:25.0.3 FX:25.0.1)
16:24:22.816 [JavaFX Application Thread] DEBUG Engine               - JRE Vendor Name: Eclipse Adoptium
16:24:22.816 [JavaFX Application Thread] DEBUG Engine               - Running on OS: Linux version 7.0.5-1.0.8.sr20260504-default
16:24:22.817 [JavaFX Application Thread] DEBUG Engine               - Architecture: amd64
16:24:22.817 [JavaFX Application Thread] INFO  Engine               - Source code and latest versions at: https://github.com/AlmasB/FXGL
16:24:22.817 [JavaFX Application Thread] INFO  Engine               -       Ask questions and discuss at: https://github.com/AlmasB/FXGL/discussions
16:24:22.928 [JavaFX Application Thread] DEBUG PrimaryStageWindow   - Creating a JavaFX scene
16:24:23.037 [JavaFX Application Thread] DEBUG PrimaryStageWindow   - Target settings size: 2400.0 x 1440.0
16:24:23.037 [JavaFX Application Thread] DEBUG PrimaryStageWindow   - Scaled scene size:    2400.0 x 1440.0
16:24:23.037 [JavaFX Application Thread] DEBUG PrimaryStageWindow   - Scaled ratio: (1.0, 1.0)
16:24:23.039 [JavaFX Application Thread] DEBUG PrimaryStageWindow   - Set initial scene to FXGLStartupScene
16:24:23.045 [JavaFX Application Thread] DEBUG PrimaryStageWindow   - Opening main window
16:24:23.084 [JavaFX Application Thread] DEBUG PrimaryStageWindow   - Window border size: (0.0, 35.0)
16:24:23.084 [JavaFX Application Thread] DEBUG PrimaryStageWindow   - Scaled size: 2400.0 x 1405.0
16:24:23.084 [JavaFX Application Thread] DEBUG PrimaryStageWindow   - Scaled ratio: (1.0, 0.9756944444444444)
16:24:23.084 [JavaFX Application Thread] DEBUG PrimaryStageWindow   - Scene size: 2400.0 x 1440.0
16:24:23.085 [JavaFX Application Thread] DEBUG PrimaryStageWindow   - Stage size: 2400.0 x 1440.0
16:24:23.098 [FXGL Background Thread 1 ] DEBUG Engine               - Initializing environment variables
16:24:23.157 [FXGL Background Thread 1 ] DEBUG FXGLAssetLoaderServi - User app class for loading assets: class org.example.SpaceInvadersApp
16:24:23.158 [FXGL Background Thread 1 ] DEBUG GameApplicationServi - Applying CSS: fxgl_dark.css
16:24:23.159 [FXGL Background Thread 1 ] DEBUG FXGLAssetLoaderServi - Loading from file system: jar:file:/home/max/.m2/repository/com/github/almasb/fxgl/25/fxgl-25.jar!/fxglassets/ui/css/fxgl_dark.css
16:24:23.241 [FXGL Background Thread 1 ] DEBUG GameApplicationServi - Initializing application scenes
16:24:23.348 [FXGL Background Thread 1 ] DEBUG GameWorld            - Game world initialized
16:24:23.435 [FXGL Background Thread 1 ] DEBUG PhysicsWorld         - Physics world initialized: appHeight=1440, physics.ppm=50,0
16:24:23.436 [FXGL Background Thread 1 ] DEBUG PhysicsWorld         - Using strategy: BRUTE_FORCE
16:24:23.447 [FXGL Background Thread 1 ] DEBUG GameScene            - Game scene initialized: 2400x1440
16:24:23.469 [FXGL Background Thread 1 ] DEBUG FXGL.DefaultMenu     - createMenuBodyGameMenu()
16:24:23.485 [FXGL Background Thread 1 ] DEBUG FXGL.DefaultMenu     - createOptionsMenu()
16:24:23.501 [FXGL Background Thread 1 ] DEBUG FXGLAssetLoaderServi - Loading from file system: jar:file:/home/max/.m2/repository/com/github/almasb/fxgl/25/fxgl-25.jar!/fxglassets/textures/particles/smoke.png
16:24:23.571 [FXGL Background Thread 1 ] DEBUG FXGLAssetLoaderServi - Loading from file system: jar:file:/home/max/.m2/repository/com/github/almasb/fxgl/25/fxgl-25.jar!/fxglassets/textures/particles/trace_horizontal.png
16:24:23.589 [FXGL Background Thread 1 ] DEBUG GameApplicationServi - Application scenes initialized
16:24:23.599 [FXGL Background Thread 1 ] DEBUG SystemBundleService  - Loading FXGL system data
16:24:23.600 [FXGL Background Thread 1 ] DEBUG FileSystemAccess     - Reading from: /home/max/Dokumente/referendariat/SJ2022_2023/informatik/tgi_12/projekte/spaceInvaders/system/fxgl.bundle
16:24:23.602 [FXGL Background Thread 1 ] DEBUG SystemBundleService  - Bundle FXGL: {}
16:24:23.602 [FXGL Background Thread 1 ] DEBUG UpdaterService       - Checking for updates
16:24:23.605 [FXGL Background Thread 4 ] DEBUG FXGLApplication      - Loading fonts
16:24:23.605 [FXGL Background Thread 4 ] DEBUG FXGLAssetLoaderServi - Loading from file system: jar:file:/home/max/.m2/repository/com/github/almasb/fxgl/25/fxgl-25.jar!/fxglassets/ui/fonts/VarelaRound-Regular.ttf
16:24:23.605 [FXGL Background Thread 1 ] DEBUG FXGLApplication      - Loading default localization
16:24:23.606 [FXGL Background Thread 1 ] DEBUG FXGLAssetLoaderServi - Loading from file system: jar:file:/home/max/.m2/repository/com/github/almasb/fxgl/25/fxgl-25.jar!/fxglassets/languages/english.lang
16:24:23.609 [FXGL Background Thread 4 ] DEBUG FXGLAssetLoaderServi - Loading from file system: jar:file:/home/max/.m2/repository/com/github/almasb/fxgl/25/fxgl-25.jar!/fxglassets/ui/fonts/Abel-Regular.ttf
16:24:23.610 [FXGL Background Thread 4 ] DEBUG FXGLAssetLoaderServi - Loading from file system: jar:file:/home/max/.m2/repository/com/github/almasb/fxgl/25/fxgl-25.jar!/fxglassets/ui/fonts/TerminalLandMono-Regular.otf
16:24:23.612 [FXGL Background Thread 4 ] DEBUG FXGLAssetLoaderServi - Loading from file system: jar:file:/home/max/.m2/repository/com/github/almasb/fxgl/25/fxgl-25.jar!/fxglassets/ui/fonts/Courier-Prime.ttf
16:24:23.615 [JavaFX Application Thread] DEBUG FXGLApplication      - Registering font factories with UI factory
16:24:23.619 [FXGL Background Thread 1 ] INFO  FXGLApplication      - FXGL initialization took: 0,520 sec
16:24:23.632 [JavaFX Application Thread] DEBUG Input                - Registered new binding: action0 - A
16:24:23.632 [JavaFX Application Thread] DEBUG Input                - Registered new binding: action1 - D
16:24:23.633 [JavaFX Application Thread] DEBUG Input                - Registered new binding: action2 - L
16:24:23.633 [JavaFX Application Thread] DEBUG Input                - Registered new binding: action3 - K
16:24:23.634 [JavaFX Application Thread] DEBUG Input                - Registered new binding: action4 - Space
16:24:23.636 [JavaFX Application Thread] DEBUG Input                - Registered new binding: action5 - Q
16:24:23.636 [JavaFX Application Thread] DEBUG FXGLAssetLoaderServi - Loading from file system: jar:file:/home/max/.m2/repository/com/github/almasb/fxgl/25/fxgl-25.jar!/fxglassets/textures/fxgl_icon.png
16:24:23.648 [JavaFX Application Thread] DEBUG FXGLAssetLoaderServi - Loading from file system: jar:file:/home/max/.m2/repository/com/github/almasb/fxgl/25/fxgl-25.jar!/fxglassets/textures/fxgl_default_cursor.png
16:24:23.650 [JavaFX Application Thread] DEBUG Input                - Registered new binding: Screenshot - CTRL+8
16:24:23.650 [JavaFX Application Thread] DEBUG Input                - Registered new binding: System info dump - CTRL+9
16:24:23.651 [JavaFX Application Thread] DEBUG Input                - Registered new binding: Restart - CTRL+R
16:24:23.652 [JavaFX Application Thread] DEBUG Input                - Registered new binding: Toggle Debug Camera - CTRL+7
16:24:23.655 [JavaFX Application Thread] DEBUG LoopRunner           - Starting loop
16:24:23.655 [JavaFX Application Thread] DEBUG LoopRunner           - Initializing JavaFX AnimationTimerLoop
16:24:23.656 [JavaFX Application Thread] DEBUG GameApplicationServi - Starting new game
16:24:23.657 [JavaFX Application Thread] DEBUG Input                - Clearing active input actions
16:24:23.668 [JavaFX Application Thread] DEBUG GameApplicationServi - Removing overlay from FXGLStartupScene and adding to FXGLLoadingScene
16:24:23.668 [JavaFX Application Thread] DEBUG PrimaryStageWindow   - FXGLStartupScene -> FXGLLoadingScene
16:24:23.668 [JavaFX Application Thread] DEBUG GameApplicationServi - Clearing previous game
16:24:23.668 [JavaFX Application Thread] DEBUG GameScene            - Clearing game scene
16:24:23.668 [JavaFX Application Thread] DEBUG GameWorld            - Clearing game world
16:24:23.668 [JavaFX Application Thread] DEBUG PhysicsWorld         - Clearing physics world
16:24:23.670 [FXGL Background Thread 1 ] DEBUG FXGLApplication      - Initializing game
16:24:23.678 [FXGL Background Thread 1 ] INFO  FXGLApplication      - Game initialization took: 0,008 sec
16:24:23.793 [JavaFX Application Thread] DEBUG Input                - Clearing active input actions
16:24:23.802 [JavaFX Application Thread] DEBUG GameApplicationServi - Removing overlay from FXGLLoadingScene and adding to GameScene
16:24:23.803 [JavaFX Application Thread] DEBUG PrimaryStageWindow   - FXGLLoadingScene -> GameScene
16:24:26.604 [FXGL Background Thread 3 ] DEBUG Engine               - Logging environment variables
16:24:26.604 [FXGL Background Thread 3 ] DEBUG Engine               - achievements: []
16:24:26.604 [FXGL Background Thread 3 ] DEBUG Engine               - actualHeight: 1405.0
16:24:26.605 [FXGL Background Thread 3 ] DEBUG Engine               - actualHeightProperty: ReadOnlyDoubleProperty [value: 1442.0]
16:24:26.605 [FXGL Background Thread 3 ] DEBUG Engine               - actualWidth: 2400.0
16:24:26.605 [FXGL Background Thread 3 ] DEBUG Engine               - actualWidthProperty: ReadOnlyDoubleProperty [value: 2400.0]
16:24:26.605 [FXGL Background Thread 3 ] DEBUG Engine               - appIcon: fxgl_icon.png
16:24:26.605 [FXGL Background Thread 3 ] DEBUG Engine               - applicationMode: DEVELOPER
16:24:26.605 [FXGL Background Thread 3 ] DEBUG Engine               - cSSList: [fxgl_dark.css]
16:24:26.605 [FXGL Background Thread 3 ] DEBUG Engine               - collisionDetectionStrategy: BRUTE_FORCE
16:24:26.605 [FXGL Background Thread 3 ] DEBUG Engine               - configClass: Optional.empty
16:24:26.605 [FXGL Background Thread 3 ] DEBUG Engine               - credits: []
16:24:26.606 [FXGL Background Thread 3 ] DEBUG Engine               - defaultCursor: CursorInfo(imageName=fxgl_default_cursor.png, hotspotX=7.0, hotspotY=6.0)
16:24:26.606 [FXGL Background Thread 3 ] DEBUG Engine               - devBBoxColorProperty: ObjectProperty [value: 0xff0000ff]
16:24:26.606 [FXGL Background Thread 3 ] DEBUG Engine               - devEnableDebugCameraProperty: BooleanProperty [value: false]
16:24:26.606 [FXGL Background Thread 3 ] DEBUG Engine               - devSensorColorProperty: ObjectProperty [value: 0xffff00ff]
16:24:26.607 [FXGL Background Thread 3 ] DEBUG Engine               - devShowBBoxProperty: BooleanProperty [value: false]
16:24:26.607 [FXGL Background Thread 3 ] DEBUG Engine               - devShowPositionProperty: BooleanProperty [value: false]
16:24:26.607 [FXGL Background Thread 3 ] DEBUG Engine               - enabledMenuItems: []
16:24:26.607 [FXGL Background Thread 3 ] DEBUG Engine               - engineServices: [class com.almasb.fxgl.app.services.FXGLAssetLoaderService, class com.almasb.fxgl.app.FXGLApplication$GameApplicationService, class com.almasb.fxgl.app.services.FXGLDialogService, class com.almasb.fxgl.app.services.IOTaskExecutorService, class com.almasb.fxgl.io.FileSystemService, class com.almasb.fxgl.localization.LocalizationService, class com.almasb.fxgl.app.services.SystemBundleService, class com.almasb.fxgl.profile.SaveLoadService, class com.almasb.fxgl.ui.FXGLUIFactoryServiceProvider, class com.almasb.fxgl.ui.FXGLDialogFactoryServiceProvider, class com.almasb.fxgl.audio.AudioPlayer, class com.almasb.fxgl.notification.impl.NotificationServiceProvider, class com.almasb.fxgl.achievement.AchievementService, class com.almasb.fxgl.cutscene.CutsceneService, class com.almasb.fxgl.minigames.MiniGameService, class com.almasb.fxgl.net.NetService, class com.almasb.fxgl.app.services.UpdaterService, class com.almasb.fxgl.dev.DevService]
16:24:26.607 [FXGL Background Thread 3 ] DEBUG Engine               - fontGame: Abel-Regular.ttf
16:24:26.607 [FXGL Background Thread 3 ] DEBUG Engine               - fontMono: TerminalLandMono-Regular.otf
16:24:26.607 [FXGL Background Thread 3 ] DEBUG Engine               - fontSizeScaleUI: 1.0
16:24:26.607 [FXGL Background Thread 3 ] DEBUG Engine               - fontText: Courier-Prime.ttf
16:24:26.607 [FXGL Background Thread 3 ] DEBUG Engine               - fontUI: VarelaRound-Regular.ttf
16:24:26.608 [FXGL Background Thread 3 ] DEBUG Engine               - fpsRefreshRate: 500.0 ms
16:24:26.608 [FXGL Background Thread 3 ] DEBUG Engine               - fullScreen: BooleanProperty [value: false]
16:24:26.608 [FXGL Background Thread 3 ] DEBUG Engine               - gameDifficulty: MEDIUM
16:24:26.608 [FXGL Background Thread 3 ] DEBUG Engine               - gameDifficultyProperty: ObjectProperty [value: MEDIUM]
16:24:26.608 [FXGL Background Thread 3 ] DEBUG Engine               - globalMusicVolume: 0.5
16:24:26.608 [FXGL Background Thread 3 ] DEBUG Engine               - globalMusicVolumeProperty: DoubleProperty [value: 0.5]
16:24:26.608 [FXGL Background Thread 3 ] DEBUG Engine               - globalSoundVolume: 0.5
16:24:26.608 [FXGL Background Thread 3 ] DEBUG Engine               - globalSoundVolumeProperty: DoubleProperty [value: 0.5]
16:24:26.608 [FXGL Background Thread 3 ] DEBUG Engine               - height: 1440
16:24:26.609 [FXGL Background Thread 3 ] DEBUG Engine               - is3D: false
16:24:26.609 [FXGL Background Thread 3 ] DEBUG Engine               - isAndroid: false
16:24:26.609 [FXGL Background Thread 3 ] DEBUG Engine               - isBrowser: false
16:24:26.609 [FXGL Background Thread 3 ] DEBUG Engine               - isClickFeedbackEnabled: false
16:24:26.609 [FXGL Background Thread 3 ] DEBUG Engine               - isCloseConfirmation: false
16:24:26.609 [FXGL Background Thread 3 ] DEBUG Engine               - isDesktop: true
16:24:26.609 [FXGL Background Thread 3 ] DEBUG Engine               - isDeveloperMenuEnabled: false
16:24:26.609 [FXGL Background Thread 3 ] DEBUG Engine               - isEmbedded: false
16:24:26.609 [FXGL Background Thread 3 ] DEBUG Engine               - isEntityPreloadEnabled: true
16:24:26.609 [FXGL Background Thread 3 ] DEBUG Engine               - isExperimentalTiledLargeMap: false
16:24:26.609 [FXGL Background Thread 3 ] DEBUG Engine               - isFileSystemWriteAllowed: true
16:24:26.609 [FXGL Background Thread 3 ] DEBUG Engine               - isFullScreenAllowed: false
16:24:26.609 [FXGL Background Thread 3 ] DEBUG Engine               - isFullScreenFromStart: false
16:24:26.609 [FXGL Background Thread 3 ] DEBUG Engine               - isGameMenuEnabled: true
16:24:26.609 [FXGL Background Thread 3 ] DEBUG Engine               - isIOS: false
16:24:26.609 [FXGL Background Thread 3 ] DEBUG Engine               - isIntroEnabled: false
16:24:26.609 [FXGL Background Thread 3 ] DEBUG Engine               - isLinux: true
16:24:26.609 [FXGL Background Thread 3 ] DEBUG Engine               - isMac: false
16:24:26.609 [FXGL Background Thread 3 ] DEBUG Engine               - isMainMenuEnabled: false
16:24:26.609 [FXGL Background Thread 3 ] DEBUG Engine               - isManualResizeEnabled: false
16:24:26.610 [FXGL Background Thread 3 ] DEBUG Engine               - isMobile: false
16:24:26.610 [FXGL Background Thread 3 ] DEBUG Engine               - isNative: false
16:24:26.610 [FXGL Background Thread 3 ] DEBUG Engine               - isPauseMusicWhenMinimized: true
16:24:26.610 [FXGL Background Thread 3 ] DEBUG Engine               - isPreserveResizeRatio: false
16:24:26.610 [FXGL Background Thread 3 ] DEBUG Engine               - isProfilingEnabled: false
16:24:26.610 [FXGL Background Thread 3 ] DEBUG Engine               - isScaleAffectedOnResize: true
16:24:26.610 [FXGL Background Thread 3 ] DEBUG Engine               - isSingleStep: false
16:24:26.610 [FXGL Background Thread 3 ] DEBUG Engine               - isUserProfileEnabled: false
16:24:26.610 [FXGL Background Thread 3 ] DEBUG Engine               - isWindows: false
16:24:26.610 [FXGL Background Thread 3 ] DEBUG Engine               - language: ObjectProperty [value: ENGLISH]
16:24:26.610 [FXGL Background Thread 3 ] DEBUG Engine               - menuKey: ESCAPE
16:24:26.610 [FXGL Background Thread 3 ] DEBUG Engine               - mouseSensitivity: 0.2
16:24:26.610 [FXGL Background Thread 3 ] DEBUG Engine               - notificationViewClass: class com.almasb.fxgl.notification.view.XboxNotificationView
16:24:26.610 [FXGL Background Thread 3 ] DEBUG Engine               - pixelsPerMeter: 50.0
16:24:26.610 [FXGL Background Thread 3 ] DEBUG Engine               - platform: LINUX
16:24:26.610 [FXGL Background Thread 3 ] DEBUG Engine               - prefHeightProperty: ReadOnlyDoubleProperty [value: 1440.0]
16:24:26.610 [FXGL Background Thread 3 ] DEBUG Engine               - prefWidthProperty: ReadOnlyDoubleProperty [value: 2400.0]
16:24:26.610 [FXGL Background Thread 3 ] DEBUG Engine               - profileDir: profiles/
16:24:26.610 [FXGL Background Thread 3 ] DEBUG Engine               - profileName: StringProperty [value: DEFAULT]
16:24:26.610 [FXGL Background Thread 3 ] DEBUG Engine               - randomSeed: -1
16:24:26.610 [FXGL Background Thread 3 ] DEBUG Engine               - runtimeInfo: RuntimeInfo(platform=LINUX, version=25, build=05.02.2026 22.57)
16:24:26.610 [FXGL Background Thread 3 ] DEBUG Engine               - saveFileExt: sav
16:24:26.610 [FXGL Background Thread 3 ] DEBUG Engine               - scaledHeightProp$fxgl: DoubleProperty [bound, value: 1442.0]
16:24:26.610 [FXGL Background Thread 3 ] DEBUG Engine               - scaledWidthProp$fxgl: DoubleProperty [bound, value: 2400.0]
16:24:26.611 [FXGL Background Thread 3 ] DEBUG Engine               - sceneFactory: com.almasb.fxgl.app.scene.SceneFactory@4a2d6d08
16:24:26.611 [FXGL Background Thread 3 ] DEBUG Engine               - secondsIn24h: 60
16:24:26.611 [FXGL Background Thread 3 ] DEBUG Engine               - soundMenuBack: menu/back.wav
16:24:26.611 [FXGL Background Thread 3 ] DEBUG Engine               - soundMenuPress: menu/press.wav
16:24:26.611 [FXGL Background Thread 3 ] DEBUG Engine               - soundMenuSelect: menu/select.wav
16:24:26.611 [FXGL Background Thread 3 ] DEBUG Engine               - soundNotification: core/notification.wav
16:24:26.611 [FXGL Background Thread 3 ] DEBUG Engine               - stageStyle: DECORATED
16:24:26.611 [FXGL Background Thread 3 ] DEBUG Engine               - supportedLanguages: [ENGLISH, FRENCH, GERMAN, HUNGARIAN, RUSSIAN]
16:24:26.611 [FXGL Background Thread 3 ] DEBUG Engine               - ticksPerSecond: -1
16:24:26.611 [FXGL Background Thread 3 ] DEBUG Engine               - title: Space Invaders
16:24:26.611 [FXGL Background Thread 3 ] DEBUG Engine               - urlGithub: https://github.com/AlmasB/FXGL
16:24:26.611 [FXGL Background Thread 3 ] DEBUG Engine               - urlLeaderboard: http://fxgl-top.herokuapp.com/
16:24:26.611 [FXGL Background Thread 3 ] DEBUG Engine               - urlPOM: https://raw.githubusercontent.com/AlmasB/FXGL/release/README.md
16:24:26.611 [FXGL Background Thread 3 ] DEBUG Engine               - userAppClass: class org.example.SpaceInvadersApp
16:24:26.611 [FXGL Background Thread 3 ] DEBUG Engine               - version: 0.0
16:24:26.611 [FXGL Background Thread 3 ] DEBUG Engine               - versionCheckDays: 7
16:24:26.611 [FXGL Background Thread 3 ] DEBUG Engine               - width: 2400
16:24:26.611 [FXGL Background Thread 3 ] DEBUG Engine               - Logging services
16:24:26.611 [FXGL Background Thread 3 ] DEBUG Engine               - class com.almasb.fxgl.app.services.FXGLAssetLoaderService
16:24:26.611 [FXGL Background Thread 3 ] DEBUG Engine               - class com.almasb.fxgl.app.FXGLApplication$GameApplicationService
16:24:26.611 [FXGL Background Thread 3 ] DEBUG Engine               - class com.almasb.fxgl.app.services.FXGLDialogService
16:24:26.611 [FXGL Background Thread 3 ] DEBUG Engine               - class com.almasb.fxgl.app.services.IOTaskExecutorService
16:24:26.611 [FXGL Background Thread 3 ] DEBUG Engine               - class com.almasb.fxgl.io.FileSystemService
16:24:26.611 [FXGL Background Thread 3 ] DEBUG Engine               - class com.almasb.fxgl.localization.LocalizationService
16:24:26.611 [FXGL Background Thread 3 ] DEBUG Engine               - class com.almasb.fxgl.app.services.SystemBundleService
16:24:26.611 [FXGL Background Thread 3 ] DEBUG Engine               - class com.almasb.fxgl.profile.SaveLoadService
16:24:26.611 [FXGL Background Thread 3 ] DEBUG Engine               - class com.almasb.fxgl.ui.FXGLUIFactoryServiceProvider
16:24:26.611 [FXGL Background Thread 3 ] DEBUG Engine               - class com.almasb.fxgl.ui.FXGLDialogFactoryServiceProvider
16:24:26.612 [FXGL Background Thread 3 ] DEBUG Engine               - class com.almasb.fxgl.audio.AudioPlayer
16:24:26.612 [FXGL Background Thread 3 ] DEBUG Engine               - class com.almasb.fxgl.notification.impl.NotificationServiceProvider
16:24:26.612 [FXGL Background Thread 3 ] DEBUG Engine               - class com.almasb.fxgl.achievement.AchievementService
16:24:26.612 [FXGL Background Thread 3 ] DEBUG Engine               - class com.almasb.fxgl.cutscene.CutsceneService
16:24:26.612 [FXGL Background Thread 3 ] DEBUG Engine               - class com.almasb.fxgl.minigames.MiniGameService
16:24:26.612 [FXGL Background Thread 3 ] DEBUG Engine               - class com.almasb.fxgl.net.NetService
16:24:26.612 [FXGL Background Thread 3 ] DEBUG Engine               - class com.almasb.fxgl.app.services.UpdaterService
16:24:26.612 [FXGL Background Thread 3 ] DEBUG Engine               - class com.almasb.fxgl.dev.DevService
16:24:45.437 [JavaFX Application Thread] DEBUG FXGLApplication      - Exiting FXGL
16:24:45.437 [JavaFX Application Thread] DEBUG LoopRunner           - Stopping loop
16:24:45.437 [JavaFX Application Thread] DEBUG SystemBundleService  - Saving FXGL system data
16:24:45.438 [JavaFX Application Thread] DEBUG FileSystemAccess     - Writing to: /home/max/Dokumente/referendariat/SJ2022_2023/informatik/tgi_12/projekte/spaceInvaders/system/fxgl.bundle
16:24:45.438 [JavaFX Application Thread] DEBUG Async                - Shutting down background threads
16:24:45.438 [JavaFX Application Thread] DEBUG PrimaryStageWindow   - Closing main window
16:24:45.440 [JavaFX Application Thread] DEBUG Logger               - Closing Logger
