11:05:05.758 [main                     ] DEBUG Logger               - Configured Logger
11:05:05.766 [main                     ] DEBUG GameApplication      - Logging settings
Title: Space Invaders
Version: 0.0
Width: 3200
Height: 1920
Fullscreen: false
Intro: false
Profiling: false
Single step:false
App Mode: DEVELOPER
Menu Key: ESCAPE
Stage Style: DECORATED
Scene Factory: class com.almasb.fxgl.app.scene.SceneFactory

11:05:06.047 [JavaFX Application Thread] DEBUG FXGLApplication      - Initializing FXGL
11:05:06.053 [JavaFX Application Thread] INFO  Engine               - FXGL-25 (05.02.2026 22.57) on LINUX (J:25.0.1 FX:25.0.1)
11:05:06.054 [JavaFX Application Thread] DEBUG Engine               - JRE Vendor Name: Eclipse Adoptium
11:05:06.054 [JavaFX Application Thread] DEBUG Engine               - Running on OS: Linux version 6.19.6-1-default
11:05:06.055 [JavaFX Application Thread] DEBUG Engine               - Architecture: amd64
11:05:06.055 [JavaFX Application Thread] INFO  Engine               - Source code and latest versions at: https://github.com/AlmasB/FXGL
11:05:06.055 [JavaFX Application Thread] INFO  Engine               -       Ask questions and discuss at: https://github.com/AlmasB/FXGL/discussions
11:05:06.157 [JavaFX Application Thread] DEBUG PrimaryStageWindow   - Creating a JavaFX scene
11:05:06.281 [JavaFX Application Thread] DEBUG PrimaryStageWindow   - Target settings size: 3200.0 x 1920.0
11:05:06.281 [JavaFX Application Thread] DEBUG PrimaryStageWindow   - Scaled scene size:    3200.0 x 1920.0
11:05:06.281 [JavaFX Application Thread] DEBUG PrimaryStageWindow   - Scaled ratio: (1.0, 1.0)
11:05:06.282 [JavaFX Application Thread] DEBUG PrimaryStageWindow   - Set initial scene to FXGLStartupScene
11:05:06.289 [JavaFX Application Thread] DEBUG PrimaryStageWindow   - Opening main window
11:05:06.321 [JavaFX Application Thread] DEBUG PrimaryStageWindow   - Window border size: (0.0, 35.0)
11:05:06.321 [JavaFX Application Thread] DEBUG PrimaryStageWindow   - Scaled size: 3200.0 x 1885.0
11:05:06.321 [JavaFX Application Thread] DEBUG PrimaryStageWindow   - Scaled ratio: (1.0, 0.9817708333333334)
11:05:06.322 [JavaFX Application Thread] DEBUG PrimaryStageWindow   - Scene size: 3200.0 x 1920.0
11:05:06.322 [JavaFX Application Thread] DEBUG PrimaryStageWindow   - Stage size: 3200.0 x 1920.0
11:05:06.329 [FXGL Background Thread 1 ] DEBUG Engine               - Initializing environment variables
11:05:06.398 [FXGL Background Thread 1 ] DEBUG FXGLAssetLoaderServi - User app class for loading assets: class org.example.GUI
11:05:06.399 [FXGL Background Thread 1 ] DEBUG GameApplicationServi - Applying CSS: fxgl_dark.css
11:05:06.400 [FXGL Background Thread 1 ] DEBUG FXGLAssetLoaderServi - Loading from file system: jar:file:/home/max/Dokumente/referendariat/SJ2022_2023/informatik/tgi_12/projekte/spaceInvaders/target/spaceInvaders-1.0-SNAPSHOT.jar!/fxglassets/ui/css/fxgl_dark.css
11:05:06.470 [FXGL Background Thread 1 ] DEBUG GameApplicationServi - Initializing application scenes
11:05:06.548 [FXGL Background Thread 1 ] DEBUG GameWorld            - Game world initialized
11:05:06.603 [FXGL Background Thread 1 ] DEBUG PhysicsWorld         - Physics world initialized: appHeight=1920, physics.ppm=50,0
11:05:06.603 [FXGL Background Thread 1 ] DEBUG PhysicsWorld         - Using strategy: BRUTE_FORCE
11:05:06.609 [FXGL Background Thread 1 ] DEBUG GameScene            - Game scene initialized: 3200x1920
11:05:06.622 [FXGL Background Thread 1 ] DEBUG FXGL.DefaultMenu     - createMenuBodyGameMenu()
11:05:06.637 [FXGL Background Thread 1 ] DEBUG FXGL.DefaultMenu     - createOptionsMenu()
11:05:06.647 [FXGL Background Thread 1 ] DEBUG FXGLAssetLoaderServi - Loading from file system: jar:file:/home/max/Dokumente/referendariat/SJ2022_2023/informatik/tgi_12/projekte/spaceInvaders/target/spaceInvaders-1.0-SNAPSHOT.jar!/fxglassets/textures/particles/smoke.png
11:05:06.763 [FXGL Background Thread 1 ] DEBUG FXGLAssetLoaderServi - Loading from file system: jar:file:/home/max/Dokumente/referendariat/SJ2022_2023/informatik/tgi_12/projekte/spaceInvaders/target/spaceInvaders-1.0-SNAPSHOT.jar!/fxglassets/textures/particles/trace_horizontal.png
11:05:06.786 [FXGL Background Thread 1 ] DEBUG GameApplicationServi - Application scenes initialized
11:05:06.798 [FXGL Background Thread 1 ] DEBUG SystemBundleService  - Loading FXGL system data
11:05:06.801 [FXGL Background Thread 1 ] DEBUG FileSystemAccess     - Reading from: /home/max/Dokumente/referendariat/SJ2022_2023/informatik/tgi_12/projekte/spaceInvaders/system/fxgl.bundle
11:05:06.807 [FXGL Background Thread 1 ] DEBUG SystemBundleService  - Bundle FXGL: {}
11:05:06.808 [FXGL Background Thread 1 ] DEBUG UpdaterService       - Checking for updates
11:05:06.814 [FXGL Background Thread 4 ] DEBUG FXGLApplication      - Loading fonts
11:05:06.814 [FXGL Background Thread 4 ] DEBUG FXGLAssetLoaderServi - Loading from file system: jar:file:/home/max/Dokumente/referendariat/SJ2022_2023/informatik/tgi_12/projekte/spaceInvaders/target/spaceInvaders-1.0-SNAPSHOT.jar!/fxglassets/ui/fonts/VarelaRound-Regular.ttf
11:05:06.814 [FXGL Background Thread 1 ] DEBUG FXGLApplication      - Loading default localization
11:05:06.815 [FXGL Background Thread 1 ] DEBUG FXGLAssetLoaderServi - Loading from file system: jar:file:/home/max/Dokumente/referendariat/SJ2022_2023/informatik/tgi_12/projekte/spaceInvaders/target/spaceInvaders-1.0-SNAPSHOT.jar!/fxglassets/languages/english.lang
11:05:06.823 [FXGL Background Thread 4 ] DEBUG FXGLAssetLoaderServi - Loading from file system: jar:file:/home/max/Dokumente/referendariat/SJ2022_2023/informatik/tgi_12/projekte/spaceInvaders/target/spaceInvaders-1.0-SNAPSHOT.jar!/fxglassets/ui/fonts/Abel-Regular.ttf
11:05:06.825 [FXGL Background Thread 4 ] DEBUG FXGLAssetLoaderServi - Loading from file system: jar:file:/home/max/Dokumente/referendariat/SJ2022_2023/informatik/tgi_12/projekte/spaceInvaders/target/spaceInvaders-1.0-SNAPSHOT.jar!/fxglassets/ui/fonts/TerminalLandMono-Regular.otf
11:05:06.827 [FXGL Background Thread 4 ] DEBUG FXGLAssetLoaderServi - Loading from file system: jar:file:/home/max/Dokumente/referendariat/SJ2022_2023/informatik/tgi_12/projekte/spaceInvaders/target/spaceInvaders-1.0-SNAPSHOT.jar!/fxglassets/ui/fonts/Courier-Prime.ttf
11:05:06.829 [FXGL Background Thread 1 ] INFO  FXGLApplication      - FXGL initialization took: 0,501 sec
11:05:06.842 [JavaFX Application Thread] DEBUG Input                - Registered new binding: action0 - A
11:05:06.843 [JavaFX Application Thread] DEBUG Input                - Registered new binding: action1 - D
11:05:06.843 [JavaFX Application Thread] DEBUG Input                - Registered new binding: action2 - L
11:05:06.844 [JavaFX Application Thread] DEBUG Input                - Registered new binding: action3 - K
11:05:06.845 [JavaFX Application Thread] DEBUG Input                - Registered new binding: action4 - Space
11:05:06.846 [JavaFX Application Thread] DEBUG Input                - Registered new binding: action5 - Q
11:05:06.846 [JavaFX Application Thread] DEBUG FXGLAssetLoaderServi - Loading from file system: jar:file:/home/max/Dokumente/referendariat/SJ2022_2023/informatik/tgi_12/projekte/spaceInvaders/target/spaceInvaders-1.0-SNAPSHOT.jar!/fxglassets/textures/fxgl_icon.png
11:05:06.872 [JavaFX Application Thread] DEBUG FXGLAssetLoaderServi - Loading from file system: jar:file:/home/max/Dokumente/referendariat/SJ2022_2023/informatik/tgi_12/projekte/spaceInvaders/target/spaceInvaders-1.0-SNAPSHOT.jar!/fxglassets/textures/fxgl_default_cursor.png
11:05:06.875 [JavaFX Application Thread] DEBUG Input                - Registered new binding: Screenshot - CTRL+8
11:05:06.876 [JavaFX Application Thread] DEBUG Input                - Registered new binding: System info dump - CTRL+9
11:05:06.876 [JavaFX Application Thread] DEBUG Input                - Registered new binding: Restart - CTRL+R
11:05:06.878 [JavaFX Application Thread] DEBUG Input                - Registered new binding: Toggle Debug Camera - CTRL+7
11:05:06.880 [JavaFX Application Thread] DEBUG LoopRunner           - Starting loop
11:05:06.881 [JavaFX Application Thread] DEBUG LoopRunner           - Initializing JavaFX AnimationTimerLoop
11:05:06.883 [JavaFX Application Thread] DEBUG GameApplicationServi - Starting new game
11:05:06.883 [JavaFX Application Thread] DEBUG Input                - Clearing active input actions
11:05:06.896 [JavaFX Application Thread] DEBUG GameApplicationServi - Removing overlay from FXGLStartupScene and adding to FXGLLoadingScene
11:05:06.896 [JavaFX Application Thread] DEBUG PrimaryStageWindow   - FXGLStartupScene -> FXGLLoadingScene
11:05:06.896 [JavaFX Application Thread] DEBUG GameApplicationServi - Clearing previous game
11:05:06.896 [JavaFX Application Thread] DEBUG GameScene            - Clearing game scene
11:05:06.896 [JavaFX Application Thread] DEBUG GameWorld            - Clearing game world
11:05:06.896 [JavaFX Application Thread] DEBUG PhysicsWorld         - Clearing physics world
11:05:06.898 [FXGL Background Thread 4 ] DEBUG FXGLApplication      - Initializing game
11:05:06.903 [FXGL Background Thread 4 ] INFO  FXGLApplication      - Game initialization took: 0,004 sec
11:05:06.904 [JavaFX Application Thread] DEBUG FXGLApplication      - Registering font factories with UI factory
11:05:07.022 [JavaFX Application Thread] DEBUG Input                - Clearing active input actions
11:05:07.028 [JavaFX Application Thread] DEBUG GameApplicationServi - Removing overlay from FXGLLoadingScene and adding to GameScene
11:05:07.029 [JavaFX Application Thread] DEBUG PrimaryStageWindow   - FXGLLoadingScene -> GameScene
11:05:09.812 [FXGL Background Thread 3 ] DEBUG Engine               - Logging environment variables
11:05:09.812 [FXGL Background Thread 3 ] DEBUG Engine               - achievements: []
11:05:09.813 [FXGL Background Thread 3 ] DEBUG Engine               - actualHeight: 1885.0
11:05:09.813 [FXGL Background Thread 3 ] DEBUG Engine               - actualHeightProperty: ReadOnlyDoubleProperty [value: 1922.0]
11:05:09.813 [FXGL Background Thread 3 ] DEBUG Engine               - actualWidth: 3200.0
11:05:09.813 [FXGL Background Thread 3 ] DEBUG Engine               - actualWidthProperty: ReadOnlyDoubleProperty [value: 3200.0]
11:05:09.813 [FXGL Background Thread 3 ] DEBUG Engine               - appIcon: fxgl_icon.png
11:05:09.813 [FXGL Background Thread 3 ] DEBUG Engine               - applicationMode: DEVELOPER
11:05:09.813 [FXGL Background Thread 3 ] DEBUG Engine               - cSSList: [fxgl_dark.css]
11:05:09.813 [FXGL Background Thread 3 ] DEBUG Engine               - collisionDetectionStrategy: BRUTE_FORCE
11:05:09.813 [FXGL Background Thread 3 ] DEBUG Engine               - configClass: Optional.empty
11:05:09.813 [FXGL Background Thread 3 ] DEBUG Engine               - credits: []
11:05:09.814 [FXGL Background Thread 3 ] DEBUG Engine               - defaultCursor: CursorInfo(imageName=fxgl_default_cursor.png, hotspotX=7.0, hotspotY=6.0)
11:05:09.814 [FXGL Background Thread 3 ] DEBUG Engine               - devBBoxColorProperty: ObjectProperty [value: 0xff0000ff]
11:05:09.814 [FXGL Background Thread 3 ] DEBUG Engine               - devEnableDebugCameraProperty: BooleanProperty [value: false]
11:05:09.814 [FXGL Background Thread 3 ] DEBUG Engine               - devSensorColorProperty: ObjectProperty [value: 0xffff00ff]
11:05:09.814 [FXGL Background Thread 3 ] DEBUG Engine               - devShowBBoxProperty: BooleanProperty [value: false]
11:05:09.814 [FXGL Background Thread 3 ] DEBUG Engine               - devShowPositionProperty: BooleanProperty [value: false]
11:05:09.814 [FXGL Background Thread 3 ] DEBUG Engine               - enabledMenuItems: []
11:05:09.814 [FXGL Background Thread 3 ] DEBUG Engine               - engineServices: [class com.almasb.fxgl.app.services.FXGLAssetLoaderService, class com.almasb.fxgl.app.FXGLApplication$GameApplicationService, class com.almasb.fxgl.app.services.FXGLDialogService, class com.almasb.fxgl.app.services.IOTaskExecutorService, class com.almasb.fxgl.io.FileSystemService, class com.almasb.fxgl.localization.LocalizationService, class com.almasb.fxgl.app.services.SystemBundleService, class com.almasb.fxgl.profile.SaveLoadService, class com.almasb.fxgl.ui.FXGLUIFactoryServiceProvider, class com.almasb.fxgl.ui.FXGLDialogFactoryServiceProvider, class com.almasb.fxgl.audio.AudioPlayer, class com.almasb.fxgl.notification.impl.NotificationServiceProvider, class com.almasb.fxgl.achievement.AchievementService, class com.almasb.fxgl.cutscene.CutsceneService, class com.almasb.fxgl.minigames.MiniGameService, class com.almasb.fxgl.net.NetService, class com.almasb.fxgl.app.services.UpdaterService, class com.almasb.fxgl.dev.DevService]
11:05:09.814 [FXGL Background Thread 3 ] DEBUG Engine               - fontGame: Abel-Regular.ttf
11:05:09.814 [FXGL Background Thread 3 ] DEBUG Engine               - fontMono: TerminalLandMono-Regular.otf
11:05:09.814 [FXGL Background Thread 3 ] DEBUG Engine               - fontSizeScaleUI: 1.0
11:05:09.815 [FXGL Background Thread 3 ] DEBUG Engine               - fontText: Courier-Prime.ttf
11:05:09.815 [FXGL Background Thread 3 ] DEBUG Engine               - fontUI: VarelaRound-Regular.ttf
11:05:09.815 [FXGL Background Thread 3 ] DEBUG Engine               - fpsRefreshRate: 500.0 ms
11:05:09.815 [FXGL Background Thread 3 ] DEBUG Engine               - fullScreen: BooleanProperty [value: false]
11:05:09.815 [FXGL Background Thread 3 ] DEBUG Engine               - gameDifficulty: MEDIUM
11:05:09.815 [FXGL Background Thread 3 ] DEBUG Engine               - gameDifficultyProperty: ObjectProperty [value: MEDIUM]
11:05:09.815 [FXGL Background Thread 3 ] DEBUG Engine               - globalMusicVolume: 0.5
11:05:09.815 [FXGL Background Thread 3 ] DEBUG Engine               - globalMusicVolumeProperty: DoubleProperty [value: 0.5]
11:05:09.815 [FXGL Background Thread 3 ] DEBUG Engine               - globalSoundVolume: 0.5
11:05:09.815 [FXGL Background Thread 3 ] DEBUG Engine               - globalSoundVolumeProperty: DoubleProperty [value: 0.5]
11:05:09.815 [FXGL Background Thread 3 ] DEBUG Engine               - height: 1920
11:05:09.815 [FXGL Background Thread 3 ] DEBUG Engine               - is3D: false
11:05:09.816 [FXGL Background Thread 3 ] DEBUG Engine               - isAndroid: false
11:05:09.816 [FXGL Background Thread 3 ] DEBUG Engine               - isBrowser: false
11:05:09.816 [FXGL Background Thread 3 ] DEBUG Engine               - isClickFeedbackEnabled: false
11:05:09.816 [FXGL Background Thread 3 ] DEBUG Engine               - isCloseConfirmation: false
11:05:09.816 [FXGL Background Thread 3 ] DEBUG Engine               - isDesktop: true
11:05:09.816 [FXGL Background Thread 3 ] DEBUG Engine               - isDeveloperMenuEnabled: false
11:05:09.816 [FXGL Background Thread 3 ] DEBUG Engine               - isEmbedded: false
11:05:09.816 [FXGL Background Thread 3 ] DEBUG Engine               - isEntityPreloadEnabled: true
11:05:09.816 [FXGL Background Thread 3 ] DEBUG Engine               - isExperimentalTiledLargeMap: false
11:05:09.816 [FXGL Background Thread 3 ] DEBUG Engine               - isFileSystemWriteAllowed: true
11:05:09.816 [FXGL Background Thread 3 ] DEBUG Engine               - isFullScreenAllowed: false
11:05:09.816 [FXGL Background Thread 3 ] DEBUG Engine               - isFullScreenFromStart: false
11:05:09.816 [FXGL Background Thread 3 ] DEBUG Engine               - isGameMenuEnabled: true
11:05:09.816 [FXGL Background Thread 3 ] DEBUG Engine               - isIOS: false
11:05:09.817 [FXGL Background Thread 3 ] DEBUG Engine               - isIntroEnabled: false
11:05:09.817 [FXGL Background Thread 3 ] DEBUG Engine               - isLinux: true
11:05:09.817 [FXGL Background Thread 3 ] DEBUG Engine               - isMac: false
11:05:09.817 [FXGL Background Thread 3 ] DEBUG Engine               - isMainMenuEnabled: false
11:05:09.817 [FXGL Background Thread 3 ] DEBUG Engine               - isManualResizeEnabled: false
11:05:09.817 [FXGL Background Thread 3 ] DEBUG Engine               - isMobile: false
11:05:09.817 [FXGL Background Thread 3 ] DEBUG Engine               - isNative: false
11:05:09.817 [FXGL Background Thread 3 ] DEBUG Engine               - isPauseMusicWhenMinimized: true
11:05:09.817 [FXGL Background Thread 3 ] DEBUG Engine               - isPreserveResizeRatio: false
11:05:09.817 [FXGL Background Thread 3 ] DEBUG Engine               - isProfilingEnabled: false
11:05:09.817 [FXGL Background Thread 3 ] DEBUG Engine               - isScaleAffectedOnResize: true
11:05:09.817 [FXGL Background Thread 3 ] DEBUG Engine               - isSingleStep: false
11:05:09.817 [FXGL Background Thread 3 ] DEBUG Engine               - isUserProfileEnabled: false
11:05:09.817 [FXGL Background Thread 3 ] DEBUG Engine               - isWindows: false
11:05:09.817 [FXGL Background Thread 3 ] DEBUG Engine               - language: ObjectProperty [value: ENGLISH]
11:05:09.817 [FXGL Background Thread 3 ] DEBUG Engine               - menuKey: ESCAPE
11:05:09.817 [FXGL Background Thread 3 ] DEBUG Engine               - mouseSensitivity: 0.2
11:05:09.817 [FXGL Background Thread 3 ] DEBUG Engine               - notificationViewClass: class com.almasb.fxgl.notification.view.XboxNotificationView
11:05:09.817 [FXGL Background Thread 3 ] DEBUG Engine               - pixelsPerMeter: 50.0
11:05:09.817 [FXGL Background Thread 3 ] DEBUG Engine               - platform: LINUX
11:05:09.817 [FXGL Background Thread 3 ] DEBUG Engine               - prefHeightProperty: ReadOnlyDoubleProperty [value: 1920.0]
11:05:09.818 [FXGL Background Thread 3 ] DEBUG Engine               - prefWidthProperty: ReadOnlyDoubleProperty [value: 3200.0]
11:05:09.818 [FXGL Background Thread 3 ] DEBUG Engine               - profileDir: profiles/
11:05:09.818 [FXGL Background Thread 3 ] DEBUG Engine               - profileName: StringProperty [value: DEFAULT]
11:05:09.818 [FXGL Background Thread 3 ] DEBUG Engine               - randomSeed: -1
11:05:09.818 [FXGL Background Thread 3 ] DEBUG Engine               - runtimeInfo: RuntimeInfo(platform=LINUX, version=25, build=05.02.2026 22.57)
11:05:09.818 [FXGL Background Thread 3 ] DEBUG Engine               - saveFileExt: sav
11:05:09.818 [FXGL Background Thread 3 ] DEBUG Engine               - scaledHeightProp$fxgl: DoubleProperty [bound, value: 1922.0]
11:05:09.818 [FXGL Background Thread 3 ] DEBUG Engine               - scaledWidthProp$fxgl: DoubleProperty [bound, value: 3200.0]
11:05:09.818 [FXGL Background Thread 3 ] DEBUG Engine               - sceneFactory: com.almasb.fxgl.app.scene.SceneFactory@6c499928
11:05:09.818 [FXGL Background Thread 3 ] DEBUG Engine               - secondsIn24h: 60
11:05:09.818 [FXGL Background Thread 3 ] DEBUG Engine               - soundMenuBack: menu/back.wav
11:05:09.818 [FXGL Background Thread 3 ] DEBUG Engine               - soundMenuPress: menu/press.wav
11:05:09.818 [FXGL Background Thread 3 ] DEBUG Engine               - soundMenuSelect: menu/select.wav
11:05:09.818 [FXGL Background Thread 3 ] DEBUG Engine               - soundNotification: core/notification.wav
11:05:09.818 [FXGL Background Thread 3 ] DEBUG Engine               - stageStyle: DECORATED
11:05:09.818 [FXGL Background Thread 3 ] DEBUG Engine               - supportedLanguages: [ENGLISH, FRENCH, GERMAN, HUNGARIAN, RUSSIAN]
11:05:09.818 [FXGL Background Thread 3 ] DEBUG Engine               - ticksPerSecond: -1
11:05:09.818 [FXGL Background Thread 3 ] DEBUG Engine               - title: Space Invaders
11:05:09.819 [FXGL Background Thread 3 ] DEBUG Engine               - urlGithub: https://github.com/AlmasB/FXGL
11:05:09.819 [FXGL Background Thread 3 ] DEBUG Engine               - urlLeaderboard: http://fxgl-top.herokuapp.com/
11:05:09.819 [FXGL Background Thread 3 ] DEBUG Engine               - urlPOM: https://raw.githubusercontent.com/AlmasB/FXGL/release/README.md
11:05:09.819 [FXGL Background Thread 3 ] DEBUG Engine               - userAppClass: class org.example.GUI
11:05:09.819 [FXGL Background Thread 3 ] DEBUG Engine               - version: 0.0
11:05:09.819 [FXGL Background Thread 3 ] DEBUG Engine               - versionCheckDays: 7
11:05:09.819 [FXGL Background Thread 3 ] DEBUG Engine               - width: 3200
11:05:09.819 [FXGL Background Thread 3 ] DEBUG Engine               - Logging services
11:05:09.819 [FXGL Background Thread 3 ] DEBUG Engine               - class com.almasb.fxgl.app.services.FXGLAssetLoaderService
11:05:09.819 [FXGL Background Thread 3 ] DEBUG Engine               - class com.almasb.fxgl.app.FXGLApplication$GameApplicationService
11:05:09.819 [FXGL Background Thread 3 ] DEBUG Engine               - class com.almasb.fxgl.app.services.FXGLDialogService
11:05:09.819 [FXGL Background Thread 3 ] DEBUG Engine               - class com.almasb.fxgl.app.services.IOTaskExecutorService
11:05:09.819 [FXGL Background Thread 3 ] DEBUG Engine               - class com.almasb.fxgl.io.FileSystemService
11:05:09.819 [FXGL Background Thread 3 ] DEBUG Engine               - class com.almasb.fxgl.localization.LocalizationService
11:05:09.819 [FXGL Background Thread 3 ] DEBUG Engine               - class com.almasb.fxgl.app.services.SystemBundleService
11:05:09.819 [FXGL Background Thread 3 ] DEBUG Engine               - class com.almasb.fxgl.profile.SaveLoadService
11:05:09.819 [FXGL Background Thread 3 ] DEBUG Engine               - class com.almasb.fxgl.ui.FXGLUIFactoryServiceProvider
11:05:09.819 [FXGL Background Thread 3 ] DEBUG Engine               - class com.almasb.fxgl.ui.FXGLDialogFactoryServiceProvider
11:05:09.819 [FXGL Background Thread 3 ] DEBUG Engine               - class com.almasb.fxgl.audio.AudioPlayer
11:05:09.820 [FXGL Background Thread 3 ] DEBUG Engine               - class com.almasb.fxgl.notification.impl.NotificationServiceProvider
11:05:09.820 [FXGL Background Thread 3 ] DEBUG Engine               - class com.almasb.fxgl.achievement.AchievementService
11:05:09.820 [FXGL Background Thread 3 ] DEBUG Engine               - class com.almasb.fxgl.cutscene.CutsceneService
11:05:09.820 [FXGL Background Thread 3 ] DEBUG Engine               - class com.almasb.fxgl.minigames.MiniGameService
11:05:09.820 [FXGL Background Thread 3 ] DEBUG Engine               - class com.almasb.fxgl.net.NetService
11:05:09.820 [FXGL Background Thread 3 ] DEBUG Engine               - class com.almasb.fxgl.app.services.UpdaterService
11:05:09.820 [FXGL Background Thread 3 ] DEBUG Engine               - class com.almasb.fxgl.dev.DevService
11:07:42.425 [JavaFX Application Thread] DEBUG FXGLApplication      - Exiting FXGL
11:07:42.426 [JavaFX Application Thread] DEBUG LoopRunner           - Stopping loop
11:07:42.426 [JavaFX Application Thread] DEBUG SystemBundleService  - Saving FXGL system data
11:07:42.428 [JavaFX Application Thread] DEBUG FileSystemAccess     - Writing to: /home/max/Dokumente/referendariat/SJ2022_2023/informatik/tgi_12/projekte/spaceInvaders/system/fxgl.bundle
11:07:42.429 [JavaFX Application Thread] DEBUG Async                - Shutting down background threads
11:07:42.430 [JavaFX Application Thread] DEBUG PrimaryStageWindow   - Closing main window
11:07:42.432 [JavaFX Application Thread] DEBUG Logger               - Closing Logger
