10:44:31.806 [main                     ] DEBUG Logger               - Configured Logger
10:44:31.822 [main                     ] DEBUG GameApplication      - Logging settings
Title: Space Invaders
Version: 0.0
Width: 3200
Height: 1920
Fullscreen: false
Intro: false
Profiling: false
Single step:false
App Mode: DEVELOPER
Menu Key: ESCAPE
Stage Style: DECORATED
Scene Factory: class com.almasb.fxgl.app.scene.SceneFactory

10:44:32.259 [JavaFX Application Thread] DEBUG FXGLApplication      - Initializing FXGL
10:44:32.266 [JavaFX Application Thread] INFO  Engine               - FXGL-25 (05.02.2026 22.57) on LINUX (J:25.0.2 FX:25.0.1)
10:44:32.267 [JavaFX Application Thread] DEBUG Engine               - JRE Vendor Name: Eclipse Adoptium
10:44:32.267 [JavaFX Application Thread] DEBUG Engine               - Running on OS: Linux version 6.19.6-1-default
10:44:32.267 [JavaFX Application Thread] DEBUG Engine               - Architecture: amd64
10:44:32.267 [JavaFX Application Thread] INFO  Engine               - Source code and latest versions at: https://github.com/AlmasB/FXGL
10:44:32.268 [JavaFX Application Thread] INFO  Engine               -       Ask questions and discuss at: https://github.com/AlmasB/FXGL/discussions
10:44:32.371 [JavaFX Application Thread] DEBUG PrimaryStageWindow   - Creating a JavaFX scene
10:44:32.517 [JavaFX Application Thread] DEBUG PrimaryStageWindow   - Target settings size: 3200.0 x 1920.0
10:44:32.517 [JavaFX Application Thread] DEBUG PrimaryStageWindow   - Scaled scene size:    3200.0 x 1920.0
10:44:32.517 [JavaFX Application Thread] DEBUG PrimaryStageWindow   - Scaled ratio: (1.0, 1.0)
10:44:32.519 [JavaFX Application Thread] DEBUG PrimaryStageWindow   - Set initial scene to FXGLStartupScene
10:44:32.525 [JavaFX Application Thread] DEBUG PrimaryStageWindow   - Opening main window
10:44:32.560 [JavaFX Application Thread] DEBUG PrimaryStageWindow   - Window border size: (0.0, 35.0)
10:44:32.561 [JavaFX Application Thread] DEBUG PrimaryStageWindow   - Scaled size: 3200.0 x 1885.0
10:44:32.561 [JavaFX Application Thread] DEBUG PrimaryStageWindow   - Scaled ratio: (1.0, 0.9817708333333334)
10:44:32.561 [JavaFX Application Thread] DEBUG PrimaryStageWindow   - Scene size: 3200.0 x 1920.0
10:44:32.561 [JavaFX Application Thread] DEBUG PrimaryStageWindow   - Stage size: 3200.0 x 1920.0
10:44:32.567 [FXGL Background Thread 1 ] DEBUG Engine               - Initializing environment variables
10:44:32.629 [FXGL Background Thread 1 ] DEBUG FXGLAssetLoaderServi - User app class for loading assets: class org.example.GUI
10:44:32.629 [FXGL Background Thread 1 ] DEBUG GameApplicationServi - Applying CSS: fxgl_dark.css
10:44:32.630 [FXGL Background Thread 1 ] DEBUG FXGLAssetLoaderServi - Loading from file system: jar:file:/home/max/.m2/repository/com/github/almasb/fxgl/25/fxgl-25.jar!/fxglassets/ui/css/fxgl_dark.css
10:44:32.737 [FXGL Background Thread 1 ] DEBUG GameApplicationServi - Initializing application scenes
10:44:32.861 [FXGL Background Thread 1 ] DEBUG GameWorld            - Game world initialized
10:44:32.927 [FXGL Background Thread 1 ] DEBUG PhysicsWorld         - Physics world initialized: appHeight=1920, physics.ppm=50,0
10:44:32.928 [FXGL Background Thread 1 ] DEBUG PhysicsWorld         - Using strategy: BRUTE_FORCE
10:44:32.940 [FXGL Background Thread 1 ] DEBUG GameScene            - Game scene initialized: 3200x1920
10:44:32.953 [FXGL Background Thread 1 ] DEBUG FXGL.DefaultMenu     - createMenuBodyGameMenu()
10:44:32.987 [FXGL Background Thread 1 ] DEBUG FXGL.DefaultMenu     - createOptionsMenu()
10:44:33.002 [FXGL Background Thread 1 ] DEBUG FXGLAssetLoaderServi - Loading from file system: jar:file:/home/max/.m2/repository/com/github/almasb/fxgl/25/fxgl-25.jar!/fxglassets/textures/particles/smoke.png
10:44:33.087 [FXGL Background Thread 1 ] DEBUG FXGLAssetLoaderServi - Loading from file system: jar:file:/home/max/.m2/repository/com/github/almasb/fxgl/25/fxgl-25.jar!/fxglassets/textures/particles/trace_horizontal.png
10:44:33.120 [FXGL Background Thread 1 ] DEBUG GameApplicationServi - Application scenes initialized
10:44:33.130 [FXGL Background Thread 1 ] DEBUG SystemBundleService  - Loading FXGL system data
10:44:33.131 [FXGL Background Thread 1 ] DEBUG FileSystemAccess     - Reading from: /home/max/Dokumente/referendariat/SJ2022_2023/informatik/tgi_12/projekte/spaceInvaders/system/fxgl.bundle
10:44:33.133 [FXGL Background Thread 1 ] DEBUG SystemBundleService  - Bundle FXGL: {}
10:44:33.133 [FXGL Background Thread 1 ] DEBUG UpdaterService       - Checking for updates
10:44:33.136 [FXGL Background Thread 4 ] DEBUG FXGLApplication      - Loading fonts
10:44:33.136 [FXGL Background Thread 4 ] DEBUG FXGLAssetLoaderServi - Loading from file system: jar:file:/home/max/.m2/repository/com/github/almasb/fxgl/25/fxgl-25.jar!/fxglassets/ui/fonts/VarelaRound-Regular.ttf
10:44:33.137 [FXGL Background Thread 1 ] DEBUG FXGLApplication      - Loading default localization
10:44:33.137 [FXGL Background Thread 1 ] DEBUG FXGLAssetLoaderServi - Loading from file system: jar:file:/home/max/.m2/repository/com/github/almasb/fxgl/25/fxgl-25.jar!/fxglassets/languages/english.lang
10:44:33.140 [FXGL Background Thread 4 ] DEBUG FXGLAssetLoaderServi - Loading from file system: jar:file:/home/max/.m2/repository/com/github/almasb/fxgl/25/fxgl-25.jar!/fxglassets/ui/fonts/Abel-Regular.ttf
10:44:33.141 [FXGL Background Thread 4 ] DEBUG FXGLAssetLoaderServi - Loading from file system: jar:file:/home/max/.m2/repository/com/github/almasb/fxgl/25/fxgl-25.jar!/fxglassets/ui/fonts/TerminalLandMono-Regular.otf
10:44:33.143 [FXGL Background Thread 4 ] DEBUG FXGLAssetLoaderServi - Loading from file system: jar:file:/home/max/.m2/repository/com/github/almasb/fxgl/25/fxgl-25.jar!/fxglassets/ui/fonts/Courier-Prime.ttf
10:44:33.147 [JavaFX Application Thread] DEBUG FXGLApplication      - Registering font factories with UI factory
10:44:33.149 [FXGL Background Thread 1 ] INFO  FXGLApplication      - FXGL initialization took: 0,582 sec
10:44:33.164 [JavaFX Application Thread] DEBUG Input                - Registered new binding: action0 - A
10:44:33.164 [JavaFX Application Thread] DEBUG Input                - Registered new binding: action1 - D
10:44:33.166 [JavaFX Application Thread] DEBUG Input                - Registered new binding: action2 - L
10:44:33.167 [JavaFX Application Thread] DEBUG Input                - Registered new binding: action3 - K
10:44:33.167 [JavaFX Application Thread] DEBUG Input                - Registered new binding: action4 - Space
10:44:33.168 [JavaFX Application Thread] DEBUG Input                - Registered new binding: action5 - Q
10:44:33.168 [JavaFX Application Thread] DEBUG FXGLAssetLoaderServi - Loading from file system: jar:file:/home/max/.m2/repository/com/github/almasb/fxgl/25/fxgl-25.jar!/fxglassets/textures/fxgl_icon.png
10:44:33.183 [JavaFX Application Thread] DEBUG FXGLAssetLoaderServi - Loading from file system: jar:file:/home/max/.m2/repository/com/github/almasb/fxgl/25/fxgl-25.jar!/fxglassets/textures/fxgl_default_cursor.png
10:44:33.185 [JavaFX Application Thread] DEBUG Input                - Registered new binding: Screenshot - CTRL+8
10:44:33.185 [JavaFX Application Thread] DEBUG Input                - Registered new binding: System info dump - CTRL+9
10:44:33.185 [JavaFX Application Thread] DEBUG Input                - Registered new binding: Restart - CTRL+R
10:44:33.186 [JavaFX Application Thread] DEBUG Input                - Registered new binding: Toggle Debug Camera - CTRL+7
10:44:33.189 [JavaFX Application Thread] DEBUG LoopRunner           - Starting loop
10:44:33.189 [JavaFX Application Thread] DEBUG LoopRunner           - Initializing JavaFX AnimationTimerLoop
10:44:33.191 [JavaFX Application Thread] DEBUG GameApplicationServi - Starting new game
10:44:33.192 [JavaFX Application Thread] DEBUG Input                - Clearing active input actions
10:44:33.209 [JavaFX Application Thread] DEBUG GameApplicationServi - Removing overlay from FXGLStartupScene and adding to FXGLLoadingScene
10:44:33.210 [JavaFX Application Thread] DEBUG PrimaryStageWindow   - FXGLStartupScene -> FXGLLoadingScene
10:44:33.210 [JavaFX Application Thread] DEBUG GameApplicationServi - Clearing previous game
10:44:33.210 [JavaFX Application Thread] DEBUG GameScene            - Clearing game scene
10:44:33.210 [JavaFX Application Thread] DEBUG GameWorld            - Clearing game world
10:44:33.210 [JavaFX Application Thread] DEBUG PhysicsWorld         - Clearing physics world
10:44:33.212 [FXGL Background Thread 1 ] DEBUG FXGLApplication      - Initializing game
10:44:33.216 [FXGL Background Thread 1 ] INFO  FXGLApplication      - Game initialization took: 0,004 sec
10:44:33.321 [JavaFX Application Thread] DEBUG Input                - Clearing active input actions
10:44:33.330 [JavaFX Application Thread] DEBUG GameApplicationServi - Removing overlay from FXGLLoadingScene and adding to GameScene
10:44:33.330 [JavaFX Application Thread] DEBUG PrimaryStageWindow   - FXGLLoadingScene -> GameScene
10:44:36.135 [FXGL Background Thread 3 ] DEBUG Engine               - Logging environment variables
10:44:36.136 [FXGL Background Thread 3 ] DEBUG Engine               - achievements: []
10:44:36.136 [FXGL Background Thread 3 ] DEBUG Engine               - actualHeight: 1885.0
10:44:36.136 [FXGL Background Thread 3 ] DEBUG Engine               - actualHeightProperty: ReadOnlyDoubleProperty [value: 1922.0]
10:44:36.136 [FXGL Background Thread 3 ] DEBUG Engine               - actualWidth: 3200.0
10:44:36.136 [FXGL Background Thread 3 ] DEBUG Engine               - actualWidthProperty: ReadOnlyDoubleProperty [value: 3200.0]
10:44:36.136 [FXGL Background Thread 3 ] DEBUG Engine               - appIcon: fxgl_icon.png
10:44:36.136 [FXGL Background Thread 3 ] DEBUG Engine               - applicationMode: DEVELOPER
10:44:36.137 [FXGL Background Thread 3 ] DEBUG Engine               - cSSList: [fxgl_dark.css]
10:44:36.137 [FXGL Background Thread 3 ] DEBUG Engine               - collisionDetectionStrategy: BRUTE_FORCE
10:44:36.137 [FXGL Background Thread 3 ] DEBUG Engine               - configClass: Optional.empty
10:44:36.137 [FXGL Background Thread 3 ] DEBUG Engine               - credits: []
10:44:36.137 [FXGL Background Thread 3 ] DEBUG Engine               - defaultCursor: CursorInfo(imageName=fxgl_default_cursor.png, hotspotX=7.0, hotspotY=6.0)
10:44:36.137 [FXGL Background Thread 3 ] DEBUG Engine               - devBBoxColorProperty: ObjectProperty [value: 0xff0000ff]
10:44:36.137 [FXGL Background Thread 3 ] DEBUG Engine               - devEnableDebugCameraProperty: BooleanProperty [value: false]
10:44:36.137 [FXGL Background Thread 3 ] DEBUG Engine               - devSensorColorProperty: ObjectProperty [value: 0xffff00ff]
10:44:36.138 [FXGL Background Thread 3 ] DEBUG Engine               - devShowBBoxProperty: BooleanProperty [value: false]
10:44:36.138 [FXGL Background Thread 3 ] DEBUG Engine               - devShowPositionProperty: BooleanProperty [value: false]
10:44:36.138 [FXGL Background Thread 3 ] DEBUG Engine               - enabledMenuItems: []
10:44:36.138 [FXGL Background Thread 3 ] DEBUG Engine               - engineServices: [class com.almasb.fxgl.app.services.FXGLAssetLoaderService, class com.almasb.fxgl.app.FXGLApplication$GameApplicationService, class com.almasb.fxgl.app.services.FXGLDialogService, class com.almasb.fxgl.app.services.IOTaskExecutorService, class com.almasb.fxgl.io.FileSystemService, class com.almasb.fxgl.localization.LocalizationService, class com.almasb.fxgl.app.services.SystemBundleService, class com.almasb.fxgl.profile.SaveLoadService, class com.almasb.fxgl.ui.FXGLUIFactoryServiceProvider, class com.almasb.fxgl.ui.FXGLDialogFactoryServiceProvider, class com.almasb.fxgl.audio.AudioPlayer, class com.almasb.fxgl.notification.impl.NotificationServiceProvider, class com.almasb.fxgl.achievement.AchievementService, class com.almasb.fxgl.cutscene.CutsceneService, class com.almasb.fxgl.minigames.MiniGameService, class com.almasb.fxgl.net.NetService, class com.almasb.fxgl.app.services.UpdaterService, class com.almasb.fxgl.dev.DevService]
10:44:36.138 [FXGL Background Thread 3 ] DEBUG Engine               - fontGame: Abel-Regular.ttf
10:44:36.138 [FXGL Background Thread 3 ] DEBUG Engine               - fontMono: TerminalLandMono-Regular.otf
10:44:36.138 [FXGL Background Thread 3 ] DEBUG Engine               - fontSizeScaleUI: 1.0
10:44:36.138 [FXGL Background Thread 3 ] DEBUG Engine               - fontText: Courier-Prime.ttf
10:44:36.138 [FXGL Background Thread 3 ] DEBUG Engine               - fontUI: VarelaRound-Regular.ttf
10:44:36.139 [FXGL Background Thread 3 ] DEBUG Engine               - fpsRefreshRate: 500.0 ms
10:44:36.139 [FXGL Background Thread 3 ] DEBUG Engine               - fullScreen: BooleanProperty [value: false]
10:44:36.139 [FXGL Background Thread 3 ] DEBUG Engine               - gameDifficulty: MEDIUM
10:44:36.139 [FXGL Background Thread 3 ] DEBUG Engine               - gameDifficultyProperty: ObjectProperty [value: MEDIUM]
10:44:36.139 [FXGL Background Thread 3 ] DEBUG Engine               - globalMusicVolume: 0.5
10:44:36.139 [FXGL Background Thread 3 ] DEBUG Engine               - globalMusicVolumeProperty: DoubleProperty [value: 0.5]
10:44:36.139 [FXGL Background Thread 3 ] DEBUG Engine               - globalSoundVolume: 0.5
10:44:36.139 [FXGL Background Thread 3 ] DEBUG Engine               - globalSoundVolumeProperty: DoubleProperty [value: 0.5]
10:44:36.139 [FXGL Background Thread 3 ] DEBUG Engine               - height: 1920
10:44:36.139 [FXGL Background Thread 3 ] DEBUG Engine               - is3D: false
10:44:36.140 [FXGL Background Thread 3 ] DEBUG Engine               - isAndroid: false
10:44:36.140 [FXGL Background Thread 3 ] DEBUG Engine               - isBrowser: false
10:44:36.140 [FXGL Background Thread 3 ] DEBUG Engine               - isClickFeedbackEnabled: false
10:44:36.140 [FXGL Background Thread 3 ] DEBUG Engine               - isCloseConfirmation: false
10:44:36.140 [FXGL Background Thread 3 ] DEBUG Engine               - isDesktop: true
10:44:36.140 [FXGL Background Thread 3 ] DEBUG Engine               - isDeveloperMenuEnabled: false
10:44:36.140 [FXGL Background Thread 3 ] DEBUG Engine               - isEmbedded: false
10:44:36.140 [FXGL Background Thread 3 ] DEBUG Engine               - isEntityPreloadEnabled: true
10:44:36.140 [FXGL Background Thread 3 ] DEBUG Engine               - isExperimentalTiledLargeMap: false
10:44:36.140 [FXGL Background Thread 3 ] DEBUG Engine               - isFileSystemWriteAllowed: true
10:44:36.140 [FXGL Background Thread 3 ] DEBUG Engine               - isFullScreenAllowed: false
10:44:36.140 [FXGL Background Thread 3 ] DEBUG Engine               - isFullScreenFromStart: false
10:44:36.140 [FXGL Background Thread 3 ] DEBUG Engine               - isGameMenuEnabled: true
10:44:36.140 [FXGL Background Thread 3 ] DEBUG Engine               - isIOS: false
10:44:36.141 [FXGL Background Thread 3 ] DEBUG Engine               - isIntroEnabled: false
10:44:36.141 [FXGL Background Thread 3 ] DEBUG Engine               - isLinux: true
10:44:36.141 [FXGL Background Thread 3 ] DEBUG Engine               - isMac: false
10:44:36.141 [FXGL Background Thread 3 ] DEBUG Engine               - isMainMenuEnabled: false
10:44:36.141 [FXGL Background Thread 3 ] DEBUG Engine               - isManualResizeEnabled: false
10:44:36.141 [FXGL Background Thread 3 ] DEBUG Engine               - isMobile: false
10:44:36.141 [FXGL Background Thread 3 ] DEBUG Engine               - isNative: false
10:44:36.141 [FXGL Background Thread 3 ] DEBUG Engine               - isPauseMusicWhenMinimized: true
10:44:36.141 [FXGL Background Thread 3 ] DEBUG Engine               - isPreserveResizeRatio: false
10:44:36.141 [FXGL Background Thread 3 ] DEBUG Engine               - isProfilingEnabled: false
10:44:36.141 [FXGL Background Thread 3 ] DEBUG Engine               - isScaleAffectedOnResize: true
10:44:36.141 [FXGL Background Thread 3 ] DEBUG Engine               - isSingleStep: false
10:44:36.142 [FXGL Background Thread 3 ] DEBUG Engine               - isUserProfileEnabled: false
10:44:36.142 [FXGL Background Thread 3 ] DEBUG Engine               - isWindows: false
10:44:36.142 [FXGL Background Thread 3 ] DEBUG Engine               - language: ObjectProperty [value: ENGLISH]
10:44:36.142 [FXGL Background Thread 3 ] DEBUG Engine               - menuKey: ESCAPE
10:44:36.142 [FXGL Background Thread 3 ] DEBUG Engine               - mouseSensitivity: 0.2
10:44:36.142 [FXGL Background Thread 3 ] DEBUG Engine               - notificationViewClass: class com.almasb.fxgl.notification.view.XboxNotificationView
10:44:36.142 [FXGL Background Thread 3 ] DEBUG Engine               - pixelsPerMeter: 50.0
10:44:36.142 [FXGL Background Thread 3 ] DEBUG Engine               - platform: LINUX
10:44:36.142 [FXGL Background Thread 3 ] DEBUG Engine               - prefHeightProperty: ReadOnlyDoubleProperty [value: 1920.0]
10:44:36.142 [FXGL Background Thread 3 ] DEBUG Engine               - prefWidthProperty: ReadOnlyDoubleProperty [value: 3200.0]
10:44:36.142 [FXGL Background Thread 3 ] DEBUG Engine               - profileDir: profiles/
10:44:36.142 [FXGL Background Thread 3 ] DEBUG Engine               - profileName: StringProperty [value: DEFAULT]
10:44:36.142 [FXGL Background Thread 3 ] DEBUG Engine               - randomSeed: -1
10:44:36.143 [FXGL Background Thread 3 ] DEBUG Engine               - runtimeInfo: RuntimeInfo(platform=LINUX, version=25, build=05.02.2026 22.57)
10:44:36.143 [FXGL Background Thread 3 ] DEBUG Engine               - saveFileExt: sav
10:44:36.143 [FXGL Background Thread 3 ] DEBUG Engine               - scaledHeightProp$fxgl: DoubleProperty [bound, value: 1922.0]
10:44:36.143 [FXGL Background Thread 3 ] DEBUG Engine               - scaledWidthProp$fxgl: DoubleProperty [bound, value: 3200.0]
10:44:36.143 [FXGL Background Thread 3 ] DEBUG Engine               - sceneFactory: com.almasb.fxgl.app.scene.SceneFactory@525dc956
10:44:36.143 [FXGL Background Thread 3 ] DEBUG Engine               - secondsIn24h: 60
10:44:36.143 [FXGL Background Thread 3 ] DEBUG Engine               - soundMenuBack: menu/back.wav
10:44:36.143 [FXGL Background Thread 3 ] DEBUG Engine               - soundMenuPress: menu/press.wav
10:44:36.143 [FXGL Background Thread 3 ] DEBUG Engine               - soundMenuSelect: menu/select.wav
10:44:36.143 [FXGL Background Thread 3 ] DEBUG Engine               - soundNotification: core/notification.wav
10:44:36.144 [FXGL Background Thread 3 ] DEBUG Engine               - stageStyle: DECORATED
10:44:36.144 [FXGL Background Thread 3 ] DEBUG Engine               - supportedLanguages: [ENGLISH, FRENCH, GERMAN, HUNGARIAN, RUSSIAN]
10:44:36.144 [FXGL Background Thread 3 ] DEBUG Engine               - ticksPerSecond: -1
10:44:36.144 [FXGL Background Thread 3 ] DEBUG Engine               - title: Space Invaders
10:44:36.144 [FXGL Background Thread 3 ] DEBUG Engine               - urlGithub: https://github.com/AlmasB/FXGL
10:44:36.144 [FXGL Background Thread 3 ] DEBUG Engine               - urlLeaderboard: http://fxgl-top.herokuapp.com/
10:44:36.144 [FXGL Background Thread 3 ] DEBUG Engine               - urlPOM: https://raw.githubusercontent.com/AlmasB/FXGL/release/README.md
10:44:36.144 [FXGL Background Thread 3 ] DEBUG Engine               - userAppClass: class org.example.GUI
10:44:36.144 [FXGL Background Thread 3 ] DEBUG Engine               - version: 0.0
10:44:36.144 [FXGL Background Thread 3 ] DEBUG Engine               - versionCheckDays: 7
10:44:36.144 [FXGL Background Thread 3 ] DEBUG Engine               - width: 3200
10:44:36.144 [FXGL Background Thread 3 ] DEBUG Engine               - Logging services
10:44:36.145 [FXGL Background Thread 3 ] DEBUG Engine               - class com.almasb.fxgl.app.services.FXGLAssetLoaderService
10:44:36.145 [FXGL Background Thread 3 ] DEBUG Engine               - class com.almasb.fxgl.app.FXGLApplication$GameApplicationService
10:44:36.145 [FXGL Background Thread 3 ] DEBUG Engine               - class com.almasb.fxgl.app.services.FXGLDialogService
10:44:36.145 [FXGL Background Thread 3 ] DEBUG Engine               - class com.almasb.fxgl.app.services.IOTaskExecutorService
10:44:36.145 [FXGL Background Thread 3 ] DEBUG Engine               - class com.almasb.fxgl.io.FileSystemService
10:44:36.145 [FXGL Background Thread 3 ] DEBUG Engine               - class com.almasb.fxgl.localization.LocalizationService
10:44:36.145 [FXGL Background Thread 3 ] DEBUG Engine               - class com.almasb.fxgl.app.services.SystemBundleService
10:44:36.145 [FXGL Background Thread 3 ] DEBUG Engine               - class com.almasb.fxgl.profile.SaveLoadService
10:44:36.145 [FXGL Background Thread 3 ] DEBUG Engine               - class com.almasb.fxgl.ui.FXGLUIFactoryServiceProvider
10:44:36.145 [FXGL Background Thread 3 ] DEBUG Engine               - class com.almasb.fxgl.ui.FXGLDialogFactoryServiceProvider
10:44:36.145 [FXGL Background Thread 3 ] DEBUG Engine               - class com.almasb.fxgl.audio.AudioPlayer
10:44:36.145 [FXGL Background Thread 3 ] DEBUG Engine               - class com.almasb.fxgl.notification.impl.NotificationServiceProvider
10:44:36.145 [FXGL Background Thread 3 ] DEBUG Engine               - class com.almasb.fxgl.achievement.AchievementService
10:44:36.145 [FXGL Background Thread 3 ] DEBUG Engine               - class com.almasb.fxgl.cutscene.CutsceneService
10:44:36.145 [FXGL Background Thread 3 ] DEBUG Engine               - class com.almasb.fxgl.minigames.MiniGameService
10:44:36.145 [FXGL Background Thread 3 ] DEBUG Engine               - class com.almasb.fxgl.net.NetService
10:44:36.145 [FXGL Background Thread 3 ] DEBUG Engine               - class com.almasb.fxgl.app.services.UpdaterService
10:44:36.146 [FXGL Background Thread 3 ] DEBUG Engine               - class com.almasb.fxgl.dev.DevService
10:44:39.042 [JavaFX Application Thread] DEBUG FXGLApplication      - Exiting FXGL
10:44:39.042 [JavaFX Application Thread] DEBUG LoopRunner           - Stopping loop
10:44:39.043 [JavaFX Application Thread] DEBUG SystemBundleService  - Saving FXGL system data
10:44:39.044 [JavaFX Application Thread] DEBUG FileSystemAccess     - Writing to: /home/max/Dokumente/referendariat/SJ2022_2023/informatik/tgi_12/projekte/spaceInvaders/system/fxgl.bundle
10:44:39.046 [JavaFX Application Thread] DEBUG Async                - Shutting down background threads
10:44:39.046 [JavaFX Application Thread] DEBUG PrimaryStageWindow   - Closing main window
10:44:39.049 [JavaFX Application Thread] DEBUG Logger               - Closing Logger
