09:40:53.464 [main                     ] DEBUG Logger               - Configured Logger
09:40:53.493 [main                     ] DEBUG GameApplication      - Logging settings
Title: Space Invaders
Version: 0.0
Width: 2400
Height: 1440
Fullscreen: false
Intro: false
Profiling: false
Single step:false
App Mode: DEVELOPER
Menu Key: ESCAPE
Stage Style: DECORATED
Scene Factory: class com.almasb.fxgl.app.scene.SceneFactory

09:40:53.973 [JavaFX Application Thread] DEBUG FXGLApplication      - Initializing FXGL
09:40:53.985 [JavaFX Application Thread] INFO  Engine               - FXGL-25 (05.02.2026 22.57) on LINUX (J:25.0.2 FX:25.0.1)
09:40:53.985 [JavaFX Application Thread] DEBUG Engine               - JRE Vendor Name: Eclipse Adoptium
09:40:53.986 [JavaFX Application Thread] DEBUG Engine               - Running on OS: Linux version 6.19.9-1-default
09:40:53.986 [JavaFX Application Thread] DEBUG Engine               - Architecture: amd64
09:40:53.986 [JavaFX Application Thread] INFO  Engine               - Source code and latest versions at: https://github.com/AlmasB/FXGL
09:40:53.986 [JavaFX Application Thread] INFO  Engine               -       Ask questions and discuss at: https://github.com/AlmasB/FXGL/discussions
09:40:54.126 [JavaFX Application Thread] DEBUG PrimaryStageWindow   - Creating a JavaFX scene
09:40:54.262 [JavaFX Application Thread] DEBUG PrimaryStageWindow   - Target settings size: 2400.0 x 1440.0
09:40:54.262 [JavaFX Application Thread] DEBUG PrimaryStageWindow   - Scaled scene size:    2400.0 x 1440.0
09:40:54.262 [JavaFX Application Thread] DEBUG PrimaryStageWindow   - Scaled ratio: (1.0, 1.0)
09:40:54.264 [JavaFX Application Thread] DEBUG PrimaryStageWindow   - Set initial scene to FXGLStartupScene
09:40:54.268 [JavaFX Application Thread] DEBUG PrimaryStageWindow   - Opening main window
09:40:54.305 [JavaFX Application Thread] DEBUG PrimaryStageWindow   - Window border size: (0.0, 35.0)
09:40:54.305 [JavaFX Application Thread] DEBUG PrimaryStageWindow   - Scaled size: 2400.0 x 1405.0
09:40:54.305 [JavaFX Application Thread] DEBUG PrimaryStageWindow   - Scaled ratio: (1.0, 0.9756944444444444)
09:40:54.306 [JavaFX Application Thread] DEBUG PrimaryStageWindow   - Scene size: 2400.0 x 1440.0
09:40:54.306 [JavaFX Application Thread] DEBUG PrimaryStageWindow   - Stage size: 2400.0 x 1440.0
09:40:54.313 [FXGL Background Thread 1 ] DEBUG Engine               - Initializing environment variables
09:40:54.401 [FXGL Background Thread 1 ] DEBUG FXGLAssetLoaderServi - User app class for loading assets: class org.example.SpaceInvadersApp
09:40:54.402 [FXGL Background Thread 1 ] DEBUG GameApplicationServi - Applying CSS: fxgl_dark.css
09:40:54.403 [FXGL Background Thread 1 ] DEBUG FXGLAssetLoaderServi - Loading from file system: jar:file:/home/max/.m2/repository/com/github/almasb/fxgl/25/fxgl-25.jar!/fxglassets/ui/css/fxgl_dark.css
09:40:54.542 [FXGL Background Thread 1 ] DEBUG GameApplicationServi - Initializing application scenes
09:40:54.700 [FXGL Background Thread 1 ] DEBUG GameWorld            - Game world initialized
09:40:54.788 [FXGL Background Thread 1 ] DEBUG PhysicsWorld         - Physics world initialized: appHeight=1440, physics.ppm=50,0
09:40:54.789 [FXGL Background Thread 1 ] DEBUG PhysicsWorld         - Using strategy: BRUTE_FORCE
09:40:54.800 [FXGL Background Thread 1 ] DEBUG GameScene            - Game scene initialized: 2400x1440
09:40:54.833 [FXGL Background Thread 1 ] DEBUG FXGL.DefaultMenu     - createMenuBodyGameMenu()
09:40:54.851 [FXGL Background Thread 1 ] DEBUG FXGL.DefaultMenu     - createOptionsMenu()
09:40:54.869 [FXGL Background Thread 1 ] DEBUG FXGLAssetLoaderServi - Loading from file system: jar:file:/home/max/.m2/repository/com/github/almasb/fxgl/25/fxgl-25.jar!/fxglassets/textures/particles/smoke.png
09:40:55.000 [FXGL Background Thread 1 ] DEBUG FXGLAssetLoaderServi - Loading from file system: jar:file:/home/max/.m2/repository/com/github/almasb/fxgl/25/fxgl-25.jar!/fxglassets/textures/particles/trace_horizontal.png
09:40:55.035 [FXGL Background Thread 1 ] DEBUG GameApplicationServi - Application scenes initialized
09:40:55.055 [FXGL Background Thread 1 ] DEBUG SystemBundleService  - Loading FXGL system data
09:40:55.057 [FXGL Background Thread 1 ] DEBUG FileSystemAccess     - Reading from: /home/max/Dokumente/referendariat/SJ2022_2023/informatik/tgi_12/projekte/spaceInvaders/system/fxgl.bundle
09:40:55.061 [FXGL Background Thread 1 ] DEBUG SystemBundleService  - Bundle FXGL: {}
09:40:55.061 [FXGL Background Thread 1 ] DEBUG UpdaterService       - Checking for updates
09:40:55.068 [FXGL Background Thread 4 ] DEBUG FXGLApplication      - Loading fonts
09:40:55.068 [FXGL Background Thread 4 ] DEBUG FXGLAssetLoaderServi - Loading from file system: jar:file:/home/max/.m2/repository/com/github/almasb/fxgl/25/fxgl-25.jar!/fxglassets/ui/fonts/VarelaRound-Regular.ttf
09:40:55.068 [FXGL Background Thread 1 ] DEBUG FXGLApplication      - Loading default localization
09:40:55.069 [FXGL Background Thread 1 ] DEBUG FXGLAssetLoaderServi - Loading from file system: jar:file:/home/max/.m2/repository/com/github/almasb/fxgl/25/fxgl-25.jar!/fxglassets/languages/english.lang
09:40:55.072 [FXGL Background Thread 4 ] DEBUG FXGLAssetLoaderServi - Loading from file system: jar:file:/home/max/.m2/repository/com/github/almasb/fxgl/25/fxgl-25.jar!/fxglassets/ui/fonts/Abel-Regular.ttf
09:40:55.074 [FXGL Background Thread 4 ] DEBUG FXGLAssetLoaderServi - Loading from file system: jar:file:/home/max/.m2/repository/com/github/almasb/fxgl/25/fxgl-25.jar!/fxglassets/ui/fonts/TerminalLandMono-Regular.otf
09:40:55.077 [FXGL Background Thread 4 ] DEBUG FXGLAssetLoaderServi - Loading from file system: jar:file:/home/max/.m2/repository/com/github/almasb/fxgl/25/fxgl-25.jar!/fxglassets/ui/fonts/Courier-Prime.ttf
09:40:55.086 [JavaFX Application Thread] DEBUG FXGLApplication      - Registering font factories with UI factory
09:40:55.087 [FXGL Background Thread 1 ] INFO  FXGLApplication      - FXGL initialization took: 0,774 sec
09:40:55.095 [JavaFX Application Thread] DEBUG Input                - Registered new binding: action0 - A
09:40:55.095 [JavaFX Application Thread] DEBUG Input                - Registered new binding: action1 - D
09:40:55.095 [JavaFX Application Thread] DEBUG Input                - Registered new binding: action2 - L
09:40:55.096 [JavaFX Application Thread] DEBUG Input                - Registered new binding: action3 - K
09:40:55.107 [JavaFX Application Thread] DEBUG Input                - Registered new binding: action4 - Space
09:40:55.109 [JavaFX Application Thread] DEBUG Input                - Registered new binding: action5 - Q
09:40:55.109 [JavaFX Application Thread] DEBUG FXGLAssetLoaderServi - Loading from file system: jar:file:/home/max/.m2/repository/com/github/almasb/fxgl/25/fxgl-25.jar!/fxglassets/textures/fxgl_icon.png
09:40:55.156 [JavaFX Application Thread] DEBUG FXGLAssetLoaderServi - Loading from file system: jar:file:/home/max/.m2/repository/com/github/almasb/fxgl/25/fxgl-25.jar!/fxglassets/textures/fxgl_default_cursor.png
09:40:55.157 [JavaFX Application Thread] DEBUG Input                - Registered new binding: Screenshot - CTRL+8
09:40:55.158 [JavaFX Application Thread] DEBUG Input                - Registered new binding: System info dump - CTRL+9
09:40:55.158 [JavaFX Application Thread] DEBUG Input                - Registered new binding: Restart - CTRL+R
09:40:55.159 [JavaFX Application Thread] DEBUG Input                - Registered new binding: Toggle Debug Camera - CTRL+7
09:40:55.163 [JavaFX Application Thread] DEBUG LoopRunner           - Starting loop
09:40:55.163 [JavaFX Application Thread] DEBUG LoopRunner           - Initializing JavaFX AnimationTimerLoop
09:40:55.165 [JavaFX Application Thread] DEBUG GameApplicationServi - Starting new game
09:40:55.166 [JavaFX Application Thread] DEBUG Input                - Clearing active input actions
09:40:55.183 [JavaFX Application Thread] DEBUG GameApplicationServi - Removing overlay from FXGLStartupScene and adding to FXGLLoadingScene
09:40:55.183 [JavaFX Application Thread] DEBUG PrimaryStageWindow   - FXGLStartupScene -> FXGLLoadingScene
09:40:55.183 [JavaFX Application Thread] DEBUG GameApplicationServi - Clearing previous game
09:40:55.183 [JavaFX Application Thread] DEBUG GameScene            - Clearing game scene
09:40:55.184 [JavaFX Application Thread] DEBUG GameWorld            - Clearing game world
09:40:55.184 [JavaFX Application Thread] DEBUG PhysicsWorld         - Clearing physics world
09:40:55.186 [FXGL Background Thread 1 ] DEBUG FXGLApplication      - Initializing game
09:40:55.202 [FXGL Background Thread 1 ] INFO  FXGLApplication      - Game initialization took: 0,016 sec
09:40:55.340 [JavaFX Application Thread] DEBUG Input                - Clearing active input actions
09:40:55.351 [JavaFX Application Thread] DEBUG GameApplicationServi - Removing overlay from FXGLLoadingScene and adding to GameScene
09:40:55.352 [JavaFX Application Thread] DEBUG PrimaryStageWindow   - FXGLLoadingScene -> GameScene
09:40:58.064 [FXGL Background Thread 3 ] DEBUG Engine               - Logging environment variables
09:40:58.065 [FXGL Background Thread 3 ] DEBUG Engine               - achievements: []
09:40:58.065 [FXGL Background Thread 3 ] DEBUG Engine               - actualHeight: 1405.0
09:40:58.065 [FXGL Background Thread 3 ] DEBUG Engine               - actualHeightProperty: ReadOnlyDoubleProperty [value: 1442.0]
09:40:58.065 [FXGL Background Thread 3 ] DEBUG Engine               - actualWidth: 2400.0
09:40:58.065 [FXGL Background Thread 3 ] DEBUG Engine               - actualWidthProperty: ReadOnlyDoubleProperty [value: 2400.0]
09:40:58.065 [FXGL Background Thread 3 ] DEBUG Engine               - appIcon: fxgl_icon.png
09:40:58.065 [FXGL Background Thread 3 ] DEBUG Engine               - applicationMode: DEVELOPER
09:40:58.065 [FXGL Background Thread 3 ] DEBUG Engine               - cSSList: [fxgl_dark.css]
09:40:58.065 [FXGL Background Thread 3 ] DEBUG Engine               - collisionDetectionStrategy: BRUTE_FORCE
09:40:58.065 [FXGL Background Thread 3 ] DEBUG Engine               - configClass: Optional.empty
09:40:58.065 [FXGL Background Thread 3 ] DEBUG Engine               - credits: []
09:40:58.065 [FXGL Background Thread 3 ] DEBUG Engine               - defaultCursor: CursorInfo(imageName=fxgl_default_cursor.png, hotspotX=7.0, hotspotY=6.0)
09:40:58.066 [FXGL Background Thread 3 ] DEBUG Engine               - devBBoxColorProperty: ObjectProperty [value: 0xff0000ff]
09:40:58.066 [FXGL Background Thread 3 ] DEBUG Engine               - devEnableDebugCameraProperty: BooleanProperty [value: false]
09:40:58.066 [FXGL Background Thread 3 ] DEBUG Engine               - devSensorColorProperty: ObjectProperty [value: 0xffff00ff]
09:40:58.066 [FXGL Background Thread 3 ] DEBUG Engine               - devShowBBoxProperty: BooleanProperty [value: false]
09:40:58.066 [FXGL Background Thread 3 ] DEBUG Engine               - devShowPositionProperty: BooleanProperty [value: false]
09:40:58.066 [FXGL Background Thread 3 ] DEBUG Engine               - enabledMenuItems: []
09:40:58.066 [FXGL Background Thread 3 ] DEBUG Engine               - engineServices: [class com.almasb.fxgl.app.services.FXGLAssetLoaderService, class com.almasb.fxgl.app.FXGLApplication$GameApplicationService, class com.almasb.fxgl.app.services.FXGLDialogService, class com.almasb.fxgl.app.services.IOTaskExecutorService, class com.almasb.fxgl.io.FileSystemService, class com.almasb.fxgl.localization.LocalizationService, class com.almasb.fxgl.app.services.SystemBundleService, class com.almasb.fxgl.profile.SaveLoadService, class com.almasb.fxgl.ui.FXGLUIFactoryServiceProvider, class com.almasb.fxgl.ui.FXGLDialogFactoryServiceProvider, class com.almasb.fxgl.audio.AudioPlayer, class com.almasb.fxgl.notification.impl.NotificationServiceProvider, class com.almasb.fxgl.achievement.AchievementService, class com.almasb.fxgl.cutscene.CutsceneService, class com.almasb.fxgl.minigames.MiniGameService, class com.almasb.fxgl.net.NetService, class com.almasb.fxgl.app.services.UpdaterService, class com.almasb.fxgl.dev.DevService]
09:40:58.066 [FXGL Background Thread 3 ] DEBUG Engine               - fontGame: Abel-Regular.ttf
09:40:58.066 [FXGL Background Thread 3 ] DEBUG Engine               - fontMono: TerminalLandMono-Regular.otf
09:40:58.066 [FXGL Background Thread 3 ] DEBUG Engine               - fontSizeScaleUI: 1.0
09:40:58.066 [FXGL Background Thread 3 ] DEBUG Engine               - fontText: Courier-Prime.ttf
09:40:58.066 [FXGL Background Thread 3 ] DEBUG Engine               - fontUI: VarelaRound-Regular.ttf
09:40:58.066 [FXGL Background Thread 3 ] DEBUG Engine               - fpsRefreshRate: 500.0 ms
09:40:58.066 [FXGL Background Thread 3 ] DEBUG Engine               - fullScreen: BooleanProperty [value: false]
09:40:58.067 [FXGL Background Thread 3 ] DEBUG Engine               - gameDifficulty: MEDIUM
09:40:58.067 [FXGL Background Thread 3 ] DEBUG Engine               - gameDifficultyProperty: ObjectProperty [value: MEDIUM]
09:40:58.067 [FXGL Background Thread 3 ] DEBUG Engine               - globalMusicVolume: 0.5
09:40:58.067 [FXGL Background Thread 3 ] DEBUG Engine               - globalMusicVolumeProperty: DoubleProperty [value: 0.5]
09:40:58.067 [FXGL Background Thread 3 ] DEBUG Engine               - globalSoundVolume: 0.5
09:40:58.067 [FXGL Background Thread 3 ] DEBUG Engine               - globalSoundVolumeProperty: DoubleProperty [value: 0.5]
09:40:58.067 [FXGL Background Thread 3 ] DEBUG Engine               - height: 1440
09:40:58.067 [FXGL Background Thread 3 ] DEBUG Engine               - is3D: false
09:40:58.067 [FXGL Background Thread 3 ] DEBUG Engine               - isAndroid: false
09:40:58.067 [FXGL Background Thread 3 ] DEBUG Engine               - isBrowser: false
09:40:58.067 [FXGL Background Thread 3 ] DEBUG Engine               - isClickFeedbackEnabled: false
09:40:58.067 [FXGL Background Thread 3 ] DEBUG Engine               - isCloseConfirmation: false
09:40:58.067 [FXGL Background Thread 3 ] DEBUG Engine               - isDesktop: true
09:40:58.067 [FXGL Background Thread 3 ] DEBUG Engine               - isDeveloperMenuEnabled: false
09:40:58.067 [FXGL Background Thread 3 ] DEBUG Engine               - isEmbedded: false
09:40:58.067 [FXGL Background Thread 3 ] DEBUG Engine               - isEntityPreloadEnabled: true
09:40:58.067 [FXGL Background Thread 3 ] DEBUG Engine               - isExperimentalTiledLargeMap: false
09:40:58.067 [FXGL Background Thread 3 ] DEBUG Engine               - isFileSystemWriteAllowed: true
09:40:58.067 [FXGL Background Thread 3 ] DEBUG Engine               - isFullScreenAllowed: false
09:40:58.068 [FXGL Background Thread 3 ] DEBUG Engine               - isFullScreenFromStart: false
09:40:58.068 [FXGL Background Thread 3 ] DEBUG Engine               - isGameMenuEnabled: true
09:40:58.068 [FXGL Background Thread 3 ] DEBUG Engine               - isIOS: false
09:40:58.068 [FXGL Background Thread 3 ] DEBUG Engine               - isIntroEnabled: false
09:40:58.068 [FXGL Background Thread 3 ] DEBUG Engine               - isLinux: true
09:40:58.068 [FXGL Background Thread 3 ] DEBUG Engine               - isMac: false
09:40:58.068 [FXGL Background Thread 3 ] DEBUG Engine               - isMainMenuEnabled: false
09:40:58.068 [FXGL Background Thread 3 ] DEBUG Engine               - isManualResizeEnabled: false
09:40:58.068 [FXGL Background Thread 3 ] DEBUG Engine               - isMobile: false
09:40:58.068 [FXGL Background Thread 3 ] DEBUG Engine               - isNative: false
09:40:58.068 [FXGL Background Thread 3 ] DEBUG Engine               - isPauseMusicWhenMinimized: true
09:40:58.068 [FXGL Background Thread 3 ] DEBUG Engine               - isPreserveResizeRatio: false
09:40:58.068 [FXGL Background Thread 3 ] DEBUG Engine               - isProfilingEnabled: false
09:40:58.068 [FXGL Background Thread 3 ] DEBUG Engine               - isScaleAffectedOnResize: true
09:40:58.068 [FXGL Background Thread 3 ] DEBUG Engine               - isSingleStep: false
09:40:58.068 [FXGL Background Thread 3 ] DEBUG Engine               - isUserProfileEnabled: false
09:40:58.068 [FXGL Background Thread 3 ] DEBUG Engine               - isWindows: false
09:40:58.068 [FXGL Background Thread 3 ] DEBUG Engine               - language: ObjectProperty [value: ENGLISH]
09:40:58.068 [FXGL Background Thread 3 ] DEBUG Engine               - menuKey: ESCAPE
09:40:58.069 [FXGL Background Thread 3 ] DEBUG Engine               - mouseSensitivity: 0.2
09:40:58.069 [FXGL Background Thread 3 ] DEBUG Engine               - notificationViewClass: class com.almasb.fxgl.notification.view.XboxNotificationView
09:40:58.069 [FXGL Background Thread 3 ] DEBUG Engine               - pixelsPerMeter: 50.0
09:40:58.069 [FXGL Background Thread 3 ] DEBUG Engine               - platform: LINUX
09:40:58.069 [FXGL Background Thread 3 ] DEBUG Engine               - prefHeightProperty: ReadOnlyDoubleProperty [value: 1440.0]
09:40:58.069 [FXGL Background Thread 3 ] DEBUG Engine               - prefWidthProperty: ReadOnlyDoubleProperty [value: 2400.0]
09:40:58.069 [FXGL Background Thread 3 ] DEBUG Engine               - profileDir: profiles/
09:40:58.069 [FXGL Background Thread 3 ] DEBUG Engine               - profileName: StringProperty [value: DEFAULT]
09:40:58.069 [FXGL Background Thread 3 ] DEBUG Engine               - randomSeed: -1
09:40:58.069 [FXGL Background Thread 3 ] DEBUG Engine               - runtimeInfo: RuntimeInfo(platform=LINUX, version=25, build=05.02.2026 22.57)
09:40:58.069 [FXGL Background Thread 3 ] DEBUG Engine               - saveFileExt: sav
09:40:58.070 [FXGL Background Thread 3 ] DEBUG Engine               - scaledHeightProp$fxgl: DoubleProperty [bound, value: 1442.0]
09:40:58.070 [FXGL Background Thread 3 ] DEBUG Engine               - scaledWidthProp$fxgl: DoubleProperty [bound, value: 2400.0]
09:40:58.070 [FXGL Background Thread 3 ] DEBUG Engine               - sceneFactory: com.almasb.fxgl.app.scene.SceneFactory@793e9837
09:40:58.071 [FXGL Background Thread 3 ] DEBUG Engine               - secondsIn24h: 60
09:40:58.071 [FXGL Background Thread 3 ] DEBUG Engine               - soundMenuBack: menu/back.wav
09:40:58.071 [FXGL Background Thread 3 ] DEBUG Engine               - soundMenuPress: menu/press.wav
09:40:58.071 [FXGL Background Thread 3 ] DEBUG Engine               - soundMenuSelect: menu/select.wav
09:40:58.071 [FXGL Background Thread 3 ] DEBUG Engine               - soundNotification: core/notification.wav
09:40:58.071 [FXGL Background Thread 3 ] DEBUG Engine               - stageStyle: DECORATED
09:40:58.071 [FXGL Background Thread 3 ] DEBUG Engine               - supportedLanguages: [ENGLISH, FRENCH, GERMAN, HUNGARIAN, RUSSIAN]
09:40:58.071 [FXGL Background Thread 3 ] DEBUG Engine               - ticksPerSecond: -1
09:40:58.071 [FXGL Background Thread 3 ] DEBUG Engine               - title: Space Invaders
09:40:58.071 [FXGL Background Thread 3 ] DEBUG Engine               - urlGithub: https://github.com/AlmasB/FXGL
09:40:58.071 [FXGL Background Thread 3 ] DEBUG Engine               - urlLeaderboard: http://fxgl-top.herokuapp.com/
09:40:58.071 [FXGL Background Thread 3 ] DEBUG Engine               - urlPOM: https://raw.githubusercontent.com/AlmasB/FXGL/release/README.md
09:40:58.072 [FXGL Background Thread 3 ] DEBUG Engine               - userAppClass: class org.example.SpaceInvadersApp
09:40:58.072 [FXGL Background Thread 3 ] DEBUG Engine               - version: 0.0
09:40:58.072 [FXGL Background Thread 3 ] DEBUG Engine               - versionCheckDays: 7
09:40:58.072 [FXGL Background Thread 3 ] DEBUG Engine               - width: 2400
09:40:58.072 [FXGL Background Thread 3 ] DEBUG Engine               - Logging services
09:40:58.072 [FXGL Background Thread 3 ] DEBUG Engine               - class com.almasb.fxgl.app.services.FXGLAssetLoaderService
09:40:58.072 [FXGL Background Thread 3 ] DEBUG Engine               - class com.almasb.fxgl.app.FXGLApplication$GameApplicationService
09:40:58.072 [FXGL Background Thread 3 ] DEBUG Engine               - class com.almasb.fxgl.app.services.FXGLDialogService
09:40:58.072 [FXGL Background Thread 3 ] DEBUG Engine               - class com.almasb.fxgl.app.services.IOTaskExecutorService
09:40:58.073 [FXGL Background Thread 3 ] DEBUG Engine               - class com.almasb.fxgl.io.FileSystemService
09:40:58.073 [FXGL Background Thread 3 ] DEBUG Engine               - class com.almasb.fxgl.localization.LocalizationService
09:40:58.073 [FXGL Background Thread 3 ] DEBUG Engine               - class com.almasb.fxgl.app.services.SystemBundleService
09:40:58.073 [FXGL Background Thread 3 ] DEBUG Engine               - class com.almasb.fxgl.profile.SaveLoadService
09:40:58.073 [FXGL Background Thread 3 ] DEBUG Engine               - class com.almasb.fxgl.ui.FXGLUIFactoryServiceProvider
09:40:58.073 [FXGL Background Thread 3 ] DEBUG Engine               - class com.almasb.fxgl.ui.FXGLDialogFactoryServiceProvider
09:40:58.073 [FXGL Background Thread 3 ] DEBUG Engine               - class com.almasb.fxgl.audio.AudioPlayer
09:40:58.073 [FXGL Background Thread 3 ] DEBUG Engine               - class com.almasb.fxgl.notification.impl.NotificationServiceProvider
09:40:58.073 [FXGL Background Thread 3 ] DEBUG Engine               - class com.almasb.fxgl.achievement.AchievementService
09:40:58.073 [FXGL Background Thread 3 ] DEBUG Engine               - class com.almasb.fxgl.cutscene.CutsceneService
09:40:58.073 [FXGL Background Thread 3 ] DEBUG Engine               - class com.almasb.fxgl.minigames.MiniGameService
09:40:58.073 [FXGL Background Thread 3 ] DEBUG Engine               - class com.almasb.fxgl.net.NetService
09:40:58.073 [FXGL Background Thread 3 ] DEBUG Engine               - class com.almasb.fxgl.app.services.UpdaterService
09:40:58.073 [FXGL Background Thread 3 ] DEBUG Engine               - class com.almasb.fxgl.dev.DevService
09:40:58.197 [JavaFX Application Thread] DEBUG FXGLApplication      - Exiting FXGL
09:40:58.197 [JavaFX Application Thread] DEBUG LoopRunner           - Stopping loop
09:40:58.197 [JavaFX Application Thread] DEBUG SystemBundleService  - Saving FXGL system data
09:40:58.198 [JavaFX Application Thread] DEBUG FileSystemAccess     - Writing to: /home/max/Dokumente/referendariat/SJ2022_2023/informatik/tgi_12/projekte/spaceInvaders/system/fxgl.bundle
09:40:58.199 [JavaFX Application Thread] DEBUG Async                - Shutting down background threads
09:40:58.199 [JavaFX Application Thread] DEBUG PrimaryStageWindow   - Closing main window
09:40:58.202 [JavaFX Application Thread] DEBUG Logger               - Closing Logger
