15:48:08.956 [main                     ] DEBUG Logger               - Configured Logger
15:48:08.969 [main                     ] DEBUG GameApplication      - Logging settings
Title: Space Invaders
Version: 0.0
Width: 2400
Height: 1440
Fullscreen: false
Intro: false
Profiling: false
Single step:false
App Mode: DEVELOPER
Menu Key: ESCAPE
Stage Style: DECORATED
Scene Factory: class com.almasb.fxgl.app.scene.SceneFactory

15:48:09.721 [JavaFX Application Thread] DEBUG FXGLApplication      - Initializing FXGL
15:48:09.731 [JavaFX Application Thread] INFO  Engine               - FXGL-25 (05.02.2026 22.57) on LINUX (J:25.0.2 FX:25.0.1)
15:48:09.734 [JavaFX Application Thread] DEBUG Engine               - JRE Vendor Name: Eclipse Adoptium
15:48:09.734 [JavaFX Application Thread] DEBUG Engine               - Running on OS: Linux version 6.19.9-1-default
15:48:09.735 [JavaFX Application Thread] DEBUG Engine               - Architecture: amd64
15:48:09.735 [JavaFX Application Thread] INFO  Engine               - Source code and latest versions at: https://github.com/AlmasB/FXGL
15:48:09.735 [JavaFX Application Thread] INFO  Engine               -       Ask questions and discuss at: https://github.com/AlmasB/FXGL/discussions
15:48:09.871 [JavaFX Application Thread] DEBUG PrimaryStageWindow   - Creating a JavaFX scene
15:48:10.014 [JavaFX Application Thread] DEBUG PrimaryStageWindow   - Target settings size: 2400.0 x 1440.0
15:48:10.014 [JavaFX Application Thread] DEBUG PrimaryStageWindow   - Scaled scene size:    2400.0 x 1440.0
15:48:10.015 [JavaFX Application Thread] DEBUG PrimaryStageWindow   - Scaled ratio: (1.0, 1.0)
15:48:10.015 [JavaFX Application Thread] DEBUG PrimaryStageWindow   - Set initial scene to FXGLStartupScene
15:48:10.019 [JavaFX Application Thread] DEBUG PrimaryStageWindow   - Opening main window
15:48:10.051 [JavaFX Application Thread] DEBUG PrimaryStageWindow   - Window border size: (0.0, 35.0)
15:48:10.051 [JavaFX Application Thread] DEBUG PrimaryStageWindow   - Scaled size: 2400.0 x 1405.0
15:48:10.051 [JavaFX Application Thread] DEBUG PrimaryStageWindow   - Scaled ratio: (1.0, 0.9756944444444444)
15:48:10.051 [JavaFX Application Thread] DEBUG PrimaryStageWindow   - Scene size: 2400.0 x 1440.0
15:48:10.051 [JavaFX Application Thread] DEBUG PrimaryStageWindow   - Stage size: 2400.0 x 1440.0
15:48:10.057 [FXGL Background Thread 1 ] DEBUG Engine               - Initializing environment variables
15:48:10.169 [FXGL Background Thread 1 ] DEBUG FXGLAssetLoaderServi - User app class for loading assets: class org.example.SpaceInvadersApp
15:48:10.170 [FXGL Background Thread 1 ] DEBUG GameApplicationServi - Applying CSS: fxgl_dark.css
15:48:10.172 [FXGL Background Thread 1 ] DEBUG FXGLAssetLoaderServi - Loading from file system: jar:file:/home/max/.m2/repository/com/github/almasb/fxgl/25/fxgl-25.jar!/fxglassets/ui/css/fxgl_dark.css
15:48:10.238 [FXGL Background Thread 1 ] DEBUG GameApplicationServi - Initializing application scenes
15:48:10.349 [FXGL Background Thread 1 ] DEBUG GameWorld            - Game world initialized
15:48:10.428 [FXGL Background Thread 1 ] DEBUG PhysicsWorld         - Physics world initialized: appHeight=1440, physics.ppm=50,0
15:48:10.429 [FXGL Background Thread 1 ] DEBUG PhysicsWorld         - Using strategy: BRUTE_FORCE
15:48:10.438 [FXGL Background Thread 1 ] DEBUG GameScene            - Game scene initialized: 2400x1440
15:48:10.454 [FXGL Background Thread 1 ] DEBUG FXGL.DefaultMenu     - createMenuBodyGameMenu()
15:48:10.474 [FXGL Background Thread 1 ] DEBUG FXGL.DefaultMenu     - createOptionsMenu()
15:48:10.489 [FXGL Background Thread 1 ] DEBUG FXGLAssetLoaderServi - Loading from file system: jar:file:/home/max/.m2/repository/com/github/almasb/fxgl/25/fxgl-25.jar!/fxglassets/textures/particles/smoke.png
15:48:10.588 [FXGL Background Thread 1 ] DEBUG FXGLAssetLoaderServi - Loading from file system: jar:file:/home/max/.m2/repository/com/github/almasb/fxgl/25/fxgl-25.jar!/fxglassets/textures/particles/trace_horizontal.png
15:48:10.612 [FXGL Background Thread 1 ] DEBUG GameApplicationServi - Application scenes initialized
15:48:10.624 [FXGL Background Thread 1 ] DEBUG SystemBundleService  - Loading FXGL system data
15:48:10.625 [FXGL Background Thread 1 ] DEBUG FileSystemAccess     - Reading from: /home/max/Dokumente/referendariat/SJ2022_2023/informatik/tgi_12/projekte/spaceInvaders/system/fxgl.bundle
15:48:10.627 [FXGL Background Thread 1 ] DEBUG SystemBundleService  - Bundle FXGL: {}
15:48:10.627 [FXGL Background Thread 1 ] DEBUG UpdaterService       - Checking for updates
15:48:10.630 [FXGL Background Thread 4 ] DEBUG FXGLApplication      - Loading fonts
15:48:10.631 [FXGL Background Thread 4 ] DEBUG FXGLAssetLoaderServi - Loading from file system: jar:file:/home/max/.m2/repository/com/github/almasb/fxgl/25/fxgl-25.jar!/fxglassets/ui/fonts/VarelaRound-Regular.ttf
15:48:10.631 [FXGL Background Thread 1 ] DEBUG FXGLApplication      - Loading default localization
15:48:10.632 [FXGL Background Thread 1 ] DEBUG FXGLAssetLoaderServi - Loading from file system: jar:file:/home/max/.m2/repository/com/github/almasb/fxgl/25/fxgl-25.jar!/fxglassets/languages/english.lang
15:48:10.636 [FXGL Background Thread 4 ] DEBUG FXGLAssetLoaderServi - Loading from file system: jar:file:/home/max/.m2/repository/com/github/almasb/fxgl/25/fxgl-25.jar!/fxglassets/ui/fonts/Abel-Regular.ttf
15:48:10.637 [FXGL Background Thread 4 ] DEBUG FXGLAssetLoaderServi - Loading from file system: jar:file:/home/max/.m2/repository/com/github/almasb/fxgl/25/fxgl-25.jar!/fxglassets/ui/fonts/TerminalLandMono-Regular.otf
15:48:10.639 [FXGL Background Thread 4 ] DEBUG FXGLAssetLoaderServi - Loading from file system: jar:file:/home/max/.m2/repository/com/github/almasb/fxgl/25/fxgl-25.jar!/fxglassets/ui/fonts/Courier-Prime.ttf
15:48:10.643 [JavaFX Application Thread] DEBUG FXGLApplication      - Registering font factories with UI factory
15:48:10.646 [FXGL Background Thread 1 ] INFO  FXGLApplication      - FXGL initialization took: 0,589 sec
15:48:10.662 [JavaFX Application Thread] DEBUG Input                - Registered new binding: action0 - A
15:48:10.662 [JavaFX Application Thread] DEBUG Input                - Registered new binding: action1 - D
15:48:10.663 [JavaFX Application Thread] DEBUG Input                - Registered new binding: action2 - L
15:48:10.663 [JavaFX Application Thread] DEBUG Input                - Registered new binding: action3 - K
15:48:10.664 [JavaFX Application Thread] DEBUG Input                - Registered new binding: action4 - Space
15:48:10.667 [JavaFX Application Thread] DEBUG Input                - Registered new binding: action5 - Q
15:48:10.668 [JavaFX Application Thread] DEBUG FXGLAssetLoaderServi - Loading from file system: jar:file:/home/max/.m2/repository/com/github/almasb/fxgl/25/fxgl-25.jar!/fxglassets/textures/fxgl_icon.png
15:48:10.687 [JavaFX Application Thread] DEBUG FXGLAssetLoaderServi - Loading from file system: jar:file:/home/max/.m2/repository/com/github/almasb/fxgl/25/fxgl-25.jar!/fxglassets/textures/fxgl_default_cursor.png
15:48:10.689 [JavaFX Application Thread] DEBUG Input                - Registered new binding: Screenshot - CTRL+8
15:48:10.689 [JavaFX Application Thread] DEBUG Input                - Registered new binding: System info dump - CTRL+9
15:48:10.689 [JavaFX Application Thread] DEBUG Input                - Registered new binding: Restart - CTRL+R
15:48:10.690 [JavaFX Application Thread] DEBUG Input                - Registered new binding: Toggle Debug Camera - CTRL+7
15:48:10.692 [JavaFX Application Thread] DEBUG LoopRunner           - Starting loop
15:48:10.693 [JavaFX Application Thread] DEBUG LoopRunner           - Initializing JavaFX AnimationTimerLoop
15:48:10.694 [JavaFX Application Thread] DEBUG GameApplicationServi - Starting new game
15:48:10.694 [JavaFX Application Thread] DEBUG Input                - Clearing active input actions
15:48:10.704 [JavaFX Application Thread] DEBUG GameApplicationServi - Removing overlay from FXGLStartupScene and adding to FXGLLoadingScene
15:48:10.705 [JavaFX Application Thread] DEBUG PrimaryStageWindow   - FXGLStartupScene -> FXGLLoadingScene
15:48:10.705 [JavaFX Application Thread] DEBUG GameApplicationServi - Clearing previous game
15:48:10.705 [JavaFX Application Thread] DEBUG GameScene            - Clearing game scene
15:48:10.705 [JavaFX Application Thread] DEBUG GameWorld            - Clearing game world
15:48:10.705 [JavaFX Application Thread] DEBUG PhysicsWorld         - Clearing physics world
15:48:10.707 [FXGL Background Thread 1 ] DEBUG FXGLApplication      - Initializing game
15:48:10.715 [FXGL Background Thread 1 ] INFO  FXGLApplication      - Game initialization took: 0,008 sec
15:48:10.856 [JavaFX Application Thread] DEBUG Input                - Clearing active input actions
15:48:10.867 [JavaFX Application Thread] DEBUG GameApplicationServi - Removing overlay from FXGLLoadingScene and adding to GameScene
15:48:10.868 [JavaFX Application Thread] DEBUG PrimaryStageWindow   - FXGLLoadingScene -> GameScene
15:48:13.629 [FXGL Background Thread 3 ] DEBUG Engine               - Logging environment variables
15:48:13.630 [FXGL Background Thread 3 ] DEBUG Engine               - achievements: []
15:48:13.630 [FXGL Background Thread 3 ] DEBUG Engine               - actualHeight: 1405.0
15:48:13.630 [FXGL Background Thread 3 ] DEBUG Engine               - actualHeightProperty: ReadOnlyDoubleProperty [value: 1442.0]
15:48:13.630 [FXGL Background Thread 3 ] DEBUG Engine               - actualWidth: 2400.0
15:48:13.630 [FXGL Background Thread 3 ] DEBUG Engine               - actualWidthProperty: ReadOnlyDoubleProperty [value: 2400.0]
15:48:13.630 [FXGL Background Thread 3 ] DEBUG Engine               - appIcon: fxgl_icon.png
15:48:13.630 [FXGL Background Thread 3 ] DEBUG Engine               - applicationMode: DEVELOPER
15:48:13.630 [FXGL Background Thread 3 ] DEBUG Engine               - cSSList: [fxgl_dark.css]
15:48:13.630 [FXGL Background Thread 3 ] DEBUG Engine               - collisionDetectionStrategy: BRUTE_FORCE
15:48:13.630 [FXGL Background Thread 3 ] DEBUG Engine               - configClass: Optional.empty
15:48:13.630 [FXGL Background Thread 3 ] DEBUG Engine               - credits: []
15:48:13.630 [FXGL Background Thread 3 ] DEBUG Engine               - defaultCursor: CursorInfo(imageName=fxgl_default_cursor.png, hotspotX=7.0, hotspotY=6.0)
15:48:13.630 [FXGL Background Thread 3 ] DEBUG Engine               - devBBoxColorProperty: ObjectProperty [value: 0xff0000ff]
15:48:13.630 [FXGL Background Thread 3 ] DEBUG Engine               - devEnableDebugCameraProperty: BooleanProperty [value: false]
15:48:13.631 [FXGL Background Thread 3 ] DEBUG Engine               - devSensorColorProperty: ObjectProperty [value: 0xffff00ff]
15:48:13.631 [FXGL Background Thread 3 ] DEBUG Engine               - devShowBBoxProperty: BooleanProperty [value: false]
15:48:13.631 [FXGL Background Thread 3 ] DEBUG Engine               - devShowPositionProperty: BooleanProperty [value: false]
15:48:13.631 [FXGL Background Thread 3 ] DEBUG Engine               - enabledMenuItems: []
15:48:13.631 [FXGL Background Thread 3 ] DEBUG Engine               - engineServices: [class com.almasb.fxgl.app.services.FXGLAssetLoaderService, class com.almasb.fxgl.app.FXGLApplication$GameApplicationService, class com.almasb.fxgl.app.services.FXGLDialogService, class com.almasb.fxgl.app.services.IOTaskExecutorService, class com.almasb.fxgl.io.FileSystemService, class com.almasb.fxgl.localization.LocalizationService, class com.almasb.fxgl.app.services.SystemBundleService, class com.almasb.fxgl.profile.SaveLoadService, class com.almasb.fxgl.ui.FXGLUIFactoryServiceProvider, class com.almasb.fxgl.ui.FXGLDialogFactoryServiceProvider, class com.almasb.fxgl.audio.AudioPlayer, class com.almasb.fxgl.notification.impl.NotificationServiceProvider, class com.almasb.fxgl.achievement.AchievementService, class com.almasb.fxgl.cutscene.CutsceneService, class com.almasb.fxgl.minigames.MiniGameService, class com.almasb.fxgl.net.NetService, class com.almasb.fxgl.app.services.UpdaterService, class com.almasb.fxgl.dev.DevService]
15:48:13.631 [FXGL Background Thread 3 ] DEBUG Engine               - fontGame: Abel-Regular.ttf
15:48:13.631 [FXGL Background Thread 3 ] DEBUG Engine               - fontMono: TerminalLandMono-Regular.otf
15:48:13.631 [FXGL Background Thread 3 ] DEBUG Engine               - fontSizeScaleUI: 1.0
15:48:13.631 [FXGL Background Thread 3 ] DEBUG Engine               - fontText: Courier-Prime.ttf
15:48:13.631 [FXGL Background Thread 3 ] DEBUG Engine               - fontUI: VarelaRound-Regular.ttf
15:48:13.631 [FXGL Background Thread 3 ] DEBUG Engine               - fpsRefreshRate: 500.0 ms
15:48:13.631 [FXGL Background Thread 3 ] DEBUG Engine               - fullScreen: BooleanProperty [value: false]
15:48:13.631 [FXGL Background Thread 3 ] DEBUG Engine               - gameDifficulty: MEDIUM
15:48:13.631 [FXGL Background Thread 3 ] DEBUG Engine               - gameDifficultyProperty: ObjectProperty [value: MEDIUM]
15:48:13.631 [FXGL Background Thread 3 ] DEBUG Engine               - globalMusicVolume: 0.5
15:48:13.632 [FXGL Background Thread 3 ] DEBUG Engine               - globalMusicVolumeProperty: DoubleProperty [value: 0.5]
15:48:13.632 [FXGL Background Thread 3 ] DEBUG Engine               - globalSoundVolume: 0.5
15:48:13.632 [FXGL Background Thread 3 ] DEBUG Engine               - globalSoundVolumeProperty: DoubleProperty [value: 0.5]
15:48:13.632 [FXGL Background Thread 3 ] DEBUG Engine               - height: 1440
15:48:13.632 [FXGL Background Thread 3 ] DEBUG Engine               - is3D: false
15:48:13.632 [FXGL Background Thread 3 ] DEBUG Engine               - isAndroid: false
15:48:13.632 [FXGL Background Thread 3 ] DEBUG Engine               - isBrowser: false
15:48:13.632 [FXGL Background Thread 3 ] DEBUG Engine               - isClickFeedbackEnabled: false
15:48:13.632 [FXGL Background Thread 3 ] DEBUG Engine               - isCloseConfirmation: false
15:48:13.632 [FXGL Background Thread 3 ] DEBUG Engine               - isDesktop: true
15:48:13.632 [FXGL Background Thread 3 ] DEBUG Engine               - isDeveloperMenuEnabled: false
15:48:13.632 [FXGL Background Thread 3 ] DEBUG Engine               - isEmbedded: false
15:48:13.632 [FXGL Background Thread 3 ] DEBUG Engine               - isEntityPreloadEnabled: true
15:48:13.632 [FXGL Background Thread 3 ] DEBUG Engine               - isExperimentalTiledLargeMap: false
15:48:13.632 [FXGL Background Thread 3 ] DEBUG Engine               - isFileSystemWriteAllowed: true
15:48:13.632 [FXGL Background Thread 3 ] DEBUG Engine               - isFullScreenAllowed: false
15:48:13.633 [FXGL Background Thread 3 ] DEBUG Engine               - isFullScreenFromStart: false
15:48:13.633 [FXGL Background Thread 3 ] DEBUG Engine               - isGameMenuEnabled: true
15:48:13.633 [FXGL Background Thread 3 ] DEBUG Engine               - isIOS: false
15:48:13.633 [FXGL Background Thread 3 ] DEBUG Engine               - isIntroEnabled: false
15:48:13.633 [FXGL Background Thread 3 ] DEBUG Engine               - isLinux: true
15:48:13.633 [FXGL Background Thread 3 ] DEBUG Engine               - isMac: false
15:48:13.633 [FXGL Background Thread 3 ] DEBUG Engine               - isMainMenuEnabled: false
15:48:13.633 [FXGL Background Thread 3 ] DEBUG Engine               - isManualResizeEnabled: false
15:48:13.633 [FXGL Background Thread 3 ] DEBUG Engine               - isMobile: false
15:48:13.633 [FXGL Background Thread 3 ] DEBUG Engine               - isNative: false
15:48:13.633 [FXGL Background Thread 3 ] DEBUG Engine               - isPauseMusicWhenMinimized: true
15:48:13.633 [FXGL Background Thread 3 ] DEBUG Engine               - isPreserveResizeRatio: false
15:48:13.633 [FXGL Background Thread 3 ] DEBUG Engine               - isProfilingEnabled: false
15:48:13.633 [FXGL Background Thread 3 ] DEBUG Engine               - isScaleAffectedOnResize: true
15:48:13.633 [FXGL Background Thread 3 ] DEBUG Engine               - isSingleStep: false
15:48:13.633 [FXGL Background Thread 3 ] DEBUG Engine               - isUserProfileEnabled: false
15:48:13.633 [FXGL Background Thread 3 ] DEBUG Engine               - isWindows: false
15:48:13.634 [FXGL Background Thread 3 ] DEBUG Engine               - language: ObjectProperty [value: ENGLISH]
15:48:13.634 [FXGL Background Thread 3 ] DEBUG Engine               - menuKey: ESCAPE
15:48:13.634 [FXGL Background Thread 3 ] DEBUG Engine               - mouseSensitivity: 0.2
15:48:13.634 [FXGL Background Thread 3 ] DEBUG Engine               - notificationViewClass: class com.almasb.fxgl.notification.view.XboxNotificationView
15:48:13.634 [FXGL Background Thread 3 ] DEBUG Engine               - pixelsPerMeter: 50.0
15:48:13.634 [FXGL Background Thread 3 ] DEBUG Engine               - platform: LINUX
15:48:13.634 [FXGL Background Thread 3 ] DEBUG Engine               - prefHeightProperty: ReadOnlyDoubleProperty [value: 1440.0]
15:48:13.634 [FXGL Background Thread 3 ] DEBUG Engine               - prefWidthProperty: ReadOnlyDoubleProperty [value: 2400.0]
15:48:13.634 [FXGL Background Thread 3 ] DEBUG Engine               - profileDir: profiles/
15:48:13.634 [FXGL Background Thread 3 ] DEBUG Engine               - profileName: StringProperty [value: DEFAULT]
15:48:13.634 [FXGL Background Thread 3 ] DEBUG Engine               - randomSeed: -1
15:48:13.634 [FXGL Background Thread 3 ] DEBUG Engine               - runtimeInfo: RuntimeInfo(platform=LINUX, version=25, build=05.02.2026 22.57)
15:48:13.634 [FXGL Background Thread 3 ] DEBUG Engine               - saveFileExt: sav
15:48:13.634 [FXGL Background Thread 3 ] DEBUG Engine               - scaledHeightProp$fxgl: DoubleProperty [bound, value: 1442.0]
15:48:13.634 [FXGL Background Thread 3 ] DEBUG Engine               - scaledWidthProp$fxgl: DoubleProperty [bound, value: 2400.0]
15:48:13.635 [FXGL Background Thread 3 ] DEBUG Engine               - sceneFactory: com.almasb.fxgl.app.scene.SceneFactory@53a2686d
15:48:13.635 [FXGL Background Thread 3 ] DEBUG Engine               - secondsIn24h: 60
15:48:13.635 [FXGL Background Thread 3 ] DEBUG Engine               - soundMenuBack: menu/back.wav
15:48:13.635 [FXGL Background Thread 3 ] DEBUG Engine               - soundMenuPress: menu/press.wav
15:48:13.635 [FXGL Background Thread 3 ] DEBUG Engine               - soundMenuSelect: menu/select.wav
15:48:13.635 [FXGL Background Thread 3 ] DEBUG Engine               - soundNotification: core/notification.wav
15:48:13.635 [FXGL Background Thread 3 ] DEBUG Engine               - stageStyle: DECORATED
15:48:13.635 [FXGL Background Thread 3 ] DEBUG Engine               - supportedLanguages: [ENGLISH, FRENCH, GERMAN, HUNGARIAN, RUSSIAN]
15:48:13.635 [FXGL Background Thread 3 ] DEBUG Engine               - ticksPerSecond: -1
15:48:13.635 [FXGL Background Thread 3 ] DEBUG Engine               - title: Space Invaders
15:48:13.635 [FXGL Background Thread 3 ] DEBUG Engine               - urlGithub: https://github.com/AlmasB/FXGL
15:48:13.635 [FXGL Background Thread 3 ] DEBUG Engine               - urlLeaderboard: http://fxgl-top.herokuapp.com/
15:48:13.635 [FXGL Background Thread 3 ] DEBUG Engine               - urlPOM: https://raw.githubusercontent.com/AlmasB/FXGL/release/README.md
15:48:13.635 [FXGL Background Thread 3 ] DEBUG Engine               - userAppClass: class org.example.SpaceInvadersApp
15:48:13.635 [FXGL Background Thread 3 ] DEBUG Engine               - version: 0.0
15:48:13.635 [FXGL Background Thread 3 ] DEBUG Engine               - versionCheckDays: 7
15:48:13.635 [FXGL Background Thread 3 ] DEBUG Engine               - width: 2400
15:48:13.635 [FXGL Background Thread 3 ] DEBUG Engine               - Logging services
15:48:13.635 [FXGL Background Thread 3 ] DEBUG Engine               - class com.almasb.fxgl.app.services.FXGLAssetLoaderService
15:48:13.636 [FXGL Background Thread 3 ] DEBUG Engine               - class com.almasb.fxgl.app.FXGLApplication$GameApplicationService
15:48:13.636 [FXGL Background Thread 3 ] DEBUG Engine               - class com.almasb.fxgl.app.services.FXGLDialogService
15:48:13.636 [FXGL Background Thread 3 ] DEBUG Engine               - class com.almasb.fxgl.app.services.IOTaskExecutorService
15:48:13.636 [FXGL Background Thread 3 ] DEBUG Engine               - class com.almasb.fxgl.io.FileSystemService
15:48:13.636 [FXGL Background Thread 3 ] DEBUG Engine               - class com.almasb.fxgl.localization.LocalizationService
15:48:13.636 [FXGL Background Thread 3 ] DEBUG Engine               - class com.almasb.fxgl.app.services.SystemBundleService
15:48:13.636 [FXGL Background Thread 3 ] DEBUG Engine               - class com.almasb.fxgl.profile.SaveLoadService
15:48:13.636 [FXGL Background Thread 3 ] DEBUG Engine               - class com.almasb.fxgl.ui.FXGLUIFactoryServiceProvider
15:48:13.636 [FXGL Background Thread 3 ] DEBUG Engine               - class com.almasb.fxgl.ui.FXGLDialogFactoryServiceProvider
15:48:13.636 [FXGL Background Thread 3 ] DEBUG Engine               - class com.almasb.fxgl.audio.AudioPlayer
15:48:13.636 [FXGL Background Thread 3 ] DEBUG Engine               - class com.almasb.fxgl.notification.impl.NotificationServiceProvider
15:48:13.636 [FXGL Background Thread 3 ] DEBUG Engine               - class com.almasb.fxgl.achievement.AchievementService
15:48:13.636 [FXGL Background Thread 3 ] DEBUG Engine               - class com.almasb.fxgl.cutscene.CutsceneService
15:48:13.636 [FXGL Background Thread 3 ] DEBUG Engine               - class com.almasb.fxgl.minigames.MiniGameService
15:48:13.636 [FXGL Background Thread 3 ] DEBUG Engine               - class com.almasb.fxgl.net.NetService
15:48:13.636 [FXGL Background Thread 3 ] DEBUG Engine               - class com.almasb.fxgl.app.services.UpdaterService
15:48:13.636 [FXGL Background Thread 3 ] DEBUG Engine               - class com.almasb.fxgl.dev.DevService
15:48:19.259 [JavaFX Application Thread] DEBUG FXGLApplication      - Exiting FXGL
15:48:19.259 [JavaFX Application Thread] DEBUG LoopRunner           - Stopping loop
15:48:19.260 [JavaFX Application Thread] DEBUG SystemBundleService  - Saving FXGL system data
15:48:19.261 [JavaFX Application Thread] DEBUG FileSystemAccess     - Writing to: /home/max/Dokumente/referendariat/SJ2022_2023/informatik/tgi_12/projekte/spaceInvaders/system/fxgl.bundle
15:48:19.262 [JavaFX Application Thread] DEBUG Async                - Shutting down background threads
15:48:19.262 [JavaFX Application Thread] DEBUG PrimaryStageWindow   - Closing main window
15:48:19.267 [JavaFX Application Thread] DEBUG Logger               - Closing Logger
